Archive member included because of file (symbol)

c:/program files (x86)/microchip/xc32/v1.40/bin/bin/../../lib/gcc/pic32mx/4.8.3/../../../../pic32mx/lib\libmchp_peripheral_32MX695F512L.a(spi_getc_spi1_lib_legacy.o)
                              build/pic32mx695f_wireless_eval_board_miwi/production/_ext/1562165165/MSPI.o (getcSPI1)
c:/program files (x86)/microchip/xc32/v1.40/bin/bin/../../lib/gcc/pic32mx/4.8.3/../../../../pic32mx/lib\libmchp_peripheral_32MX695F512L.a(spi_getc_spi2_lib_legacy.o)
                              build/pic32mx695f_wireless_eval_board_miwi/production/_ext/1562165165/MSPI.o (getcSPI2)
c:/program files (x86)/microchip/xc32/v1.40/bin/bin/../../lib/gcc/pic32mx/4.8.3\libgcc.a(_udivdi3.o)
                              build/pic32mx695f_wireless_eval_board_miwi/production/_ext/2110151058/sys_tmr.o (__udivdi3)
c:/program files (x86)/microchip/xc32/v1.40/bin/bin/../../lib/gcc/pic32mx/4.8.3/../../../../pic32mx/lib\libpic32.a(memcmp.o)
                              build/pic32mx695f_wireless_eval_board_miwi/production/_ext/1360937237/custom_http_app.o (memcmp)
c:/program files (x86)/microchip/xc32/v1.40/bin/bin/../../lib/gcc/pic32mx/4.8.3/../../../../pic32mx/lib\libpic32.a(memcpy.o)
                              build/pic32mx695f_wireless_eval_board_miwi/production/_ext/2046866571/deflate.o (memcpy)
c:/program files (x86)/microchip/xc32/v1.40/bin/bin/../../lib/gcc/pic32mx/4.8.3/../../../../pic32mx/lib\libpic32.a(memset.o)
                              build/pic32mx695f_wireless_eval_board_miwi/production/_ext/2046866571/deflate.o (memset)
c:/program files (x86)/microchip/xc32/v1.40/bin/bin/../../lib/gcc/pic32mx/4.8.3/../../../../pic32mx/lib\libpic32.a(strcmp.o)
                              build/pic32mx695f_wireless_eval_board_miwi/production/_ext/1360937237/custom_http_app.o (strcmp)
c:/program files (x86)/microchip/xc32/v1.40/bin/bin/../../lib/gcc/pic32mx/4.8.3/../../../../pic32mx/lib\libpic32.a(strcpy.o)
                              build/pic32mx695f_wireless_eval_board_miwi/production/_ext/1891376032/sys_command.o (strcpy)
c:/program files (x86)/microchip/xc32/v1.40/bin/bin/../../lib/gcc/pic32mx/4.8.3/../../../../pic32mx/lib\libpic32.a(strlen.o)
                              build/pic32mx695f_wireless_eval_board_miwi/production/_ext/1023149444/drv_wifi_commands.o (strlen)
c:/program files (x86)/microchip/xc32/v1.40/bin/bin/../../lib/gcc/pic32mx/4.8.3/../../../../pic32mx/lib\libpic32.a(default-bootstrap-exception-handler.o)
                              c:/program files (x86)/microchip/xc32/v1.40/bin/bin/../../lib/gcc/pic32mx/4.8.3/../../../../pic32mx/lib/./proc/32MX695F512L/crt0_mips32r2.o (_bootstrap_exception_handler)
c:/program files (x86)/microchip/xc32/v1.40/bin/bin/../../lib/gcc/pic32mx/4.8.3/../../../../pic32mx/lib\libpic32.a(default-on-reset.o)
                              c:/program files (x86)/microchip/xc32/v1.40/bin/bin/../../lib/gcc/pic32mx/4.8.3/../../../../pic32mx/lib/./proc/32MX695F512L/crt0_mips32r2.o (_on_reset)
c:/program files (x86)/microchip/xc32/v1.40/bin/bin/../../lib/gcc/pic32mx/4.8.3/../../../../pic32mx/lib\libpic32.a(default-on-bootstrap.o)
                              c:/program files (x86)/microchip/xc32/v1.40/bin/bin/../../lib/gcc/pic32mx/4.8.3/../../../../pic32mx/lib/./proc/32MX695F512L/crt0_mips32r2.o (_on_bootstrap)
c:/program files (x86)/microchip/xc32/v1.40/bin/bin/../../lib/gcc/pic32mx/4.8.3/../../../../pic32mx/lib\libpic32.a(default-nmi-handler.o)
                              c:/program files (x86)/microchip/xc32/v1.40/bin/bin/../../lib/gcc/pic32mx/4.8.3/../../../../pic32mx/lib/./proc/32MX695F512L/crt0_mips32r2.o (_nmi_handler)
c:/program files (x86)/microchip/xc32/v1.40/bin/bin/../../lib/gcc/pic32mx/4.8.3/../../../../pic32mx/lib\libpic32.a(general-exception.o)
                              c:/program files (x86)/microchip/xc32/v1.40/bin/bin/../../lib/gcc/pic32mx/4.8.3/../../../../pic32mx/lib/./proc/32MX695F512L/crt0_mips32r2.o (_general_exception_context)
c:/program files (x86)/microchip/xc32/v1.40/bin/bin/../../lib/gcc/pic32mx/4.8.3/../../../../pic32mx/lib\libpic32.a(vector0.o)
                              c:/program files (x86)/microchip/xc32/v1.40/bin/bin/../../lib/gcc/pic32mx/4.8.3/../../../../pic32mx/lib/./proc/32MX695F512L\default_isr_vectors.o (__vector_dispatch_0)
c:/program files (x86)/microchip/xc32/v1.40/bin/bin/../../lib/gcc/pic32mx/4.8.3/../../../../pic32mx/lib\libpic32.a(vector1.o)
                              c:/program files (x86)/microchip/xc32/v1.40/bin/bin/../../lib/gcc/pic32mx/4.8.3/../../../../pic32mx/lib/./proc/32MX695F512L\default_isr_vectors.o (__vector_dispatch_1)
c:/program files (x86)/microchip/xc32/v1.40/bin/bin/../../lib/gcc/pic32mx/4.8.3/../../../../pic32mx/lib\libpic32.a(vector2.o)
                              c:/program files (x86)/microchip/xc32/v1.40/bin/bin/../../lib/gcc/pic32mx/4.8.3/../../../../pic32mx/lib/./proc/32MX695F512L\default_isr_vectors.o (__vector_dispatch_2)
[...]
Memory Configuration

Name             Origin             Length             Attributes
kseg0_program_mem 0x9d000000         0x00080000         xr
kseg0_boot_mem   0x9fc00490         0x00000970
exception_mem    0x9fc01000         0x00001000
kseg1_boot_mem   0xbfc00000         0x00000490
debug_exec_mem   0xbfc02000         0x00000ff0
config3          0xbfc02ff0         0x00000004
config2          0xbfc02ff4         0x00000004
config1          0xbfc02ff8         0x00000004
config0          0xbfc02ffc         0x00000004
kseg1_data_mem   0xa0000000         0x00020000         w !x
sfrs             0xbf800000         0x00100000
configsfrs       0xbfc02ff0         0x00000010
*default*        0x00000000         0xffffffff

Linker script and memory map

LOAD c:/program files (x86)/microchip/xc32/v1.40/bin/bin/../../lib/gcc/pic32mx/4.8.3/../../../../pic32mx/lib/./proc/32MX695F512L/crt0_mips32r2.o
LOAD c:/program files (x86)/microchip/xc32/v1.40/bin/bin/../../lib/gcc/pic32mx/4.8.3/../../../../pic32mx/lib\debug-exception-return.o
LOAD build/pic32mx695f_wireless_eval_board_miwi/production/_ext/1360937237/bsp_delay.o
LOAD build/pic32mx695f_wireless_eval_board_miwi/production/_ext/574133884/spi_map_tbl_libp.o
LOAD build/pic32mx695f_wireless_eval_board_miwi/production/_ext/574133884/spi_chn_getc_lib.o
LOAD build/pic32mx695f_wireless_eval_board_miwi/production/_ext/574133884/spi_chn_putc_lib.o
LOAD build/pic32mx695f_wireless_eval_board_miwi/production/_ext/2108517555/MRF24J40.o
LOAD build/pic32mx695f_wireless_eval_board_miwi/production/_ext/1978374589/MiWiPRO.o
LOAD build/pic32mx695f_wireless_eval_board_miwi/production/_ext/1562165165/NVM.o
LOAD build/pic32mx695f_wireless_eval_board_miwi/production/_ext/1562165165/SymbolTime.o
LOAD build/pic32mx695f_wireless_eval_board_miwi/production/_ext/1562165165/Console.o
LOAD build/pic32mx695f_wireless_eval_board_miwi/production/_ext/1562165165/MSPI.o
LOAD build/pic32mx695f_wireless_eval_board_miwi/production/_ext/579833599/LCD_ST7032.o
LOAD build/pic32mx695f_wireless_eval_board_miwi/production/_ext/579833599/UART.o
LOAD build/pic32mx695f_wireless_eval_board_miwi/production/_ext/579833599/SPIEEPROM.o
LOAD build/pic32mx695f_wireless_eval_board_miwi/production/_ext/579833599/SPIFlash.o
LOAD build/pic32mx695f_wireless_eval_board_miwi/production/_ext/1360937237/main.o
LOAD build/pic32mx695f_wireless_eval_board_miwi/production/_ext/1360937237/app.o
LOAD build/pic32mx695f_wireless_eval_board_miwi/production/_ext/1360937237/http_print.o
LOAD build/pic32mx695f_wireless_eval_board_miwi/production/_ext/1360937237/custom_http_app.o
LOAD build/pic32mx695f_wireless_eval_board_miwi/production/_ext/1360937237/mpfs_img2.o
LOAD build/pic32mx695f_wireless_eval_board_miwi/production/_ext/1360937237/app_wifi.o
LOAD build/pic32mx695f_wireless_eval_board_miwi/production/_ext/1360937237/app_miwi.o
LOAD build/pic32mx695f_wireless_eval_board_miwi/production/_ext/2046866571/adler32.o
LOAD build/pic32mx695f_wireless_eval_board_miwi/production/_ext/2046866571/compress.o
LOAD build/pic32mx695f_wireless_eval_board_miwi/production/_ext/2046866571/crc32.o
LOAD build/pic32mx695f_wireless_eval_board_miwi/production/_ext/2046866571/deflate.o
LOAD build/pic32mx695f_wireless_eval_board_miwi/production/_ext/2046866571/infback.o
LOAD build/pic32mx695f_wireless_eval_board_miwi/production/_ext/2046866571/inffast.o
LOAD build/pic32mx695f_wireless_eval_board_miwi/production/_ext/2046866571/inflate.o
LOAD build/pic32mx695f_wireless_eval_board_miwi/production/_ext/2046866571/inftrees.o
LOAD build/pic32mx695f_wireless_eval_board_miwi/production/_ext/2046866571/trees.o
LOAD build/pic32mx695f_wireless_eval_board_miwi/production/_ext/2046866571/uncompr.o
LOAD build/pic32mx695f_wireless_eval_board_miwi/production/_ext/2046866571/zutil.o
LOAD build/pic32mx695f_wireless_eval_board_miwi/production/_ext/29024758/ecc.o
LOAD build/pic32mx695f_wireless_eval_board_miwi/production/_ext/29024758/arc4.o
LOAD build/pic32mx695f_wireless_eval_board_miwi/production/_ext/29024758/pwdbased.o
LOAD build/pic32mx695f_wireless_eval_board_miwi/production/_ext/29024758/tfm.o
LOAD build/pic32mx695f_wireless_eval_board_miwi/production/_ext/29024758/asn.o
LOAD build/pic32mx695f_wireless_eval_board_miwi/production/_ext/29024758/des3.o
LOAD build/pic32mx695f_wireless_eval_board_miwi/production/_ext/29024758/rsa.o
LOAD build/pic32mx695f_wireless_eval_board_miwi/production/_ext/29024758/aes.o
LOAD build/pic32mx695f_wireless_eval_board_miwi/production/_ext/29024758/md5.o
LOAD build/pic32mx695f_wireless_eval_board_miwi/production/_ext/29024758/sha.o
LOAD build/pic32mx695f_wireless_eval_board_miwi/production/_ext/29024758/sha256.o
LOAD build/pic32mx695f_wireless_eval_board_miwi/production/_ext/29024758/sha512.o
LOAD build/pic32mx695f_wireless_eval_board_miwi/production/_ext/29024758/hmac.o
LOAD build/pic32mx695f_wireless_eval_board_miwi/production/_ext/29024758/hash.o
LOAD build/pic32mx695f_wireless_eval_board_miwi/production/_ext/29024758/compress.o
LOAD build/pic32mx695f_wireless_eval_board_miwi/production/_ext/29024758/random.o
LOAD build/pic32mx695f_wireless_eval_board_miwi/production/_ext/29024758/crypto.o
LOAD build/pic32mx695f_wireless_eval_board_miwi/production/_ext/29024758/asm.o
LOAD build/pic32mx695f_wireless_eval_board_miwi/production/_ext/29024758/coding.o
LOAD build/pic32mx695f_wireless_eval_board_miwi/production/_ext/29024758/error.o
LOAD build/pic32mx695f_wireless_eval_board_miwi/production/_ext/29024758/integer.o
LOAD build/pic32mx695f_wireless_eval_board_miwi/production/_ext/29024758/logging.o
LOAD build/pic32mx695f_wireless_eval_board_miwi/production/_ext/29024758/memory.o
LOAD build/pic32mx695f_wireless_eval_board_miwi/production/_ext/29024758/misc.o
LOAD build/pic32mx695f_wireless_eval_board_miwi/production/_ext/29024758/port.o
LOAD build/pic32mx695f_wireless_eval_board_miwi/production/_ext/184581597/drv_nvm.o
LOAD build/pic32mx695f_wireless_eval_board_miwi/production/_ext/184581597/drv_nvm_erasewrite.o
LOAD build/pic32mx695f_wireless_eval_board_miwi/production/_ext/1324760662/drv_spi.o
LOAD build/pic32mx695f_wireless_eval_board_miwi/production/_ext/1385053818/drv_spi_sys_queue_fifo.o
LOAD build/pic32mx695f_wireless_eval_board_miwi/production/_ext/941160041/drv_tmr.o
LOAD build/pic32mx695f_wireless_eval_board_miwi/production/_ext/821589181/drv_usart.o
LOAD build/pic32mx695f_wireless_eval_board_miwi/production/_ext/821589181/drv_usart_buffer_queue.o
LOAD build/pic32mx695f_wireless_eval_board_miwi/production/_ext/821589181/drv_usart_read_write.o
LOAD build/pic32mx695f_wireless_eval_board_miwi/production/_ext/1023149444/drv_wifi_com.o
LOAD build/pic32mx695f_wireless_eval_board_miwi/production/_ext/1023149444/drv_wifi_commands.o
LOAD build/pic32mx695f_wireless_eval_board_miwi/production/_ext/1023149444/drv_wifi_config_data.o
LOAD build/pic32mx695f_wireless_eval_board_miwi/production/_ext/1023149444/drv_wifi_connection_algorithm.o
LOAD build/pic32mx695f_wireless_eval_board_miwi/production/_ext/1023149444/drv_wifi_connection_manager.o
LOAD build/pic32mx695f_wireless_eval_board_miwi/production/_ext/1023149444/drv_wifi_connection_profile.o
LOAD build/pic32mx695f_wireless_eval_board_miwi/production/_ext/1023149444/drv_wifi_context_loader.o
LOAD build/pic32mx695f_wireless_eval_board_miwi/production/_ext/1023149444/drv_wifi_debug_output.o
LOAD build/pic32mx695f_wireless_eval_board_miwi/production/_ext/1023149444/drv_wifi_eint.o
LOAD build/pic32mx695f_wireless_eval_board_miwi/production/_ext/1023149444/drv_wifi_events.o
LOAD build/pic32mx695f_wireless_eval_board_miwi/production/_ext/1023149444/drv_wifi_event_handler.o
LOAD build/pic32mx695f_wireless_eval_board_miwi/production/_ext/1023149444/drv_wifi_init.o
LOAD build/pic32mx695f_wireless_eval_board_miwi/production/_ext/1023149444/drv_wifi_iwpriv.o
LOAD build/pic32mx695f_wireless_eval_board_miwi/production/_ext/1023149444/drv_wifi_mac.o
LOAD build/pic32mx695f_wireless_eval_board_miwi/production/_ext/1023149444/drv_wifi_main.o
LOAD build/pic32mx695f_wireless_eval_board_miwi/production/_ext/1023149444/drv_wifi_mgmt_msg.o
LOAD build/pic32mx695f_wireless_eval_board_miwi/production/_ext/1023149444/drv_wifi_param_msg.o
LOAD build/pic32mx695f_wireless_eval_board_miwi/production/_ext/1023149444/drv_wifi_pbkdf2.o
LOAD build/pic32mx695f_wireless_eval_board_miwi/production/_ext/1023149444/drv_wifi_power_save.o
LOAD build/pic32mx695f_wireless_eval_board_miwi/production/_ext/1023149444/drv_wifi_raw.o
LOAD build/pic32mx695f_wireless_eval_board_miwi/production/_ext/1023149444/drv_wifi_scan.o
LOAD build/pic32mx695f_wireless_eval_board_miwi/production/_ext/1023149444/drv_wifi_scan_helper.o
LOAD build/pic32mx695f_wireless_eval_board_miwi/production/_ext/1023149444/drv_wifi_softap_client_cache.o
LOAD build/pic32mx695f_wireless_eval_board_miwi/production/_ext/1023149444/drv_wifi_spi.o
LOAD build/pic32mx695f_wireless_eval_board_miwi/production/_ext/1023149444/drv_wifi_tx_power.o
LOAD build/pic32mx695f_wireless_eval_board_miwi/production/_ext/1891376032/sys_command.o
LOAD build/pic32mx695f_wireless_eval_board_miwi/production/_ext/1434663852/sys_console.o
LOAD build/pic32mx695f_wireless_eval_board_miwi/production/_ext/1434663852/sys_console_uart.o
LOAD build/pic32mx695f_wireless_eval_board_miwi/production/_ext/2137108136/sys_debug.o
LOAD build/pic32mx695f_wireless_eval_board_miwi/production/_ext/482662494/sys_devcon.o
LOAD build/pic32mx695f_wireless_eval_board_miwi/production/_ext/482662494/sys_devcon_pic32mx.o
LOAD build/pic32mx695f_wireless_eval_board_miwi/production/_ext/1750042194/sys_fs.o
LOAD build/pic32mx695f_wireless_eval_board_miwi/production/_ext/1750042194/sys_fs_media_manager.o
LOAD build/pic32mx695f_wireless_eval_board_miwi/production/_ext/614935175/mpfs.o
LOAD build/pic32mx695f_wireless_eval_board_miwi/production/_ext/1042686532/sys_int_pic32.o
LOAD build/pic32mx695f_wireless_eval_board_miwi/production/_ext/470001640/sys_random.o
LOAD build/pic32mx695f_wireless_eval_board_miwi/production/_ext/64182180/sys_reset.o
LOAD build/pic32mx695f_wireless_eval_board_miwi/production/_ext/2110151058/sys_tmr.o
LOAD build/pic32mx695f_wireless_eval_board_miwi/production/_ext/1886247299/sys_fs_wrapper.o
LOAD build/pic32mx695f_wireless_eval_board_miwi/production/_ext/1886247299/helpers.o
LOAD build/pic32mx695f_wireless_eval_board_miwi/production/_ext/1164207549/tcp.o
LOAD build/pic32mx695f_wireless_eval_board_miwi/production/_ext/1164207549/udp.o
LOAD build/pic32mx695f_wireless_eval_board_miwi/production/_ext/1164207549/tcpip_heap_alloc.o
LOAD build/pic32mx695f_wireless_eval_board_miwi/production/_ext/1164207549/tcpip_heap_internal.o
LOAD build/pic32mx695f_wireless_eval_board_miwi/production/_ext/1164207549/arp.o
LOAD build/pic32mx695f_wireless_eval_board_miwi/production/_ext/1164207549/dhcp.o
LOAD build/pic32mx695f_wireless_eval_board_miwi/production/_ext/1164207549/http.o
LOAD build/pic32mx695f_wireless_eval_board_miwi/production/_ext/1164207549/icmp.o
LOAD build/pic32mx695f_wireless_eval_board_miwi/production/_ext/1164207549/nbns.o
LOAD build/pic32mx695f_wireless_eval_board_miwi/production/_ext/1164207549/zero_conf_helper.o
LOAD build/pic32mx695f_wireless_eval_board_miwi/production/_ext/1164207549/zero_conf_link_local.o
LOAD build/pic32mx695f_wireless_eval_board_miwi/production/_ext/1164207549/zero_conf_multicast_dns.o
LOAD build/pic32mx695f_wireless_eval_board_miwi/production/_ext/1164207549/tcpip_commands.o
LOAD build/pic32mx695f_wireless_eval_board_miwi/production/_ext/1164207549/hash_fnv.o
LOAD build/pic32mx695f_wireless_eval_board_miwi/production/_ext/1164207549/oahash.o
LOAD build/pic32mx695f_wireless_eval_board_miwi/production/_ext/1164207549/tcpip_helpers.o
LOAD build/pic32mx695f_wireless_eval_board_miwi/production/_ext/1164207549/tcpip_helper_c32.o
LOAD build/pic32mx695f_wireless_eval_board_miwi/production/_ext/1164207549/tcpip_manager.o
LOAD build/pic32mx695f_wireless_eval_board_miwi/production/_ext/1164207549/tcpip_notify.o
LOAD build/pic32mx695f_wireless_eval_board_miwi/production/_ext/1164207549/tcpip_packet.o
LOAD build/pic32mx695f_wireless_eval_board_miwi/production/_ext/1164207549/ipv4.o
LOAD build/pic32mx695f_wireless_eval_board_miwi/production/_ext/1164207549/dns.o
LOAD build/pic32mx695f_wireless_eval_board_miwi/production/_ext/1164207549/tcpip_reboot.o
LOAD build/pic32mx695f_wireless_eval_board_miwi/production/_ext/1164207549/tcpip_announce.o
LOAD build/pic32mx695f_wireless_eval_board_miwi/production/_ext/1195191710/drv_spi_tasks.o
LOAD build/pic32mx695f_wireless_eval_board_miwi/production/_ext/1195191710/drv_spi_api.o
LOAD build/pic32mx695f_wireless_eval_board_miwi/production/_ext/1195191710/drv_spi_master_ebm_tasks.o
LOAD build/pic32mx695f_wireless_eval_board_miwi/production/_ext/1281822272/sys_clk_static.o
LOAD build/pic32mx695f_wireless_eval_board_miwi/production/_ext/1977974512/sys_ports_static.o
LOAD build/pic32mx695f_wireless_eval_board_miwi/production/_ext/103363783/bsp.o
LOAD build/pic32mx695f_wireless_eval_board_miwi/production/_ext/1516272791/system_init.o
LOAD build/pic32mx695f_wireless_eval_board_miwi/production/_ext/1516272791/system_interrupt.o
LOAD build/pic32mx695f_wireless_eval_board_miwi/production/_ext/1516272791/system_exceptions.o
LOAD build/pic32mx695f_wireless_eval_board_miwi/production/_ext/1516272791/system_tasks.o
LOAD ..\..\..\..\..\bin\framework\peripheral\PIC32MX695F512L_peripherals.a
                0x00000001                __MPLAB_BUILD = 0x1
                0x0000d000                _min_heap_size = 0xd000
                0x00000800                _min_stack_size = 0x800
LOAD c:/program files (x86)/microchip/xc32/v1.40/bin/bin/../../lib/gcc/pic32mx/4.8.3/../../../../pic32mx/lib/./proc/32MX695F512L\default_isr_vectors.o
LOAD c:/program files (x86)/microchip/xc32/v1.40/bin/bin/../../lib/gcc/pic32mx/4.8.3/../../../../pic32mx/lib\pic32_software_reset.o
                0x00000400                PROVIDE (_min_stack_size, 0x400)
LOAD c:/program files (x86)/microchip/xc32/v1.40/bin/bin/../../lib/gcc/pic32mx/4.8.3/../../../../pic32mx/lib/./proc/32MX695F512L\processor.o
START GROUP
LOAD c:/program files (x86)/microchip/xc32/v1.40/bin/bin/../../lib/gcc/pic32mx/4.8.3/../../../../pic32mx/lib\libmchp_peripheral.a
END GROUP
START GROUP
LOAD c:/program files (x86)/microchip/xc32/v1.40/bin/bin/../../lib/gcc/pic32mx/4.8.3/../../../../pic32mx/lib\libmchp_peripheral_32MX695F512L.a
END GROUP
                0x00000001                PROVIDE (_vector_spacing, 0x1)
                0x9fc01000                _ebase_address = 0x9fc01000
                0xbfc00000                _RESET_ADDR = 0xbfc00000
                0xbfc00380                _BEV_EXCPT_ADDR = 0xbfc00380
                0xbfc00480                _DBG_EXCPT_ADDR = 0xbfc00480
                0xbfc02000                _DBG_CODE_ADDR = 0xbfc02000
                0x00000ff0                _DBG_CODE_SIZE = 0xff0
                0x9fc01180                _GEN_EXCPT_ADDR = (_ebase_address + 0x180)

.config_BFC02FF0
                0xbfc02ff0        0x4
 *(.config_BFC02FF0)
 .config_BFC02FF0
                0xbfc02ff0        0x4 build/pic32mx695f_wireless_eval_board_miwi/production/_ext/1516272791/system_init.o

.config_BFC02FF4
                0xbfc02ff4        0x4
 *(.config_BFC02FF4)
 .config_BFC02FF4
                0xbfc02ff4        0x4 build/pic32mx695f_wireless_eval_board_miwi/production/_ext/1516272791/system_init.o

.config_BFC02FF8
                0xbfc02ff8        0x4
 *(.config_BFC02FF8)
 .config_BFC02FF8
                0xbfc02ff8        0x4 build/pic32mx695f_wireless_eval_board_miwi/production/_ext/1516272791/system_init.o

.config_BFC02FFC
                0xbfc02ffc        0x4
 *(.config_BFC02FFC)
 .config_BFC02FFC
                0xbfc02ffc        0x4 build/pic32mx695f_wireless_eval_board_miwi/production/_ext/1516272791/system_init.o
                0xbfc02000                PROVIDE (_DBG_CODE_ADDR, 0xbfc02000)
                0x00000ff0                PROVIDE (_DBG_CODE_SIZE, 0xff0)

.reset          0xbfc00000      0x1f4
 *(.reset)
 .reset         0xbfc00000        0x8 c:/program files (x86)/microchip/xc32/v1.40/bin/bin/../../lib/gcc/pic32mx/4.8.3/../../../../pic32mx/lib/./proc/32MX695F512L/crt0_mips32r2.o
                0xbfc00000                _reset
 *(.reset.startup)
 .reset.startup
                0xbfc00008      0x1ec c:/program files (x86)/microchip/xc32/v1.40/bin/bin/../../lib/gcc/pic32mx/4.8.3/../../../../pic32mx/lib/./proc/32MX695F512L/crt0_mips32r2.o

.bev_excpt      0xbfc00380       0x10
 *(.bev_handler)
 .bev_handler   0xbfc00380       0x10 c:/program files (x86)/microchip/xc32/v1.40/bin/bin/../../lib/gcc/pic32mx/4.8.3/../../../../pic32mx/lib/./proc/32MX695F512L/crt0_mips32r2.o

.dbg_excpt      0xbfc00480        0x0
                0xbfc00480                . = (. + DEFINED (_DEBUGGER)?0x8:0x0)

.dbg_code       0xbfc02000        0x0
                0xbfc02000                . = (. + DEFINED (_DEBUGGER)?_DBG_CODE_SIZE:0x0)

.app_excpt      0x9fc01180       0x10
 *(.gen_handler)
 .gen_handler   0x9fc01180       0x10 c:/program files (x86)/microchip/xc32/v1.40/bin/bin/../../lib/gcc/pic32mx/4.8.3/../../../../pic32mx/lib/./proc/32MX695F512L/crt0_mips32r2.o

.vector_0       0x9fc01200        0x8
 *(.vector_0)
 .vector_0      0x9fc01200        0x8 c:/program files (x86)/microchip/xc32/v1.40/bin/bin/../../lib/gcc/pic32mx/4.8.3/../../../../pic32mx/lib\libpic32.a(vector0.o)
                0x9fc01200                __vector_dispatch_0
                0x00000001                ASSERT (((_vector_spacing == 0x0) || (SIZEOF (.vector_0) <= (_vector_spacing << 0x5))), function at exception vector 0 too large)

.vector_1       0x9fc01220        0x8
 *(.vector_1)
 .vector_1      0x9fc01220        0x8 c:/program files (x86)/microchip/xc32/v1.40/bin/bin/../../lib/gcc/pic32mx/4.8.3/../../../../pic32mx/lib\libpic32.a(vector1.o)
                0x9fc01220                __vector_dispatch_1
                0x00000001                ASSERT (((_vector_spacing == 0x0) || (SIZEOF (.vector_1) <= (_vector_spacing << 0x5))), function at exception vector 1 too large)

.vector_2       0x9fc01240        0x8
 *(.vector_2)
 .vector_2      0x9fc01240        0x8 c:/program files (x86)/microchip/xc32/v1.40/bin/bin/../../lib/gcc/pic32mx/4.8.3/../../../../pic32mx/lib\libpic32.a(vector2.o)
                0x9fc01240                __vector_dispatch_2
                0x00000001                ASSERT (((_vector_spacing == 0x0) || (SIZEOF (.vector_2) <= (_vector_spacing << 0x5))), function at exception vector 2 too large)

.vector_3       0x9fc01260        0x8
 *(.vector_3)
 .vector_3      0x9fc01260        0x8 c:/program files (x86)/microchip/xc32/v1.40/bin/bin/../../lib/gcc/pic32mx/4.8.3/../../../../pic32mx/lib\libpic32.a(vector3.o)
                0x9fc01260                __vector_dispatch_3
                0x00000001                ASSERT (((_vector_spacing == 0x0) || (SIZEOF (.vector_3) <= (_vector_spacing << 0x5))), function at exception vector 3 too large)

.vector_4       0x9fc01280        0x8
 *(.vector_4)
 .vector_4      0x9fc01280        0x8 build/pic32mx695f_wireless_eval_board_miwi/production/_ext/1516272791/system_interrupt.o
                0x9fc01280                __vector_dispatch_4
                0x00000001                ASSERT (((_vector_spacing == 0x0) || (SIZEOF (.vector_4) <= (_vector_spacing << 0x5))), function at exception vector 4 too large)

.vector_5       0x9fc012a0        0x8
 *(.vector_5)
 .vector_5      0x9fc012a0        0x8 c:/program files (x86)/microchip/xc32/v1.40/bin/bin/../../lib/gcc/pic32mx/4.8.3/../../../../pic32mx/lib\libpic32.a(vector5.o)
                0x9fc012a0                __vector_dispatch_5
                0x00000001                ASSERT (((_vector_spacing == 0x0) || (SIZEOF (.vector_5) <= (_vector_spacing << 0x5))), function at exception vector 5 too large)

.vector_6       0x9fc012c0        0x8
 *(.vector_6)
 .vector_6      0x9fc012c0        0x8 c:/program files (x86)/microchip/xc32/v1.40/bin/bin/../../lib/gcc/pic32mx/4.8.3/../../../../pic32mx/lib\libpic32.a(vector6.o)
                0x9fc012c0                __vector_dispatch_6
                0x00000001                ASSERT (((_vector_spacing == 0x0) || (SIZEOF (.vector_6) <= (_vector_spacing << 0x5))), function at exception vector 6 too large)

.vector_7       0x9fc012e0        0x8
 *(.vector_7)
 .vector_7      0x9fc012e0        0x8 build/pic32mx695f_wireless_eval_board_miwi/production/_ext/1516272791/system_interrupt.o
                0x9fc012e0                __vector_dispatch_7
                0x00000001                ASSERT (((_vector_spacing == 0x0) || (SIZEOF (.vector_7) <= (_vector_spacing << 0x5))), function at exception vector 7 too large)

.vector_8       0x9fc01300        0x8
 *(.vector_8)
 .vector_8      0x9fc01300        0x8 c:/program files (x86)/microchip/xc32/v1.40/bin/bin/../../lib/gcc/pic32mx/4.8.3/../../../../pic32mx/lib\libpic32.a(vector8.o)
                0x9fc01300                __vector_dispatch_8
                0x00000001                ASSERT (((_vector_spacing == 0x0) || (SIZEOF (.vector_8) <= (_vector_spacing << 0x5))), function at exception vector 8 too large)

.vector_9       0x9fc01320        0x8
 *(.vector_9)
 .vector_9      0x9fc01320        0x8 c:/program files (x86)/microchip/xc32/v1.40/bin/bin/../../lib/gcc/pic32mx/4.8.3/../../../../pic32mx/lib\libpic32.a(vector9.o)
                0x9fc01320                __vector_dispatch_9
                0x00000001                ASSERT (((_vector_spacing == 0x0) || (SIZEOF (.vector_9) <= (_vector_spacing << 0x5))), function at exception vector 9 too large)

.vector_10      0x9fc01340        0x8
 *(.vector_10)
 .vector_10     0x9fc01340        0x8 c:/program files (x86)/microchip/xc32/v1.40/bin/bin/../../lib/gcc/pic32mx/4.8.3/../../../../pic32mx/lib\libpic32.a(vector10.o)
                0x9fc01340                __vector_dispatch_10
                0x00000001                ASSERT (((_vector_spacing == 0x0) || (SIZEOF (.vector_10) <= (_vector_spacing << 0x5))), function at exception vector 10 too large)

.vector_11      0x9fc01360        0x8
 *(.vector_11)
 .vector_11     0x9fc01360        0x8 build/pic32mx695f_wireless_eval_board_miwi/production/_ext/2108517555/MRF24J40.o
                0x9fc01360                __vector_dispatch_11
                0x00000001                ASSERT (((_vector_spacing == 0x0) || (SIZEOF (.vector_11) <= (_vector_spacing << 0x5))), function at exception vector 11 too large)

.vector_12      0x9fc01380        0x8
 *(.vector_12)
 .vector_12     0x9fc01380        0x8 c:/program files (x86)/microchip/xc32/v1.40/bin/bin/../../lib/gcc/pic32mx/4.8.3/../../../../pic32mx/lib\libpic32.a(vector12.o)
                0x9fc01380                __vector_dispatch_12
                0x00000001                ASSERT (((_vector_spacing == 0x0) || (SIZEOF (.vector_12) <= (_vector_spacing << 0x5))), function at exception vector 12 too large)

.vector_13      0x9fc013a0        0x8
 *(.vector_13)
 .vector_13     0x9fc013a0        0x8 c:/program files (x86)/microchip/xc32/v1.40/bin/bin/../../lib/gcc/pic32mx/4.8.3/../../../../pic32mx/lib\libpic32.a(vector13.o)
                0x9fc013a0                __vector_dispatch_13
                0x00000001                ASSERT (((_vector_spacing == 0x0) || (SIZEOF (.vector_13) <= (_vector_spacing << 0x5))), function at exception vector 13 too large)

.vector_14      0x9fc013c0        0x8
 *(.vector_14)
 .vector_14     0x9fc013c0        0x8 c:/program files (x86)/microchip/xc32/v1.40/bin/bin/../../lib/gcc/pic32mx/4.8.3/../../../../pic32mx/lib\libpic32.a(vector14.o)
                0x9fc013c0                __vector_dispatch_14
                0x00000001                ASSERT (((_vector_spacing == 0x0) || (SIZEOF (.vector_14) <= (_vector_spacing << 0x5))), function at exception vector 14 too large)

.vector_15      0x9fc013e0        0x8
 *(.vector_15)
 .vector_15     0x9fc013e0        0x8 c:/program files (x86)/microchip/xc32/v1.40/bin/bin/../../lib/gcc/pic32mx/4.8.3/../../../../pic32mx/lib\libpic32.a(vector15.o)
                0x9fc013e0                __vector_dispatch_15
                0x00000001                ASSERT (((_vector_spacing == 0x0) || (SIZEOF (.vector_15) <= (_vector_spacing << 0x5))), function at exception vector 15 too large)

.vector_16      0x9fc01400        0x8
 *(.vector_16)
 .vector_16     0x9fc01400        0x8 c:/program files (x86)/microchip/xc32/v1.40/bin/bin/../../lib/gcc/pic32mx/4.8.3/../../../../pic32mx/lib\libpic32.a(vector16.o)
                0x9fc01400                __vector_dispatch_16
                0x00000001                ASSERT (((_vector_spacing == 0x0) || (SIZEOF (.vector_16) <= (_vector_spacing << 0x5))), function at exception vector 16 too large)

.vector_17      0x9fc01420        0x8
 *(.vector_17)
 .vector_17     0x9fc01420        0x8 c:/program files (x86)/microchip/xc32/v1.40/bin/bin/../../lib/gcc/pic32mx/4.8.3/../../../../pic32mx/lib\libpic32.a(vector17.o)
                0x9fc01420                __vector_dispatch_17
                0x00000001                ASSERT (((_vector_spacing == 0x0) || (SIZEOF (.vector_17) <= (_vector_spacing << 0x5))), function at exception vector 17 too large)

.vector_18      0x9fc01440        0x8
 *(.vector_18)
 .vector_18     0x9fc01440        0x8 c:/program files (x86)/microchip/xc32/v1.40/bin/bin/../../lib/gcc/pic32mx/4.8.3/../../../../pic32mx/lib\libpic32.a(vector18.o)
                0x9fc01440                __vector_dispatch_18
                0x00000001                ASSERT (((_vector_spacing == 0x0) || (SIZEOF (.vector_18) <= (_vector_spacing << 0x5))), function at exception vector 18 too large)

.vector_19      0x9fc01460        0x8
 *(.vector_19)
 .vector_19     0x9fc01460        0x8 c:/program files (x86)/microchip/xc32/v1.40/bin/bin/../../lib/gcc/pic32mx/4.8.3/../../../../pic32mx/lib\libpic32.a(vector19.o)
                0x9fc01460                __vector_dispatch_19
                0x00000001                ASSERT (((_vector_spacing == 0x0) || (SIZEOF (.vector_19) <= (_vector_spacing << 0x5))), function at exception vector 19 too large)

.vector_20      0x9fc01480        0x8
 *(.vector_20)
 .vector_20     0x9fc01480        0x8 c:/program files (x86)/microchip/xc32/v1.40/bin/bin/../../lib/gcc/pic32mx/4.8.3/../../../../pic32mx/lib\libpic32.a(vector20.o)
                0x9fc01480                __vector_dispatch_20
                0x00000001                ASSERT (((_vector_spacing == 0x0) || (SIZEOF (.vector_20) <= (_vector_spacing << 0x5))), function at exception vector 20 too large)

.vector_21      0x9fc014a0        0x8
 *(.vector_21)
 .vector_21     0x9fc014a0        0x8 c:/program files (x86)/microchip/xc32/v1.40/bin/bin/../../lib/gcc/pic32mx/4.8.3/../../../../pic32mx/lib\libpic32.a(vector21.o)
                0x9fc014a0                __vector_dispatch_21
                0x00000001                ASSERT (((_vector_spacing == 0x0) || (SIZEOF (.vector_21) <= (_vector_spacing << 0x5))), function at exception vector 21 too large)

.vector_22      0x9fc014c0        0x8
 *(.vector_22)
 .vector_22     0x9fc014c0        0x8 c:/program files (x86)/microchip/xc32/v1.40/bin/bin/../../lib/gcc/pic32mx/4.8.3/../../../../pic32mx/lib\libpic32.a(vector22.o)
                0x9fc014c0                __vector_dispatch_22
                0x00000001                ASSERT (((_vector_spacing == 0x0) || (SIZEOF (.vector_22) <= (_vector_spacing << 0x5))), function at exception vector 22 too large)

.vector_23      0x9fc014e0        0x8
 *(.vector_23)
 .vector_23     0x9fc014e0        0x8 c:/program files (x86)/microchip/xc32/v1.40/bin/bin/../../lib/gcc/pic32mx/4.8.3/../../../../pic32mx/lib\libpic32.a(vector23.o)
                0x9fc014e0                __vector_dispatch_23
                0x00000001                ASSERT (((_vector_spacing == 0x0) || (SIZEOF (.vector_23) <= (_vector_spacing << 0x5))), function at exception vector 23 too large)

.vector_24      0x9fc01500        0x8
 *(.vector_24)
 .vector_24     0x9fc01500        0x8 c:/program files (x86)/microchip/xc32/v1.40/bin/bin/../../lib/gcc/pic32mx/4.8.3/../../../../pic32mx/lib\libpic32.a(vector24.o)
                0x9fc01500                __vector_dispatch_24
                0x00000001                ASSERT (((_vector_spacing == 0x0) || (SIZEOF (.vector_24) <= (_vector_spacing << 0x5))), function at exception vector 24 too large)

.vector_25      0x9fc01520        0x8
 *(.vector_25)
 .vector_25     0x9fc01520        0x8 c:/program files (x86)/microchip/xc32/v1.40/bin/bin/../../lib/gcc/pic32mx/4.8.3/../../../../pic32mx/lib\libpic32.a(vector25.o)
                0x9fc01520                __vector_dispatch_25
                0x00000001                ASSERT (((_vector_spacing == 0x0) || (SIZEOF (.vector_25) <= (_vector_spacing << 0x5))), function at exception vector 25 too large)

.vector_26      0x9fc01540        0x8
 *(.vector_26)
 .vector_26     0x9fc01540        0x8 c:/program files (x86)/microchip/xc32/v1.40/bin/bin/../../lib/gcc/pic32mx/4.8.3/../../../../pic32mx/lib\libpic32.a(vector26.o)
                0x9fc01540                __vector_dispatch_26
                0x00000001                ASSERT (((_vector_spacing == 0x0) || (SIZEOF (.vector_26) <= (_vector_spacing << 0x5))), function at exception vector 26 too large)

.vector_27      0x9fc01560        0x8
 *(.vector_27)
 .vector_27     0x9fc01560        0x8 c:/program files (x86)/microchip/xc32/v1.40/bin/bin/../../lib/gcc/pic32mx/4.8.3/../../../../pic32mx/lib\libpic32.a(vector27.o)
                0x9fc01560                __vector_dispatch_27
                0x00000001                ASSERT (((_vector_spacing == 0x0) || (SIZEOF (.vector_27) <= (_vector_spacing << 0x5))), function at exception vector 27 too large)

.vector_28      0x9fc01580        0x8
 *(.vector_28)
 .vector_28     0x9fc01580        0x8 c:/program files (x86)/microchip/xc32/v1.40/bin/bin/../../lib/gcc/pic32mx/4.8.3/../../../../pic32mx/lib\libpic32.a(vector28.o)
                0x9fc01580                __vector_dispatch_28
                0x00000001                ASSERT (((_vector_spacing == 0x0) || (SIZEOF (.vector_28) <= (_vector_spacing << 0x5))), function at exception vector 28 too large)

.vector_29      0x9fc015a0        0x8
 *(.vector_29)
 .vector_29     0x9fc015a0        0x8 c:/program files (x86)/microchip/xc32/v1.40/bin/bin/../../lib/gcc/pic32mx/4.8.3/../../../../pic32mx/lib\libpic32.a(vector29.o)
                0x9fc015a0                __vector_dispatch_29
                0x00000001                ASSERT (((_vector_spacing == 0x0) || (SIZEOF (.vector_29) <= (_vector_spacing << 0x5))), function at exception vector 29 too large)

.vector_30      0x9fc015c0        0x8
 *(.vector_30)
 .vector_30     0x9fc015c0        0x8 c:/program files (x86)/microchip/xc32/v1.40/bin/bin/../../lib/gcc/pic32mx/4.8.3/../../../../pic32mx/lib\libpic32.a(vector30.o)
                0x9fc015c0                __vector_dispatch_30
                0x00000001                ASSERT (((_vector_spacing == 0x0) || (SIZEOF (.vector_30) <= (_vector_spacing << 0x5))), function at exception vector 30 too large)

.vector_31      0x9fc015e0        0x8
 *(.vector_31)
 .vector_31     0x9fc015e0        0x8 build/pic32mx695f_wireless_eval_board_miwi/production/_ext/1516272791/system_interrupt.o
                0x9fc015e0                __vector_dispatch_31
                0x00000001                ASSERT (((_vector_spacing == 0x0) || (SIZEOF (.vector_31) <= (_vector_spacing << 0x5))), function at exception vector 31 too large)

.vector_32      0x9fc01600        0x8
 *(.vector_32)
 .vector_32     0x9fc01600        0x8 build/pic32mx695f_wireless_eval_board_miwi/production/_ext/1516272791/system_interrupt.o
                0x9fc01600                __vector_dispatch_32
                0x00000001                ASSERT (((_vector_spacing == 0x0) || (SIZEOF (.vector_32) <= (_vector_spacing << 0x5))), function at exception vector 32 too large)

.vector_33      0x9fc01620        0x8
 *(.vector_33)
 .vector_33     0x9fc01620        0x8 c:/program files (x86)/microchip/xc32/v1.40/bin/bin/../../lib/gcc/pic32mx/4.8.3/../../../../pic32mx/lib\libpic32.a(vector33.o)
                0x9fc01620                __vector_dispatch_33
                0x00000001                ASSERT (((_vector_spacing == 0x0) || (SIZEOF (.vector_33) <= (_vector_spacing << 0x5))), function at exception vector 33 too large)

.vector_34      0x9fc01640        0x8
 *(.vector_34)
 .vector_34     0x9fc01640        0x8 c:/program files (x86)/microchip/xc32/v1.40/bin/bin/../../lib/gcc/pic32mx/4.8.3/../../../../pic32mx/lib\libpic32.a(vector34.o)
                0x9fc01640                __vector_dispatch_34
                0x00000001                ASSERT (((_vector_spacing == 0x0) || (SIZEOF (.vector_34) <= (_vector_spacing << 0x5))), function at exception vector 34 too large)

.vector_35      0x9fc01660        0x8
 *(.vector_35)
 .vector_35     0x9fc01660        0x8 c:/program files (x86)/microchip/xc32/v1.40/bin/bin/../../lib/gcc/pic32mx/4.8.3/../../../../pic32mx/lib\libpic32.a(vector35.o)
                0x9fc01660                __vector_dispatch_35
                0x00000001                ASSERT (((_vector_spacing == 0x0) || (SIZEOF (.vector_35) <= (_vector_spacing << 0x5))), function at exception vector 35 too large)

.vector_36      0x9fc01680        0x8
 *(.vector_36)
 .vector_36     0x9fc01680        0x8 c:/program files (x86)/microchip/xc32/v1.40/bin/bin/../../lib/gcc/pic32mx/4.8.3/../../../../pic32mx/lib\libpic32.a(vector36.o)
                0x9fc01680                __vector_dispatch_36
                0x00000001                ASSERT (((_vector_spacing == 0x0) || (SIZEOF (.vector_36) <= (_vector_spacing << 0x5))), function at exception vector 36 too large)

.vector_37      0x9fc016a0        0x8
 *(.vector_37)
 .vector_37     0x9fc016a0        0x8 c:/program files (x86)/microchip/xc32/v1.40/bin/bin/../../lib/gcc/pic32mx/4.8.3/../../../../pic32mx/lib\libpic32.a(vector37.o)
                0x9fc016a0                __vector_dispatch_37
                0x00000001                ASSERT (((_vector_spacing == 0x0) || (SIZEOF (.vector_37) <= (_vector_spacing << 0x5))), function at exception vector 37 too large)

.vector_38      0x9fc016c0        0x8
 *(.vector_38)
 .vector_38     0x9fc016c0        0x8 c:/program files (x86)/microchip/xc32/v1.40/bin/bin/../../lib/gcc/pic32mx/4.8.3/../../../../pic32mx/lib\libpic32.a(vector38.o)
                0x9fc016c0                __vector_dispatch_38
                0x00000001                ASSERT (((_vector_spacing == 0x0) || (SIZEOF (.vector_38) <= (_vector_spacing << 0x5))), function at exception vector 38 too large)

.vector_39      0x9fc016e0        0x8
 *(.vector_39)
 .vector_39     0x9fc016e0        0x8 c:/program files (x86)/microchip/xc32/v1.40/bin/bin/../../lib/gcc/pic32mx/4.8.3/../../../../pic32mx/lib\libpic32.a(vector39.o)
                0x9fc016e0                __vector_dispatch_39
                0x00000001                ASSERT (((_vector_spacing == 0x0) || (SIZEOF (.vector_39) <= (_vector_spacing << 0x5))), function at exception vector 39 too large)

.vector_40      0x9fc01700        0x8
 *(.vector_40)
 .vector_40     0x9fc01700        0x8 c:/program files (x86)/microchip/xc32/v1.40/bin/bin/../../lib/gcc/pic32mx/4.8.3/../../../../pic32mx/lib\libpic32.a(vector40.o)
                0x9fc01700                __vector_dispatch_40
                0x00000001                ASSERT (((_vector_spacing == 0x0) || (SIZEOF (.vector_40) <= (_vector_spacing << 0x5))), function at exception vector 40 too large)

.vector_41      0x9fc01720        0x8
 *(.vector_41)
 .vector_41     0x9fc01720        0x8 c:/program files (x86)/microchip/xc32/v1.40/bin/bin/../../lib/gcc/pic32mx/4.8.3/../../../../pic32mx/lib\libpic32.a(vector41.o)
                0x9fc01720                __vector_dispatch_41
                0x00000001                ASSERT (((_vector_spacing == 0x0) || (SIZEOF (.vector_41) <= (_vector_spacing << 0x5))), function at exception vector 41 too large)

.vector_42      0x9fc01740        0x8
 *(.vector_42)
 .vector_42     0x9fc01740        0x8 c:/program files (x86)/microchip/xc32/v1.40/bin/bin/../../lib/gcc/pic32mx/4.8.3/../../../../pic32mx/lib\libpic32.a(vector42.o)
                0x9fc01740                __vector_dispatch_42
                0x00000001                ASSERT (((_vector_spacing == 0x0) || (SIZEOF (.vector_42) <= (_vector_spacing << 0x5))), function at exception vector 42 too large)

.vector_43      0x9fc01760        0x8
 *(.vector_43)
 .vector_43     0x9fc01760        0x8 c:/program files (x86)/microchip/xc32/v1.40/bin/bin/../../lib/gcc/pic32mx/4.8.3/../../../../pic32mx/lib\libpic32.a(vector43.o)
                0x9fc01760                __vector_dispatch_43
                0x00000001                ASSERT (((_vector_spacing == 0x0) || (SIZEOF (.vector_43) <= (_vector_spacing << 0x5))), function at exception vector 43 too large)

.vector_44      0x9fc01780        0x8
 *(.vector_44)
 .vector_44     0x9fc01780        0x8 build/pic32mx695f_wireless_eval_board_miwi/production/_ext/1516272791/system_interrupt.o
                0x9fc01780                __vector_dispatch_44
                0x00000001                ASSERT (((_vector_spacing == 0x0) || (SIZEOF (.vector_44) <= (_vector_spacing << 0x5))), function at exception vector 44 too large)

.vector_45      0x9fc017a0        0x8
 *(.vector_45)
 .vector_45     0x9fc017a0        0x8 c:/program files (x86)/microchip/xc32/v1.40/bin/bin/../../lib/gcc/pic32mx/4.8.3/../../../../pic32mx/lib\libpic32.a(vector45.o)
                0x9fc017a0                __vector_dispatch_45
                0x00000001                ASSERT (((_vector_spacing == 0x0) || (SIZEOF (.vector_45) <= (_vector_spacing << 0x5))), function at exception vector 45 too large)

.vector_46      0x9fc017c0        0x8
 *(.vector_46)
 .vector_46     0x9fc017c0        0x8 c:/program files (x86)/microchip/xc32/v1.40/bin/bin/../../lib/gcc/pic32mx/4.8.3/../../../../pic32mx/lib\libpic32.a(vector46.o)
                0x9fc017c0                __vector_dispatch_46
                0x00000001                ASSERT (((_vector_spacing == 0x0) || (SIZEOF (.vector_46) <= (_vector_spacing << 0x5))), function at exception vector 46 too large)

.vector_47      0x9fc017e0        0x8
 *(.vector_47)
 .vector_47     0x9fc017e0        0x8 c:/program files (x86)/microchip/xc32/v1.40/bin/bin/../../lib/gcc/pic32mx/4.8.3/../../../../pic32mx/lib\libpic32.a(vector47.o)
                0x9fc017e0                __vector_dispatch_47
                0x00000001                ASSERT (((_vector_spacing == 0x0) || (SIZEOF (.vector_47) <= (_vector_spacing << 0x5))), function at exception vector 47 too large)

.vector_48      0x9fc01800        0x8
 *(.vector_48)
 .vector_48     0x9fc01800        0x8 c:/program files (x86)/microchip/xc32/v1.40/bin/bin/../../lib/gcc/pic32mx/4.8.3/../../../../pic32mx/lib\libpic32.a(vector48.o)
                0x9fc01800                __vector_dispatch_48
                0x00000001                ASSERT (((_vector_spacing == 0x0) || (SIZEOF (.vector_48) <= (_vector_spacing << 0x5))), function at exception vector 48 too large)

.vector_49      0x9fc01820        0x8
 *(.vector_49)
 .vector_49     0x9fc01820        0x8 c:/program files (x86)/microchip/xc32/v1.40/bin/bin/../../lib/gcc/pic32mx/4.8.3/../../../../pic32mx/lib\libpic32.a(vector49.o)
                0x9fc01820                __vector_dispatch_49
                0x00000001                ASSERT (((_vector_spacing == 0x0) || (SIZEOF (.vector_49) <= (_vector_spacing << 0x5))), function at exception vector 49 too large)

.vector_50      0x9fc01840        0x8
 *(.vector_50)
 .vector_50     0x9fc01840        0x8 c:/program files (x86)/microchip/xc32/v1.40/bin/bin/../../lib/gcc/pic32mx/4.8.3/../../../../pic32mx/lib\libpic32.a(vector50.o)
                0x9fc01840                __vector_dispatch_50
                0x00000001                ASSERT (((_vector_spacing == 0x0) || (SIZEOF (.vector_50) <= (_vector_spacing << 0x5))), function at exception vector 50 too large)

.vector_51      0x9fc01860        0x8
 *(.vector_51)
 .vector_51     0x9fc01860        0x8 c:/program files (x86)/microchip/xc32/v1.40/bin/bin/../../lib/gcc/pic32mx/4.8.3/../../../../pic32mx/lib\libpic32.a(vector51.o)
                0x9fc01860                __vector_dispatch_51
                0x00000001                ASSERT (((_vector_spacing == 0x0) || (SIZEOF (.vector_51) <= (_vector_spacing << 0x5))), function at exception vector 51 too large)

.vector_52      0x9fc01880        0x0
 *(.vector_52)
                0x00000001                ASSERT (((_vector_spacing == 0x0) || (SIZEOF (.vector_52) <= (_vector_spacing << 0x5))), function at exception vector 52 too large)

.vector_53      0x9fc018a0        0x0
 *(.vector_53)
                0x00000001                ASSERT (((_vector_spacing == 0x0) || (SIZEOF (.vector_53) <= (_vector_spacing << 0x5))), function at exception vector 53 too large)

.vector_54      0x9fc018c0        0x0
 *(.vector_54)
                0x00000001                ASSERT (((_vector_spacing == 0x0) || (SIZEOF (.vector_54) <= (_vector_spacing << 0x5))), function at exception vector 54 too large)

.vector_55      0x9fc018e0        0x0
 *(.vector_55)
                0x00000001                ASSERT (((_vector_spacing == 0x0) || (SIZEOF (.vector_55) <= (_vector_spacing << 0x5))), function at exception vector 55 too large)

.vector_56      0x9fc01900        0x0
 *(.vector_56)
                0x00000001                ASSERT (((_vector_spacing == 0x0) || (SIZEOF (.vector_56) <= (_vector_spacing << 0x5))), function at exception vector 56 too large)

.vector_57      0x9fc01920        0x0
 *(.vector_57)
                0x00000001                ASSERT (((_vector_spacing == 0x0) || (SIZEOF (.vector_57) <= (_vector_spacing << 0x5))), function at exception vector 57 too large)

.vector_58      0x9fc01940        0x0
 *(.vector_58)
                0x00000001                ASSERT (((_vector_spacing == 0x0) || (SIZEOF (.vector_58) <= (_vector_spacing << 0x5))), function at exception vector 58 too large)

.vector_59      0x9fc01960        0x0
 *(.vector_59)
                0x00000001                ASSERT (((_vector_spacing == 0x0) || (SIZEOF (.vector_59) <= (_vector_spacing << 0x5))), function at exception vector 59 too large)

.vector_60      0x9fc01980        0x0
 *(.vector_60)
                0x00000001                ASSERT (((_vector_spacing == 0x0) || (SIZEOF (.vector_60) <= (_vector_spacing << 0x5))), function at exception vector 60 too large)

.vector_61      0x9fc019a0        0x0
 *(.vector_61)
                0x00000001                ASSERT (((_vector_spacing == 0x0) || (SIZEOF (.vector_61) <= (_vector_spacing << 0x5))), function at exception vector 61 too large)

.vector_62      0x9fc019c0        0x0
 *(.vector_62)
                0x00000001                ASSERT (((_vector_spacing == 0x0) || (SIZEOF (.vector_62) <= (_vector_spacing << 0x5))), function at exception vector 62 too large)

.vector_63      0x9fc019e0        0x0
 *(.vector_63)
                0x00000001                ASSERT (((_vector_spacing == 0x0) || (SIZEOF (.vector_63) <= (_vector_spacing << 0x5))), function at exception vector 63 too large)

.startup
 *(.startup)

.text           0x9d000000        0x0
 *(.stub .gnu.linkonce.t.*)
 *(.text.*personality*)
 *(.mips16.fn.*)
 *(.mips16.call.*)
 *(.gnu.warning)
                0x9d000000                . = ALIGN (0x4)

.init           0x9d000000        0x0
 *crti.o(.init)
 *crtbegin.o(.init)
 *(EXCLUDE_FILE(*crtn.o *crtend?.o *crtend.o) .init)
 *crtend.o(.init)
 *crtn.o(.init)
                0x9d000000                . = ALIGN (0x4)

.fini           0x9d000000        0x0
 *(.fini)
                0x9d000000                . = ALIGN (0x4)

.preinit_array  0x9d000000        0x0
                0x9d000000                PROVIDE (__preinit_array_start, .)
 *(.preinit_array)
                0x9d000000                PROVIDE (__preinit_array_end, .)
                0x9d000000                . = ALIGN (0x4)

.init_array     0x9d000000        0x0
                0x9d000000                PROVIDE (__init_array_start, .)
 *(SORT(.init_array.*))
 *(.init_array)
                0x9d000000                PROVIDE (__init_array_end, .)
                0x9d000000                . = ALIGN (0x4)

.fini_array     0x9d000000        0x0
                0x9d000000                PROVIDE (__fini_array_start, .)
 *(SORT(.fini_array.*))
 *(.fini_array)
                0x9d000000                PROVIDE (__fini_array_end, .)
                0x9d000000                . = ALIGN (0x4)

.ctors          0x9d000000        0x0
 *crtbegin.o(.ctors)
 *crtbegin?.o(.ctors)
 *(EXCLUDE_FILE(*crtend?.o *crtend.o) .ctors)
 *(SORT(.ctors.*))
 *(.ctors)
                0x9d000000                . = ALIGN (0x4)

.dtors          0x9d000000        0x0
 *crtbegin.o(.dtors)
 *crtbegin?.o(.dtors)
 *(EXCLUDE_FILE(*crtend?.o *crtend.o) .dtors)
 *(SORT(.dtors.*))
 *(.dtors)
                0x9d000000                . = ALIGN (0x4)

.rodata         0x9d000000        0x0
 *(.gnu.linkonce.r.*)
 *(.rodata1)
                0x9d000000                . = ALIGN (0x4)

.sdata2         0x9fc00490        0x0
 *(.sdata2 .sdata2.* .gnu.linkonce.s2.*)
                0x9fc00490                . = ALIGN (0x4)

.sbss2          0x9fc00490        0x0
 *(.sbss2 .sbss2.* .gnu.linkonce.sb2.*)
                0x9fc00490                . = ALIGN (0x4)

.eh_frame_hdr
 *(.eh_frame_hdr)
                0x9fc00490                . = ALIGN (0x4)

.eh_frame
 *(.eh_frame)
                0x9fc00490                . = ALIGN (0x4)

.gcc_except_table
 *(.gcc_except_table .gcc_except_table.*)
                0x9fc00490                . = ALIGN (0x4)

.dbg_data       0xa0000000        0x0
                0xa0000000                . = (. + DEFINED (_DEBUGGER)?0x200:0x0)

.jcr            0xa0000000        0x0
 *(.jcr)
                0xa0000000                . = ALIGN (0x4)

.eh_frame
 *(.eh_frame)
                0xa0000000                . = ALIGN (0x4)

.gcc_except_table
 *(.gcc_except_table .gcc_except_table.*)
                0xa0000000                . = ALIGN (0x4)

.persist        0xa0000000        0x0
                0xa0000000                _persist_begin = .
 *(.persist .persist.*)
 *(.pbss .pbss.*)
                0xa0000000                . = ALIGN (0x4)
                0xa0000000                _persist_end = .

.data           0xa0000000        0x0
 *(.gnu.linkonce.d.*)
 *(.data1)
                0xa0000000                . = ALIGN (0x4)
                0xa0000000                . = .
                0xa0007ff0                _gp = (ALIGN (0x10) + 0x7ff0)

.got            0xa0000000        0x0
 *(.got.plt)
 *(.got)
                0xa0000000                . = ALIGN (0x4)

.sdata          0xa0000000       0x74
                0xa0000000                _sdata_begin = .
 *(.sdata .sdata.* .gnu.linkonce.s.*)
 .sdata         0xa0000000        0x1 build/pic32mx695f_wireless_eval_board_miwi/production/_ext/2108517555/MRF24J40.o
                0xa0000000                BankIndex
 *fill*         0xa0000001        0x3 
 .sdata         0xa0000004       0x14 build/pic32mx695f_wireless_eval_board_miwi/production/_ext/1978374589/MiWiPRO.o
                0xa0000004                myLongAddress
                0xa000000c                currentChannel
                0xa000000d                AcknowledgementSeq
                0xa0000010                MiWiPROAckRequired
                0xa0000014                defaultHops
 .sdata         0xa0000018        0x8 build/pic32mx695f_wireless_eval_board_miwi/production/_ext/1360937237/app.o
 .sdata         0xa0000020       0x10 build/pic32mx695f_wireless_eval_board_miwi/production/_ext/1360937237/app_wifi.o
 .sdata         0xa0000030        0x1 build/pic32mx695f_wireless_eval_board_miwi/production/_ext/1023149444/drv_wifi_commands.o
 *fill*         0xa0000031        0x3 
 .sdata         0xa0000034        0x4 build/pic32mx695f_wireless_eval_board_miwi/production/_ext/1023149444/drv_wifi_config_data.o
                0xa0000034                p_wifi_configData
 .sdata         0xa0000038        0x1 build/pic32mx695f_wireless_eval_board_miwi/production/_ext/1023149444/drv_wifi_mac.o
                0xa0000038                g_RxDataLock
 .sdata         0xa0000039        0x1 build/pic32mx695f_wireless_eval_board_miwi/production/_ext/1023149444/drv_wifi_main.o
 .sdata         0xa000003a        0x1 build/pic32mx695f_wireless_eval_board_miwi/production/_ext/1023149444/drv_wifi_power_save.o
 .sdata         0xa000003b        0x1 build/pic32mx695f_wireless_eval_board_miwi/production/_ext/1023149444/drv_wifi_scan_helper.o
 .sdata         0xa000003c        0x4 build/pic32mx695f_wireless_eval_board_miwi/production/_ext/1023149444/drv_wifi_spi.o
 .sdata         0xa0000040        0x8 build/pic32mx695f_wireless_eval_board_miwi/production/_ext/1164207549/arp.o
 .sdata         0xa0000048        0x1 build/pic32mx695f_wireless_eval_board_miwi/production/_ext/1164207549/zero_conf_helper.o
                0xa0000048                zeroconf_dbg_level
 *fill*         0xa0000049        0x3 
 .sdata         0xa000004c        0x8 build/pic32mx695f_wireless_eval_board_miwi/production/_ext/1164207549/zero_conf_link_local.o
 .sdata         0xa0000054        0x8 build/pic32mx695f_wireless_eval_board_miwi/production/_ext/1164207549/tcpip_commands.o
                0xa0000058                icmpPingSize
 .sdata         0xa000005c        0x4 build/pic32mx695f_wireless_eval_board_miwi/production/_ext/1164207549/tcpip_manager.o
 .sdata         0xa0000060        0x2 build/pic32mx695f_wireless_eval_board_miwi/production/_ext/1164207549/tcpip_reboot.o
 *fill*         0xa0000062        0x2 
 .sdata         0xa0000064        0xc build/pic32mx695f_wireless_eval_board_miwi/production/_ext/1516272791/system_init.o
                0xa0000064                sysConsoleObjects
                0xa0000068                consUsartInit0
 .sdata         0xa0000070        0x4 c:/program files (x86)/microchip/xc32/v1.40/bin/bin/../../lib/gcc/pic32mx/4.8.3/../../../../pic32mx/lib\libpic32.a(xc32_uart.o)
                0xa0000070                __XC_UART
                0xa0000074                . = ALIGN (0x4)
                0xa0000074                _sdata_end = .

.lit8
 *(.lit8)

.lit4
 *(.lit4)
                0xa0000074                . = ALIGN (0x4)
                0xa0000074                _data_end = .
                0xa0000074                _bss_begin = .

.sbss           0xa0000074      0x3cc
                0xa0000074                _sbss_begin = .
 *(.dynsbss)
 *(.sbss .sbss.* .gnu.linkonce.sb.*)
 .sbss          0xa0000074        0x2 build/pic32mx695f_wireless_eval_board_miwi/production/_ext/2108517555/MRF24J40.o
                0xa0000074                failureCounter
 .sbss          0xa0000076        0x1 build/pic32mx695f_wireless_eval_board_miwi/production/_ext/1978374589/MiWiPRO.o
                0xa0000076                ConnMode
 *fill*         0xa0000077        0x1 
 .sbss          0xa0000078        0x8 build/pic32mx695f_wireless_eval_board_miwi/production/_ext/579833599/SPIEEPROM.o
 .sbss          0xa0000080        0x8 build/pic32mx695f_wireless_eval_board_miwi/production/_ext/579833599/SPIFlash.o
 .sbss          0xa0000088        0x8 build/pic32mx695f_wireless_eval_board_miwi/production/_ext/1360937237/app.o
                0xa0000088                LEDstate
 .sbss          0xa0000090        0x2 build/pic32mx695f_wireless_eval_board_miwi/production/_ext/1360937237/custom_http_app.o
 *fill*         0xa0000092        0x2 
 .sbss          0xa0000094       0x18 build/pic32mx695f_wireless_eval_board_miwi/production/_ext/1360937237/app_wifi.o
 .sbss          0xa00000ac        0xc build/pic32mx695f_wireless_eval_board_miwi/production/_ext/29024758/memory.o
 .sbss          0xa00000b8        0x2 build/pic32mx695f_wireless_eval_board_miwi/production/_ext/184581597/drv_nvm.o
                0xa00000b8                gDrvNVMBufferToken
 .sbss          0xa00000ba        0x1 build/pic32mx695f_wireless_eval_board_miwi/production/_ext/1324760662/drv_spi.o
 *fill*         0xa00000bb        0x1 
 .sbss          0xa00000bc        0x4 build/pic32mx695f_wireless_eval_board_miwi/production/_ext/941160041/drv_tmr.o
 .sbss          0xa00000c0        0x2 build/pic32mx695f_wireless_eval_board_miwi/production/_ext/821589181/drv_usart_buffer_queue.o
 *fill*         0xa00000c2        0x2 
 .sbss          0xa00000c4        0x8 build/pic32mx695f_wireless_eval_board_miwi/production/_ext/1023149444/drv_wifi_com.o
 .sbss          0xa00000cc        0x4 build/pic32mx695f_wireless_eval_board_miwi/production/_ext/1023149444/drv_wifi_commands.o
 .sbss          0xa00000d0        0x4 build/pic32mx695f_wireless_eval_board_miwi/production/_ext/1023149444/drv_wifi_config_data.o
 .sbss          0xa00000d4        0x1 build/pic32mx695f_wireless_eval_board_miwi/production/_ext/1023149444/drv_wifi_connection_manager.o
 *fill*         0xa00000d5        0x3 
 .sbss          0xa00000d8        0x8 build/pic32mx695f_wireless_eval_board_miwi/production/_ext/1023149444/drv_wifi_context_loader.o
 .sbss          0xa00000e0        0x8 build/pic32mx695f_wireless_eval_board_miwi/production/_ext/1023149444/drv_wifi_events.o
 .sbss          0xa00000e8        0x1 build/pic32mx695f_wireless_eval_board_miwi/production/_ext/1023149444/drv_wifi_event_handler.o
 *fill*         0xa00000e9        0x3 
 .sbss          0xa00000ec        0x8 build/pic32mx695f_wireless_eval_board_miwi/production/_ext/1023149444/drv_wifi_init.o
 .sbss          0xa00000f4        0x3 build/pic32mx695f_wireless_eval_board_miwi/production/_ext/1023149444/drv_wifi_iwpriv.o
 *fill*         0xa00000f7        0x1 
 .sbss          0xa00000f8       0x44 build/pic32mx695f_wireless_eval_board_miwi/production/_ext/1023149444/drv_wifi_mac.o
 .sbss          0xa000013c        0x4 build/pic32mx695f_wireless_eval_board_miwi/production/_ext/1023149444/drv_wifi_main.o
 .sbss          0xa0000140        0x1 build/pic32mx695f_wireless_eval_board_miwi/production/_ext/1023149444/drv_wifi_mgmt_msg.o
 *fill*         0xa0000141        0x3 
 .sbss          0xa0000144       0x38 build/pic32mx695f_wireless_eval_board_miwi/production/_ext/1023149444/drv_wifi_pbkdf2.o
 .sbss          0xa000017c        0x4 build/pic32mx695f_wireless_eval_board_miwi/production/_ext/1023149444/drv_wifi_power_save.o
 .sbss          0xa0000180        0x1 build/pic32mx695f_wireless_eval_board_miwi/production/_ext/1023149444/drv_wifi_raw.o
                0xa0000180                g_RawIndexPastEnd
 *fill*         0xa0000181        0x3 
 .sbss          0xa0000184       0x18 build/pic32mx695f_wireless_eval_board_miwi/production/_ext/1023149444/drv_wifi_spi.o
 .sbss          0xa000019c       0x10 build/pic32mx695f_wireless_eval_board_miwi/production/_ext/1891376032/sys_command.o
 .sbss          0xa00001ac        0x8 build/pic32mx695f_wireless_eval_board_miwi/production/_ext/1434663852/sys_console_uart.o
 .sbss          0xa00001b4        0x4 build/pic32mx695f_wireless_eval_board_miwi/production/_ext/1750042194/sys_fs.o
                0xa00001b4                gSYSFSEventHandler
 .sbss          0xa00001b8       0x24 build/pic32mx695f_wireless_eval_board_miwi/production/_ext/1164207549/tcp.o
 .sbss          0xa00001dc       0x1c build/pic32mx695f_wireless_eval_board_miwi/production/_ext/1164207549/udp.o
 .sbss          0xa00001f8       0x20 build/pic32mx695f_wireless_eval_board_miwi/production/_ext/1164207549/dhcp.o
 .sbss          0xa0000218       0x20 build/pic32mx695f_wireless_eval_board_miwi/production/_ext/1164207549/http.o
 .sbss          0xa0000238       0x18 build/pic32mx695f_wireless_eval_board_miwi/production/_ext/1164207549/icmp.o
 .sbss          0xa0000250        0xc build/pic32mx695f_wireless_eval_board_miwi/production/_ext/1164207549/nbns.o
 .sbss          0xa000025c        0xc build/pic32mx695f_wireless_eval_board_miwi/production/_ext/1164207549/zero_conf_link_local.o
 .sbss          0xa0000268        0xc build/pic32mx695f_wireless_eval_board_miwi/production/_ext/1164207549/zero_conf_multicast_dns.o
 .sbss          0xa0000274       0x4c build/pic32mx695f_wireless_eval_board_miwi/production/_ext/1164207549/tcpip_commands.o
 .sbss          0xa00002c0       0x24 build/pic32mx695f_wireless_eval_board_miwi/production/_ext/1164207549/tcpip_manager.o
 .sbss          0xa00002e4        0x8 build/pic32mx695f_wireless_eval_board_miwi/production/_ext/1164207549/tcpip_packet.o
 .sbss          0xa00002ec       0x1c build/pic32mx695f_wireless_eval_board_miwi/production/_ext/1164207549/ipv4.o
                0xa0000304                _IPv4StayAssertLoop
 .sbss          0xa0000308       0x10 build/pic32mx695f_wireless_eval_board_miwi/production/_ext/1164207549/dns.o
                0xa0000310                _DNSStayAssertLoop
                0xa0000314                _DNSStayCondLoop
 .sbss          0xa0000318        0x8 build/pic32mx695f_wireless_eval_board_miwi/production/_ext/1164207549/tcpip_reboot.o
 .sbss          0xa0000320       0x1c build/pic32mx695f_wireless_eval_board_miwi/production/_ext/1164207549/tcpip_announce.o
 .sbss          0xa000033c        0x8 build/pic32mx695f_wireless_eval_board_miwi/production/_ext/1516272791/system_init.o
                0xa000033c                sysCmdInit
 .sbss          0xa0000344        0xc build/pic32mx695f_wireless_eval_board_miwi/production/_ext/1516272791/system_exceptions.o
 *(.scommon)
 .scommon       0xa0000350       0x24 build/pic32mx695f_wireless_eval_board_miwi/production/_ext/2108517555/MRF24J40.o
                0xa0000350                tmpFrameCounter
                0xa0000354                tmpSourceLongAddress
                0xa000035c                MAC_PANID
                0xa0000360                OutgoingFrameCounter
                0xa0000364                MACInitParams
                0xa000036c                MRF24J40Status
                0xa0000370                myNetworkAddress
                0xa0000372                IEEESeqNum
                0xa0000373                MACCurrentChannel
 .scommon       0xa0000374       0x44 build/pic32mx695f_wireless_eval_board_miwi/production/_ext/1978374589/MiWiPRO.o
                0xa0000374                MiWiPROStatus
                0xa0000375                TxData
                0xa0000378                tempLongAddress
                0xa0000380                nvmDelayTick
                0xa0000384                tempNodeStatus
                0xa0000388                MiWiPROStateMachine
                0xa000038c                myShortAddress
                0xa0000390                RoutingTable
                0xa0000394                MiWiPROCapacityInfo
                0xa0000398                AcknowledgementAddr
                0xa000039a                role
                0xa000039c                MiWiPRONVMStatus
                0xa000039d                ActiveScanResultIndex
                0xa000039e                MiWiPROSeqNum
                0xa000039f                myParent
                0xa00003a0                tempShortAddress
                0xa00003a4                myPANID
                0xa00003a8                RoutingUpdateTick
                0xa00003ac                tempPANID
                0xa00003b0                tmpTick
                0xa00003b4                backgroundTaskTick
 .scommon       0xa00003b8       0x1a build/pic32mx695f_wireless_eval_board_miwi/production/_ext/1562165165/NVM.o
                0xa00003b8                nvmConnMode
                0xa00003ba                nvmConnectionTable
                0xa00003bc                nextEEPosition
                0xa00003be                nvmMyLongAddress
                0xa00003c0                nvmOutFrameCounter
                0xa00003c2                nvmMyShortAddress
                0xa00003c4                nvmFamilyTree
                0xa00003c6                nvmRole
                0xa00003c8                nvmNeighborRoutingTable
                0xa00003ca                nvmCurrentChannel
                0xa00003cc                nvmMyParent
                0xa00003ce                nvmMyPANID
                0xa00003d0                nvmRoutingTable
 .scommon       0xa00003d2        0x2 build/pic32mx695f_wireless_eval_board_miwi/production/_ext/1562165165/SymbolTime.o
                0xa00003d2                timerExtension1
                0xa00003d3                timerExtension2
 .scommon       0xa00003d4        0x8 build/pic32mx695f_wireless_eval_board_miwi/production/_ext/1360937237/app.o
                0xa00003d4                appData
 .scommon       0xa00003dc        0x3 build/pic32mx695f_wireless_eval_board_miwi/production/_ext/1360937237/app_wifi.o
                0xa00003dc                g_wifi_deviceInfo
 *fill*         0xa00003df        0x1 
 .scommon       0xa00003e0        0xc build/pic32mx695f_wireless_eval_board_miwi/production/_ext/1360937237/app_miwi.o
                0xa00003e0                app_miwiData
                0xa00003e4                t1
                0xa00003e8                t0
 .scommon       0xa00003ec        0xc build/pic32mx695f_wireless_eval_board_miwi/production/_ext/184581597/drv_nvm.o
                0xa00003ec                gNVMGeometryTable
                0xa00003f0                nvmClientObjMutex
                0xa00003f1                nvmBufObjMutex
                0xa00003f4                gDrvNVMMediaGeometry
 .scommon       0xa00003f8        0x3 build/pic32mx695f_wireless_eval_board_miwi/production/_ext/821589181/drv_usart.o
                0xa00003f8                gDrvUSARTCommonDataObj
 *fill*         0xa00003fb        0x1 
 .scommon       0xa00003fc        0x8 build/pic32mx695f_wireless_eval_board_miwi/production/_ext/1023149444/drv_wifi_event_handler.o
                0xa00003fc                g_softAPEvent
 .scommon       0xa0000404        0x2 build/pic32mx695f_wireless_eval_board_miwi/production/_ext/1023149444/drv_wifi_init.o
                0xa0000404                g_mgmt_base
 *fill*         0xa0000406        0x2 
 .scommon       0xa0000408        0x6 build/pic32mx695f_wireless_eval_board_miwi/production/_ext/1023149444/drv_wifi_scan_helper.o
                0xa0000408                g_scanStatus
 *fill*         0xa000040e        0x2 
 .scommon       0xa0000410        0x4 build/pic32mx695f_wireless_eval_board_miwi/production/_ext/2137108136/sys_debug.o
                0xa0000410                gblErrLvl
 .scommon       0xa0000414        0x8 build/pic32mx695f_wireless_eval_board_miwi/production/_ext/482662494/sys_devcon.o
                0xa0000414                sysDevconObj
 .scommon       0xa000041c       0x19 build/pic32mx695f_wireless_eval_board_miwi/production/_ext/1750042194/sys_fs.o
                0xa000041c                gSYSFSObj
                0xa0000424                mutexFileSystemObj
                0xa0000428                gSYSFSCurrentMountPoint
                0xa0000430                errorValue
                0xa0000434                mutexDirObj
 *fill*         0xa0000435        0x3 
 .scommon       0xa0000438        0x2 build/pic32mx695f_wireless_eval_board_miwi/production/_ext/1750042194/sys_fs_media_manager.o
                0xa0000438                VolToPart
 *fill*         0xa000043a        0x2 
 .scommon       0xa000043c        0x4 build/pic32mx695f_wireless_eval_board_miwi/production/_ext/1164207549/tcpip_commands.o
                0xa000043c                icmpStartTick
                0xa0000440                _sbss_end = .
                0xa0000440                . = ALIGN (0x4)

.bss            0xa0000440     0x3a10
 *(.dynbss)
 *(COMMON)
 COMMON         0xa0000440       0xda build/pic32mx695f_wireless_eval_board_miwi/production/_ext/2108517555/MRF24J40.o
                0xa0000440                RxBuffer
 *fill*         0xa000051a        0x2 
 COMMON         0xa000051c      0x34c build/pic32mx695f_wireless_eval_board_miwi/production/_ext/1978374589/MiWiPRO.o
                0xa000051c                FamilyTree
                0xa000052c                EnergyScanResults
                0xa000054c                ConnectionTable
                0xa00005d8                MACRxPacket
                0xa00005f0                RouterFailures
                0xa0000600                IncomingFrameCounter
                0xa0000628                MTP
                0xa000063c                rxMessage
                0xa000064c                ActiveScanResults
                0xa000068c                FrequencyAgilityInfo
                0xa0000698                openSocketInfo
                0xa00006b4                RoutingUpdateCounter
                0xa00006c4                PacketRecords
                0xa00006ec                RandomSendInfo
                0xa0000750                TxBuffer
                0xa0000798                NeighborRoutingTable
                0xa00007b8                indirectMessages
 COMMON         0xa0000868       0x21 build/pic32mx695f_wireless_eval_board_miwi/production/_ext/579833599/LCD_ST7032.o
                0xa0000868                LCDText
 *fill*         0xa0000889        0x3 
 COMMON         0xa000088c      0x154 build/pic32mx695f_wireless_eval_board_miwi/production/_ext/184581597/drv_nvm.o
                0xa000088c                gDrvNVMObj
                0xa00008c0                gDrvNVMBufferObject
                0xa00009b0                gDrvNVMClientObj
 COMMON         0xa00009e0       0xac build/pic32mx695f_wireless_eval_board_miwi/production/_ext/821589181/drv_usart.o
                0xa00009e0                gDrvUSARTClientObj
                0xa0000a2c                gDrvUSARTObj
 COMMON         0xa0000a8c      0x370 build/pic32mx695f_wireless_eval_board_miwi/production/_ext/821589181/drv_usart_buffer_queue.o
                0xa0000a8c                gDrvUSARTBufferObj
 COMMON         0xa0000dfc       0x62 build/pic32mx695f_wireless_eval_board_miwi/production/_ext/1023149444/drv_wifi_event_handler.o
                0xa0000dfc                g_passphraseReady
 *fill*         0xa0000e5e        0x2 
 COMMON         0xa0000e60        0xa build/pic32mx695f_wireless_eval_board_miwi/production/_ext/1023149444/drv_wifi_raw.o
                0xa0000e60                RawMoveState
 *fill*         0xa0000e6a        0x2 
 COMMON         0xa0000e6c      0xb54 build/pic32mx695f_wireless_eval_board_miwi/production/_ext/1023149444/drv_wifi_scan_helper.o
                0xa0000e6c                g_scanResults
 COMMON         0xa00019c0       0x10 build/pic32mx695f_wireless_eval_board_miwi/production/_ext/2137108136/sys_debug.o
                0xa00019c0                sysDebugInstance
 COMMON         0xa00019d0     0x1c34 build/pic32mx695f_wireless_eval_board_miwi/production/_ext/1750042194/sys_fs.o
                0xa00019d0                gSYSFSFileObj
                0xa0003460                gSYSFSDirObj
                0xa00035f0                gSYSFSMountPoint
 COMMON         0xa0003604       0x48 build/pic32mx695f_wireless_eval_board_miwi/production/_ext/1750042194/sys_fs_media_manager.o
                0xa0003604                gSYSFSMediaObject
                0xa0003630                gSYSFSVolumeObject
 COMMON         0xa000364c       0x10 build/pic32mx695f_wireless_eval_board_miwi/production/_ext/614935175/mpfs.o
                0xa000364c                mpfsObject
 COMMON         0xa000365c      0x7d0 build/pic32mx695f_wireless_eval_board_miwi/production/_ext/1164207549/tcpip_commands.o
                0xa000365c                icmpPingBuff
 COMMON         0xa0003e2c       0x24 build/pic32mx695f_wireless_eval_board_miwi/production/_ext/1516272791/system_init.o
                0xa0003e2c                sysObj
                0xa0003e50                . = ALIGN ((. != 0x0)?0x4:0x1)
                0xa0003e50                . = ALIGN (0x4)
                0xa0003e50                _end = .
                0xa0003e50                _bss_end = .
                0x00020000                _bmxdudba_address = 0x20000
                0x00020000                _bmxdupba_address = 0x20000

/DISCARD/
 *(.pdr)
 *(.rel.dyn)
 *(.note.GNU-stack)
 *(.note.GNU-stack)
 *(.gnu_debuglink)
 *(.gnu.lto_*)
 *(.discard)

.gptab.sdata
 *(.gptab.data)
 *(.gptab.sdata)

.gptab.sbss
 *(.gptab.bss)
 *(.gptab.sbss)

.mdebug.abi32   0xa0003e50        0x0
 *(.mdebug.abi32)
 .mdebug.abi32  0xa0003e50        0x0 build/pic32mx695f_wireless_eval_board_miwi/production/_ext/1360937237/bsp_delay.o
 .mdebug.abi32  0xa0003e50        0x0 build/pic32mx695f_wireless_eval_board_miwi/production/_ext/574133884/spi_map_tbl_libp.o
 .mdebug.abi32  0xa0003e50        0x0 build/pic32mx695f_wireless_eval_board_miwi/production/_ext/574133884/spi_chn_getc_lib.o
 .mdebug.abi32  0xa0003e50        0x0 build/pic32mx695f_wireless_eval_board_miwi/production/_ext/574133884/spi_chn_putc_lib.o
 .mdebug.abi32  0xa0003e50        0x0 build/pic32mx695f_wireless_eval_board_miwi/production/_ext/2108517555/MRF24J40.o
 .mdebug.abi32  0xa0003e50        0x0 build/pic32mx695f_wireless_eval_board_miwi/production/_ext/1978374589/MiWiPRO.o
 .mdebug.abi32  0xa0003e50        0x0 build/pic32mx695f_wireless_eval_board_miwi/production/_ext/1562165165/NVM.o
 .mdebug.abi32  0xa0003e50        0x0 build/pic32mx695f_wireless_eval_board_miwi/production/_ext/1562165165/SymbolTime.o
 .mdebug.abi32  0xa0003e50        0x0 build/pic32mx695f_wireless_eval_board_miwi/production/_ext/1562165165/Console.o
 .mdebug.abi32  0xa0003e50        0x0 build/pic32mx695f_wireless_eval_board_miwi/production/_ext/1562165165/MSPI.o
 .mdebug.abi32  0xa0003e50        0x0 build/pic32mx695f_wireless_eval_board_miwi/production/_ext/579833599/LCD_ST7032.o
 .mdebug.abi32  0xa0003e50        0x0 build/pic32mx695f_wireless_eval_board_miwi/production/_ext/579833599/UART.o
 .mdebug.abi32  0xa0003e50        0x0 build/pic32mx695f_wireless_eval_board_miwi/production/_ext/579833599/SPIEEPROM.o
 .mdebug.abi32  0xa0003e50        0x0 build/pic32mx695f_wireless_eval_board_miwi/production/_ext/579833599/SPIFlash.o
 .mdebug.abi32  0xa0003e50        0x0 build/pic32mx695f_wireless_eval_board_miwi/production/_ext/1360937237/main.o
 .mdebug.abi32  0xa0003e50        0x0 build/pic32mx695f_wireless_eval_board_miwi/production/_ext/1360937237/app.o
 .mdebug.abi32  0xa0003e50        0x0 build/pic32mx695f_wireless_eval_board_miwi/production/_ext/1360937237/http_print.o
 .mdebug.abi32  0xa0003e50        0x0 build/pic32mx695f_wireless_eval_board_miwi/production/_ext/1360937237/custom_http_app.o
 .mdebug.abi32  0xa0003e50        0x0 build/pic32mx695f_wireless_eval_board_miwi/production/_ext/1360937237/mpfs_img2.o
 .mdebug.abi32  0xa0003e50        0x0 build/pic32mx695f_wireless_eval_board_miwi/production/_ext/1360937237/app_wifi.o
 .mdebug.abi32  0xa0003e50        0x0 build/pic32mx695f_wireless_eval_board_miwi/production/_ext/1360937237/app_miwi.o
 .mdebug.abi32  0xa0003e50        0x0 build/pic32mx695f_wireless_eval_board_miwi/production/_ext/2046866571/adler32.o
 .mdebug.abi32  0xa0003e50        0x0 build/pic32mx695f_wireless_eval_board_miwi/production/_ext/2046866571/compress.o
 .mdebug.abi32  0xa0003e50        0x0 build/pic32mx695f_wireless_eval_board_miwi/production/_ext/2046866571/crc32.o
 .mdebug.abi32  0xa0003e50        0x0 build/pic32mx695f_wireless_eval_board_miwi/production/_ext/2046866571/deflate.o
 .mdebug.abi32  0xa0003e50        0x0 build/pic32mx695f_wireless_eval_board_miwi/production/_ext/2046866571/infback.o
 .mdebug.abi32  0xa0003e50        0x0 build/pic32mx695f_wireless_eval_board_miwi/production/_ext/2046866571/inffast.o
 .mdebug.abi32  0xa0003e50        0x0 build/pic32mx695f_wireless_eval_board_miwi/production/_ext/2046866571/inflate.o
 .mdebug.abi32  0xa0003e50        0x0 build/pic32mx695f_wireless_eval_board_miwi/production/_ext/2046866571/inftrees.o
 .mdebug.abi32  0xa0003e50        0x0 build/pic32mx695f_wireless_eval_board_miwi/production/_ext/2046866571/trees.o
 .mdebug.abi32  0xa0003e50        0x0 build/pic32mx695f_wireless_eval_board_miwi/production/_ext/2046866571/uncompr.o
 .mdebug.abi32  0xa0003e50        0x0 build/pic32mx695f_wireless_eval_board_miwi/production/_ext/2046866571/zutil.o
 .mdebug.abi32  0xa0003e50        0x0 build/pic32mx695f_wireless_eval_board_miwi/production/_ext/29024758/ecc.o
 .mdebug.abi32  0xa0003e50        0x0 build/pic32mx695f_wireless_eval_board_miwi/production/_ext/29024758/arc4.o
 .mdebug.abi32  0xa0003e50        0x0 build/pic32mx695f_wireless_eval_board_miwi/production/_ext/29024758/pwdbased.o
 .mdebug.abi32  0xa0003e50        0x0 build/pic32mx695f_wireless_eval_board_miwi/production/_ext/29024758/tfm.o
 .mdebug.abi32  0xa0003e50        0x0 build/pic32mx695f_wireless_eval_board_miwi/production/_ext/29024758/asn.o
 .mdebug.abi32  0xa0003e50        0x0 build/pic32mx695f_wireless_eval_board_miwi/production/_ext/29024758/des3.o
 .mdebug.abi32  0xa0003e50        0x0 build/pic32mx695f_wireless_eval_board_miwi/production/_ext/29024758/rsa.o
 .mdebug.abi32  0xa0003e50        0x0 build/pic32mx695f_wireless_eval_board_miwi/production/_ext/29024758/aes.o
 .mdebug.abi32  0xa0003e50        0x0 build/pic32mx695f_wireless_eval_board_miwi/production/_ext/29024758/md5.o
 .mdebug.abi32  0xa0003e50        0x0 build/pic32mx695f_wireless_eval_board_miwi/production/_ext/29024758/sha.o
 .mdebug.abi32  0xa0003e50        0x0 build/pic32mx695f_wireless_eval_board_miwi/production/_ext/29024758/sha256.o
 .mdebug.abi32  0xa0003e50        0x0 build/pic32mx695f_wireless_eval_board_miwi/production/_ext/29024758/sha512.o
 .mdebug.abi32  0xa0003e50        0x0 build/pic32mx695f_wireless_eval_board_miwi/production/_ext/29024758/hmac.o
 .mdebug.abi32  0xa0003e50        0x0 build/pic32mx695f_wireless_eval_board_miwi/production/_ext/29024758/hash.o
 .mdebug.abi32  0xa0003e50        0x0 build/pic32mx695f_wireless_eval_board_miwi/production/_ext/29024758/compress.o
 .mdebug.abi32  0xa0003e50        0x0 build/pic32mx695f_wireless_eval_board_miwi/production/_ext/29024758/random.o
 .mdebug.abi32  0xa0003e50        0x0 build/pic32mx695f_wireless_eval_board_miwi/production/_ext/29024758/crypto.o
 .mdebug.abi32  0xa0003e50        0x0 build/pic32mx695f_wireless_eval_board_miwi/production/_ext/29024758/asm.o
 .mdebug.abi32  0xa0003e50        0x0 build/pic32mx695f_wireless_eval_board_miwi/production/_ext/29024758/coding.o
 .mdebug.abi32  0xa0003e50        0x0 build/pic32mx695f_wireless_eval_board_miwi/production/_ext/29024758/error.o
 .mdebug.abi32  0xa0003e50        0x0 build/pic32mx695f_wireless_eval_board_miwi/production/_ext/29024758/integer.o
 .mdebug.abi32  0xa0003e50        0x0 build/pic32mx695f_wireless_eval_board_miwi/production/_ext/29024758/logging.o
 .mdebug.abi32  0xa0003e50        0x0 build/pic32mx695f_wireless_eval_board_miwi/production/_ext/29024758/memory.o
 .mdebug.abi32  0xa0003e50        0x0 build/pic32mx695f_wireless_eval_board_miwi/production/_ext/29024758/misc.o
 .mdebug.abi32  0xa0003e50        0x0 build/pic32mx695f_wireless_eval_board_miwi/production/_ext/29024758/port.o
 .mdebug.abi32  0xa0003e50        0x0 build/pic32mx695f_wireless_eval_board_miwi/production/_ext/184581597/drv_nvm.o
 .mdebug.abi32  0xa0003e50        0x0 build/pic32mx695f_wireless_eval_board_miwi/production/_ext/184581597/drv_nvm_erasewrite.o
 .mdebug.abi32  0xa0003e50        0x0 build/pic32mx695f_wireless_eval_board_miwi/production/_ext/1324760662/drv_spi.o
 .mdebug.abi32  0xa0003e50        0x0 build/pic32mx695f_wireless_eval_board_miwi/production/_ext/1385053818/drv_spi_sys_queue_fifo.o
 .mdebug.abi32  0xa0003e50        0x0 build/pic32mx695f_wireless_eval_board_miwi/production/_ext/941160041/drv_tmr.o
 .mdebug.abi32  0xa0003e50        0x0 build/pic32mx695f_wireless_eval_board_miwi/production/_ext/821589181/drv_usart.o
 .mdebug.abi32  0xa0003e50        0x0 build/pic32mx695f_wireless_eval_board_miwi/production/_ext/821589181/drv_usart_buffer_queue.o
 .mdebug.abi32  0xa0003e50        0x0 build/pic32mx695f_wireless_eval_board_miwi/production/_ext/821589181/drv_usart_read_write.o
 .mdebug.abi32  0xa0003e50        0x0 build/pic32mx695f_wireless_eval_board_miwi/production/_ext/1023149444/drv_wifi_com.o
 .mdebug.abi32  0xa0003e50        0x0 build/pic32mx695f_wireless_eval_board_miwi/production/_ext/1023149444/drv_wifi_commands.o
 .mdebug.abi32  0xa0003e50        0x0 build/pic32mx695f_wireless_eval_board_miwi/production/_ext/1023149444/drv_wifi_config_data.o
 .mdebug.abi32  0xa0003e50        0x0 build/pic32mx695f_wireless_eval_board_miwi/production/_ext/1023149444/drv_wifi_connection_algorithm.o
 .mdebug.abi32  0xa0003e50        0x0 build/pic32mx695f_wireless_eval_board_miwi/production/_ext/1023149444/drv_wifi_connection_manager.o
 .mdebug.abi32  0xa0003e50        0x0 build/pic32mx695f_wireless_eval_board_miwi/production/_ext/1023149444/drv_wifi_connection_profile.o
 .mdebug.abi32  0xa0003e50        0x0 build/pic32mx695f_wireless_eval_board_miwi/production/_ext/1023149444/drv_wifi_context_loader.o
 .mdebug.abi32  0xa0003e50        0x0 build/pic32mx695f_wireless_eval_board_miwi/production/_ext/1023149444/drv_wifi_debug_output.o
 .mdebug.abi32  0xa0003e50        0x0 build/pic32mx695f_wireless_eval_board_miwi/production/_ext/1023149444/drv_wifi_eint.o
 .mdebug.abi32  0xa0003e50        0x0 build/pic32mx695f_wireless_eval_board_miwi/production/_ext/1023149444/drv_wifi_events.o
 .mdebug.abi32  0xa0003e50        0x0 build/pic32mx695f_wireless_eval_board_miwi/production/_ext/1023149444/drv_wifi_event_handler.o
 .mdebug.abi32  0xa0003e50        0x0 build/pic32mx695f_wireless_eval_board_miwi/production/_ext/1023149444/drv_wifi_init.o
 .mdebug.abi32  0xa0003e50        0x0 build/pic32mx695f_wireless_eval_board_miwi/production/_ext/1023149444/drv_wifi_iwpriv.o
 .mdebug.abi32  0xa0003e50        0x0 build/pic32mx695f_wireless_eval_board_miwi/production/_ext/1023149444/drv_wifi_mac.o
 .mdebug.abi32  0xa0003e50        0x0 build/pic32mx695f_wireless_eval_board_miwi/production/_ext/1023149444/drv_wifi_main.o
 .mdebug.abi32  0xa0003e50        0x0 build/pic32mx695f_wireless_eval_board_miwi/production/_ext/1023149444/drv_wifi_mgmt_msg.o
 .mdebug.abi32  0xa0003e50        0x0 build/pic32mx695f_wireless_eval_board_miwi/production/_ext/1023149444/drv_wifi_param_msg.o
 .mdebug.abi32  0xa0003e50        0x0 build/pic32mx695f_wireless_eval_board_miwi/production/_ext/1023149444/drv_wifi_pbkdf2.o
 .mdebug.abi32  0xa0003e50        0x0 build/pic32mx695f_wireless_eval_board_miwi/production/_ext/1023149444/drv_wifi_power_save.o
 .mdebug.abi32  0xa0003e50        0x0 build/pic32mx695f_wireless_eval_board_miwi/production/_ext/1023149444/drv_wifi_raw.o
 .mdebug.abi32  0xa0003e50        0x0 build/pic32mx695f_wireless_eval_board_miwi/production/_ext/1023149444/drv_wifi_scan.o
 .mdebug.abi32  0xa0003e50        0x0 build/pic32mx695f_wireless_eval_board_miwi/production/_ext/1023149444/drv_wifi_scan_helper.o
 .mdebug.abi32  0xa0003e50        0x0 build/pic32mx695f_wireless_eval_board_miwi/production/_ext/1023149444/drv_wifi_softap_client_cache.o
 .mdebug.abi32  0xa0003e50        0x0 build/pic32mx695f_wireless_eval_board_miwi/production/_ext/1023149444/drv_wifi_spi.o
 .mdebug.abi32  0xa0003e50        0x0 build/pic32mx695f_wireless_eval_board_miwi/production/_ext/1023149444/drv_wifi_tx_power.o
 .mdebug.abi32  0xa0003e50        0x0 build/pic32mx695f_wireless_eval_board_miwi/production/_ext/1891376032/sys_command.o
 .mdebug.abi32  0xa0003e50        0x0 build/pic32mx695f_wireless_eval_board_miwi/production/_ext/1434663852/sys_console.o
 .mdebug.abi32  0xa0003e50        0x0 build/pic32mx695f_wireless_eval_board_miwi/production/_ext/1434663852/sys_console_uart.o
 .mdebug.abi32  0xa0003e50        0x0 build/pic32mx695f_wireless_eval_board_miwi/production/_ext/2137108136/sys_debug.o
 .mdebug.abi32  0xa0003e50        0x0 build/pic32mx695f_wireless_eval_board_miwi/production/_ext/482662494/sys_devcon.o
 .mdebug.abi32  0xa0003e50        0x0 build/pic32mx695f_wireless_eval_board_miwi/production/_ext/482662494/sys_devcon_pic32mx.o
 .mdebug.abi32  0xa0003e50        0x0 build/pic32mx695f_wireless_eval_board_miwi/production/_ext/1750042194/sys_fs.o
 .mdebug.abi32  0xa0003e50        0x0 build/pic32mx695f_wireless_eval_board_miwi/production/_ext/1750042194/sys_fs_media_manager.o
 .mdebug.abi32  0xa0003e50        0x0 build/pic32mx695f_wireless_eval_board_miwi/production/_ext/614935175/mpfs.o
 .mdebug.abi32  0xa0003e50        0x0 build/pic32mx695f_wireless_eval_board_miwi/production/_ext/1042686532/sys_int_pic32.o
 .mdebug.abi32  0xa0003e50        0x0 build/pic32mx695f_wireless_eval_board_miwi/production/_ext/470001640/sys_random.o
 .mdebug.abi32  0xa0003e50        0x0 build/pic32mx695f_wireless_eval_board_miwi/production/_ext/64182180/sys_reset.o
 .mdebug.abi32  0xa0003e50        0x0 build/pic32mx695f_wireless_eval_board_miwi/production/_ext/2110151058/sys_tmr.o
 .mdebug.abi32  0xa0003e50        0x0 build/pic32mx695f_wireless_eval_board_miwi/production/_ext/1886247299/sys_fs_wrapper.o
 .mdebug.abi32  0xa0003e50        0x0 build/pic32mx695f_wireless_eval_board_miwi/production/_ext/1886247299/helpers.o
 .mdebug.abi32  0xa0003e50        0x0 build/pic32mx695f_wireless_eval_board_miwi/production/_ext/1164207549/tcp.o
 .mdebug.abi32  0xa0003e50        0x0 build/pic32mx695f_wireless_eval_board_miwi/production/_ext/1164207549/udp.o
 .mdebug.abi32  0xa0003e50        0x0 build/pic32mx695f_wireless_eval_board_miwi/production/_ext/1164207549/tcpip_heap_alloc.o
 .mdebug.abi32  0xa0003e50        0x0 build/pic32mx695f_wireless_eval_board_miwi/production/_ext/1164207549/tcpip_heap_internal.o
 .mdebug.abi32  0xa0003e50        0x0 build/pic32mx695f_wireless_eval_board_miwi/production/_ext/1164207549/arp.o
 .mdebug.abi32  0xa0003e50        0x0 build/pic32mx695f_wireless_eval_board_miwi/production/_ext/1164207549/dhcp.o
 .mdebug.abi32  0xa0003e50        0x0 build/pic32mx695f_wireless_eval_board_miwi/production/_ext/1164207549/http.o
 .mdebug.abi32  0xa0003e50        0x0 build/pic32mx695f_wireless_eval_board_miwi/production/_ext/1164207549/icmp.o
 .mdebug.abi32  0xa0003e50        0x0 build/pic32mx695f_wireless_eval_board_miwi/production/_ext/1164207549/nbns.o
 .mdebug.abi32  0xa0003e50        0x0 build/pic32mx695f_wireless_eval_board_miwi/production/_ext/1164207549/zero_conf_helper.o
 .mdebug.abi32  0xa0003e50        0x0 build/pic32mx695f_wireless_eval_board_miwi/production/_ext/1164207549/zero_conf_link_local.o
 .mdebug.abi32  0xa0003e50        0x0 build/pic32mx695f_wireless_eval_board_miwi/production/_ext/1164207549/zero_conf_multicast_dns.o
 .mdebug.abi32  0xa0003e50        0x0 build/pic32mx695f_wireless_eval_board_miwi/production/_ext/1164207549/tcpip_commands.o
 .mdebug.abi32  0xa0003e50        0x0 build/pic32mx695f_wireless_eval_board_miwi/production/_ext/1164207549/hash_fnv.o
 .mdebug.abi32  0xa0003e50        0x0 build/pic32mx695f_wireless_eval_board_miwi/production/_ext/1164207549/oahash.o
 .mdebug.abi32  0xa0003e50        0x0 build/pic32mx695f_wireless_eval_board_miwi/production/_ext/1164207549/tcpip_helpers.o
 .mdebug.abi32  0xa0003e50        0x0 build/pic32mx695f_wireless_eval_board_miwi/production/_ext/1164207549/tcpip_manager.o
 .mdebug.abi32  0xa0003e50        0x0 build/pic32mx695f_wireless_eval_board_miwi/production/_ext/1164207549/tcpip_notify.o
 .mdebug.abi32  0xa0003e50        0x0 build/pic32mx695f_wireless_eval_board_miwi/production/_ext/1164207549/tcpip_packet.o
 .mdebug.abi32  0xa0003e50        0x0 build/pic32mx695f_wireless_eval_board_miwi/production/_ext/1164207549/ipv4.o
 .mdebug.abi32  0xa0003e50        0x0 build/pic32mx695f_wireless_eval_board_miwi/production/_ext/1164207549/dns.o
 .mdebug.abi32  0xa0003e50        0x0 build/pic32mx695f_wireless_eval_board_miwi/production/_ext/1164207549/tcpip_reboot.o
 .mdebug.abi32  0xa0003e50        0x0 build/pic32mx695f_wireless_eval_board_miwi/production/_ext/1164207549/tcpip_announce.o
 .mdebug.abi32  0xa0003e50        0x0 build/pic32mx695f_wireless_eval_board_miwi/production/_ext/1195191710/drv_spi_tasks.o
 .mdebug.abi32  0xa0003e50        0x0 build/pic32mx695f_wireless_eval_board_miwi/production/_ext/1195191710/drv_spi_api.o
 .mdebug.abi32  0xa0003e50        0x0 build/pic32mx695f_wireless_eval_board_miwi/production/_ext/1195191710/drv_spi_master_ebm_tasks.o
 .mdebug.abi32  0xa0003e50        0x0 build/pic32mx695f_wireless_eval_board_miwi/production/_ext/1281822272/sys_clk_static.o
 .mdebug.abi32  0xa0003e50        0x0 build/pic32mx695f_wireless_eval_board_miwi/production/_ext/1977974512/sys_ports_static.o
 .mdebug.abi32  0xa0003e50        0x0 build/pic32mx695f_wireless_eval_board_miwi/production/_ext/103363783/bsp.o
 .mdebug.abi32  0xa0003e50        0x0 build/pic32mx695f_wireless_eval_board_miwi/production/_ext/1516272791/system_init.o
 .mdebug.abi32  0xa0003e50        0x0 build/pic32mx695f_wireless_eval_board_miwi/production/_ext/1516272791/system_interrupt.o
 .mdebug.abi32  0xa0003e50        0x0 build/pic32mx695f_wireless_eval_board_miwi/production/_ext/1516272791/system_exceptions.o
 .mdebug.abi32  0xa0003e50        0x0 build/pic32mx695f_wireless_eval_board_miwi/production/_ext/1516272791/system_tasks.o
 .mdebug.abi32  0xa0003e50        0x0 c:/program files (x86)/microchip/xc32/v1.40/bin/bin/../../lib/gcc/pic32mx/4.8.3/../../../../pic32mx/lib\libmchp_peripheral_32MX695F512L.a(spi_getc_spi1_lib_legacy.o)
 .mdebug.abi32  0xa0003e50        0x0 c:/program files (x86)/microchip/xc32/v1.40/bin/bin/../../lib/gcc/pic32mx/4.8.3/../../../../pic32mx/lib\libmchp_peripheral_32MX695F512L.a(spi_getc_spi2_lib_legacy.o)
 .mdebug.abi32  0xa0003e50        0x0 c:/program files (x86)/microchip/xc32/v1.40/bin/bin/../../lib/gcc/pic32mx/4.8.3\libgcc.a(_udivdi3.o)
 .mdebug.abi32  0xa0003e50        0x0 c:/program files (x86)/microchip/xc32/v1.40/bin/bin/../../lib/gcc/pic32mx/4.8.3/../../../../pic32mx/lib\libpic32.a(default-bootstrap-exception-handler.o)
 .mdebug.abi32  0xa0003e50        0x0 c:/program files (x86)/microchip/xc32/v1.40/bin/bin/../../lib/gcc/pic32mx/4.8.3/../../../../pic32mx/lib\libpic32.a(default-on-reset.o)
 .mdebug.abi32  0xa0003e50        0x0 c:/program files (x86)/microchip/xc32/v1.40/bin/bin/../../lib/gcc/pic32mx/4.8.3/../../../../pic32mx/lib\libpic32.a(default-on-bootstrap.o)
 .mdebug.abi32  0xa0003e50        0x0 c:/program files (x86)/microchip/xc32/v1.40/bin/bin/../../lib/gcc/pic32mx/4.8.3/../../../../pic32mx/lib\libpic32.a(defaultinterrupt.o)
 .mdebug.abi32  0xa0003e50        0x0 c:/program files (x86)/microchip/xc32/v1.40/bin/bin/../../lib/gcc/pic32mx/4.8.3/../../../../pic32mx/lib\libc.a(atoi.o)
 .mdebug.abi32  0xa0003e50        0x0 c:/program files (x86)/microchip/xc32/v1.40/bin/bin/../../lib/gcc/pic32mx/4.8.3/../../../../pic32mx/lib\libc.a(atol.o)
 .mdebug.abi32  0xa0003e50        0x0 c:/program files (x86)/microchip/xc32/v1.40/bin/bin/../../lib/gcc/pic32mx/4.8.3/../../../../pic32mx/lib\libc.a(calloc.o)
 .mdebug.abi32  0xa0003e50        0x0 c:/program files (x86)/microchip/xc32/v1.40/bin/bin/../../lib/gcc/pic32mx/4.8.3/../../../../pic32mx/lib\libc.a(ctype.o)
 .mdebug.abi32  0xa0003e50        0x0 c:/program files (x86)/microchip/xc32/v1.40/bin/bin/../../lib/gcc/pic32mx/4.8.3/../../../../pic32mx/lib\libc.a(ctypef.o)
 .mdebug.abi32  0xa0003e50        0x0 c:/program files (x86)/microchip/xc32/v1.40/bin/bin/../../lib/gcc/pic32mx/4.8.3/../../../../pic32mx/lib\libc.a(malloc.o)
 .mdebug.abi32  0xa0003e50        0x0 c:/program files (x86)/microchip/xc32/v1.40/bin/bin/../../lib/gcc/pic32mx/4.8.3/../../../../pic32mx/lib\libc.a(rand.o)
 .mdebug.abi32  0xa0003e50        0x0 c:/program files (x86)/microchip/xc32/v1.40/bin/bin/../../lib/gcc/pic32mx/4.8.3/../../../../pic32mx/lib\libc.a(strcat.o)
 .mdebug.abi32  0xa0003e50        0x0 c:/program files (x86)/microchip/xc32/v1.40/bin/bin/../../lib/gcc/pic32mx/4.8.3/../../../../pic32mx/lib\libc.a(strchr.o)
 .mdebug.abi32  0xa0003e50        0x0 c:/program files (x86)/microchip/xc32/v1.40/bin/bin/../../lib/gcc/pic32mx/4.8.3/../../../../pic32mx/lib\libc.a(strncat.o)
 .mdebug.abi32  0xa0003e50        0x0 c:/program files (x86)/microchip/xc32/v1.40/bin/bin/../../lib/gcc/pic32mx/4.8.3/../../../../pic32mx/lib\libc.a(strncmp.o)
 .mdebug.abi32  0xa0003e50        0x0 c:/program files (x86)/microchip/xc32/v1.40/bin/bin/../../lib/gcc/pic32mx/4.8.3/../../../../pic32mx/lib\libc.a(strncpy.o)
 .mdebug.abi32  0xa0003e50        0x0 c:/program files (x86)/microchip/xc32/v1.40/bin/bin/../../lib/gcc/pic32mx/4.8.3/../../../../pic32mx/lib\libc.a(strtol.o)
 .mdebug.abi32  0xa0003e50        0x0 c:/program files (x86)/microchip/xc32/v1.40/bin/bin/../../lib/gcc/pic32mx/4.8.3/../../../../pic32mx/lib\libc.a(sprintf_cdnopuxX.eo)
 .mdebug.abi32  0xa0003e50        0x0 c:/program files (x86)/microchip/xc32/v1.40/bin/bin/../../lib/gcc/pic32mx/4.8.3/../../../../pic32mx/lib\libc.a(sprintf.o)
 .mdebug.abi32  0xa0003e50        0x0 c:/program files (x86)/microchip/xc32/v1.40/bin/bin/../../lib/gcc/pic32mx/4.8.3/../../../../pic32mx/lib\libc.a(sscanf_cdnopuxX.eo)
 .mdebug.abi32  0xa0003e50        0x0 c:/program files (x86)/microchip/xc32/v1.40/bin/bin/../../lib/gcc/pic32mx/4.8.3/../../../../pic32mx/lib\libc.a(vsnprintf.o)
 .mdebug.abi32  0xa0003e50        0x0 c:/program files (x86)/microchip/xc32/v1.40/bin/bin/../../lib/gcc/pic32mx/4.8.3/../../../../pic32mx/lib\libc.a(errno.o)
 .mdebug.abi32  0xa0003e50        0x0 c:/program files (x86)/microchip/xc32/v1.40/bin/bin/../../lib/gcc/pic32mx/4.8.3/../../../../pic32mx/lib\libc.a(doprnt_cdnopuxX.eo)
 .mdebug.abi32  0xa0003e50        0x0 c:/program files (x86)/microchip/xc32/v1.40/bin/bin/../../lib/gcc/pic32mx/4.8.3/../../../../pic32mx/lib\libc.a(doprnt.o)
 .mdebug.abi32  0xa0003e50        0x0 c:/program files (x86)/microchip/xc32/v1.40/bin/bin/../../lib/gcc/pic32mx/4.8.3/../../../../pic32mx/lib\libc.a(doscan_cdnopuxX.eo)
 .mdebug.abi32  0xa0003e50        0x0 c:/program files (x86)/microchip/xc32/v1.40/bin/bin/../../lib/gcc/pic32mx/4.8.3/../../../../pic32mx/lib\libc.a(fgetc.o)
 .mdebug.abi32  0xa0003e50        0x0 c:/program files (x86)/microchip/xc32/v1.40/bin/bin/../../lib/gcc/pic32mx/4.8.3/../../../../pic32mx/lib\libc.a(_fputc_simple.o)
 .mdebug.abi32  0xa0003e50        0x0 c:/program files (x86)/microchip/xc32/v1.40/bin/bin/../../lib/gcc/pic32mx/4.8.3/../../../../pic32mx/lib\libc.a(powersf.o)
 .mdebug.abi32  0xa0003e50        0x0 c:/program files (x86)/microchip/xc32/v1.40/bin/bin/../../lib/gcc/pic32mx/4.8.3/../../../../pic32mx/lib\libc.a(ungetc.o)
 .mdebug.abi32  0xa0003e50        0x0 c:/program files (x86)/microchip/xc32/v1.40/bin/bin/../../lib/gcc/pic32mx/4.8.3/../../../../pic32mx/lib\libc.a(_iob.o)
 .mdebug.abi32  0xa0003e50        0x0 c:/program files (x86)/microchip/xc32/v1.40/bin/bin/../../lib/gcc/pic32mx/4.8.3/../../../../pic32mx/lib\libc.a(filbuf.o)
 .mdebug.abi32  0xa0003e50        0x0 c:/program files (x86)/microchip/xc32/v1.40/bin/bin/../../lib/gcc/pic32mx/4.8.3/../../../../pic32mx/lib\libc.a(_flsbuf_simple.o)
 .mdebug.abi32  0xa0003e50        0x0 c:/program files (x86)/microchip/xc32/v1.40/bin/bin/../../lib/gcc/pic32mx/4.8.3/../../../../pic32mx/lib\libc.a(fflush.o)
 .mdebug.abi32  0xa0003e50        0x0 c:/program files (x86)/microchip/xc32/v1.40/bin/bin/../../lib/gcc/pic32mx/4.8.3/../../../../pic32mx/lib\libpic32.a(sbrk.o)
 .mdebug.abi32  0xa0003e50        0x0 c:/program files (x86)/microchip/xc32/v1.40/bin/bin/../../lib/gcc/pic32mx/4.8.3/../../../../pic32mx/lib\libpic32.a(read.o)
 .mdebug.abi32  0xa0003e50        0x0 c:/program files (x86)/microchip/xc32/v1.40/bin/bin/../../lib/gcc/pic32mx/4.8.3/../../../../pic32mx/lib\libpic32.a(write.o)
 .mdebug.abi32  0xa0003e50        0x0 c:/program files (x86)/microchip/xc32/v1.40/bin/bin/../../lib/gcc/pic32mx/4.8.3/../../../../pic32mx/lib\libpic32.a(xc32_uart.o)
 .mdebug.abi32  0xa0003e50        0x0 c:/program files (x86)/microchip/xc32/v1.40/bin/bin/../../lib/gcc/pic32mx/4.8.3/../../../../pic32mx/lib\libpic32.a(_mon_putc.o)
 .mdebug.abi32  0xa0003e50        0x0 c:/program files (x86)/microchip/xc32/v1.40/bin/bin/../../lib/gcc/pic32mx/4.8.3/../../../../pic32mx/lib\libe.a(_floatdisf.o)
 .mdebug.abi32  0xa0003e50        0x0 c:/program files (x86)/microchip/xc32/v1.40/bin/bin/../../lib/gcc/pic32mx/4.8.3\libgcc.a(_umoddi3.o)
 .mdebug.abi32  0xa0003e50        0x0 c:/program files (x86)/microchip/xc32/v1.40/bin/bin/../../lib/gcc/pic32mx/4.8.3\libgcc.a(floatunsisf.o)

.mdebug.abiN32
 *(.mdebug.abiN32)

.mdebug.abi64
 *(.mdebug.abi64)

.mdebug.abiO64
 *(.mdebug.abiO64)

.mdebug.eabi32
 *(.mdebug.eabi32)

.mdebug.eabi64
 *(.mdebug.eabi64)

.gcc_compiled_long32
 *(.gcc_compiled_long32)

.gcc_compiled_long64
 *(.gcc_compiled_long64)

.stab
 *(.stab)

.stabstr
 *(.stabstr)

.stab.excl
 *(.stab.excl)

.stab.exclstr
 *(.stab.exclstr)

.stab.index
 *(.stab.index)

.stab.indexstr
 *(.stab.indexstr)

.comment        0x00000000      0x279
 *(.comment)
 .comment       0x00000000       0x3c build/pic32mx695f_wireless_eval_board_miwi/production/_ext/1360937237/bsp_delay.o
                                 0x3d (size before relaxing)
 .comment       0x00000000       0x3d build/pic32mx695f_wireless_eval_board_miwi/production/_ext/574133884/spi_map_tbl_libp.o
 .comment       0x00000000       0x3d build/pic32mx695f_wireless_eval_board_miwi/production/_ext/574133884/spi_chn_getc_lib.o
 .comment       0x00000000       0x3d build/pic32mx695f_wireless_eval_board_miwi/production/_ext/574133884/spi_chn_putc_lib.o
 .comment       0x00000000       0x3d build/pic32mx695f_wireless_eval_board_miwi/production/_ext/2108517555/MRF24J40.o
 .comment       0x00000000       0x3d build/pic32mx695f_wireless_eval_board_miwi/production/_ext/1978374589/MiWiPRO.o
 .comment       0x00000000       0x3d build/pic32mx695f_wireless_eval_board_miwi/production/_ext/1562165165/NVM.o
 .comment       0x00000000       0x3d build/pic32mx695f_wireless_eval_board_miwi/production/_ext/1562165165/SymbolTime.o
 .comment       0x00000000       0x3d build/pic32mx695f_wireless_eval_board_miwi/production/_ext/1562165165/Console.o
 .comment       0x00000000       0x3d build/pic32mx695f_wireless_eval_board_miwi/production/_ext/1562165165/MSPI.o
 .comment       0x00000000       0x3d build/pic32mx695f_wireless_eval_board_miwi/production/_ext/579833599/LCD_ST7032.o
 .comment       0x00000000       0x3d build/pic32mx695f_wireless_eval_board_miwi/production/_ext/579833599/UART.o
 .comment       0x00000000       0x3d build/pic32mx695f_wireless_eval_board_miwi/production/_ext/579833599/SPIEEPROM.o
 .comment       0x00000000       0x3d build/pic32mx695f_wireless_eval_board_miwi/production/_ext/579833599/SPIFlash.o
 .comment       0x00000000       0x3d build/pic32mx695f_wireless_eval_board_miwi/production/_ext/1360937237/main.o
 .comment       0x00000000       0x3d build/pic32mx695f_wireless_eval_board_miwi/production/_ext/1360937237/app.o