Archive member included because of file (symbol)

c:/program files (x86)/microchip/xc32/v1.40/bin/bin/../../lib/gcc/pic32mx/4.8.3/../../../../pic32mx/lib\libmchp_peripheral_32MX695F512L.a(int_disable_interrupts_lib.o)
                              build/32mx_wireless_eval_board_easyconf/production/_ext/574161045/nvm_operation_lib.o (INTDisableInterrupts)
c:/program files (x86)/microchip/xc32/v1.40/bin/bin/../../lib/gcc/pic32mx/4.8.3/../../../../pic32mx/lib\libmchp_peripheral_32MX695F512L.a(int_restore_interrupts_lib.o)
                              build/32mx_wireless_eval_board_easyconf/production/_ext/574161045/nvm_operation_lib.o (INTRestoreInterrupts)
c:/program files (x86)/microchip/xc32/v1.40/bin/bin/../../lib/gcc/pic32mx/4.8.3/../../../../pic32mx/lib\libmchp_peripheral_32MX695F512L.a(spi_getc_spi1_lib_legacy.o)
                              build/32mx_wireless_eval_board_easyconf/production/_ext/1562165165/MSPI.o (getcSPI1)
c:/program files (x86)/microchip/xc32/v1.40/bin/bin/../../lib/gcc/pic32mx/4.8.3/../../../../pic32mx/lib\libmchp_peripheral_32MX695F512L.a(spi_getc_spi2_lib_legacy.o)
                              build/32mx_wireless_eval_board_easyconf/production/_ext/1562165165/MSPI.o (getcSPI2)
c:/program files (x86)/microchip/xc32/v1.40/bin/bin/../../lib/gcc/pic32mx/4.8.3\libgcc.a(_udivdi3.o)
                              build/32mx_wireless_eval_board_easyconf/production/_ext/2110151058/sys_tmr.o (__udivdi3)
c:/program files (x86)/microchip/xc32/v1.40/bin/bin/../../lib/gcc/pic32mx/4.8.3/../../../../pic32mx/lib\libpic32.a(memcmp.o)
                              build/32mx_wireless_eval_board_easyconf/production/_ext/1023149444/drv_wifi_event_handler.o (memcmp)
c:/program files (x86)/microchip/xc32/v1.40/bin/bin/../../lib/gcc/pic32mx/4.8.3/../../../../pic32mx/lib\libpic32.a(memcpy.o)
                              build/32mx_wireless_eval_board_easyconf/production/_ext/574161045/nvm_program_lib.o (memcpy)
c:/program files (x86)/microchip/xc32/v1.40/bin/bin/../../lib/gcc/pic32mx/4.8.3/../../../../pic32mx/lib\libpic32.a(memset.o)
                              build/32mx_wireless_eval_board_easyconf/production/_ext/574161045/nvm_write_word_lib.o (memset)
c:/program files (x86)/microchip/xc32/v1.40/bin/bin/../../lib/gcc/pic32mx/4.8.3/../../../../pic32mx/lib\libpic32.a(strcmp.o)
                              build/32mx_wireless_eval_board_easyconf/production/_ext/1023149444/drv_wifi_commands.o (strcmp)
c:/program files (x86)/microchip/xc32/v1.40/bin/bin/../../lib/gcc/pic32mx/4.8.3/../../../../pic32mx/lib\libpic32.a(strcpy.o)
                              build/32mx_wireless_eval_board_easyconf/production/_ext/1891376032/sys_command.o (strcpy)
c:/program files (x86)/microchip/xc32/v1.40/bin/bin/../../lib/gcc/pic32mx/4.8.3/../../../../pic32mx/lib\libpic32.a(strlen.o)
                              build/32mx_wireless_eval_board_easyconf/production/_ext/1562165165/MiWiHelper.o (strlen)
c:/program files (x86)/microchip/xc32/v1.40/bin/bin/../../lib/gcc/pic32mx/4.8.3/../../../../pic32mx/lib\libpic32.a(default-bootstrap-exception-handler.o)
                              c:/program files (x86)/microchip/xc32/v1.40/bin/bin/../../lib/gcc/pic32mx/4.8.3/../../../../pic32mx/lib/./proc/32MX695F512L/crt0_mips32r2.o (_bootstrap_exception_handler)
c:/program files (x86)/microchip/xc32/v1.40/bin/bin/../../lib/gcc/pic32mx/4.8.3/../../../../pic32mx/lib\libpic32.a(default-on-reset.o)
                              c:/program files (x86)/microchip/xc32/v1.40/bin/bin/../../lib/gcc/pic32mx/4.8.3/../../../../pic32mx/lib/./proc/32MX695F512L/crt0_mips32r2.o (_on_reset)
c:/program files (x86)/microchip/xc32/v1.40/bin/bin/../../lib/gcc/pic32mx/4.8.3/../../../../pic32mx/lib\libpic32.a(default-on-bootstrap.o)
                              c:/program files (x86)/microchip/xc32/v1.40/bin/bin/../../lib/gcc/pic32mx/4.8.3/../../../../pic32mx/lib/./proc/32MX695F512L/crt0_mips32r2.o (_on_bootstrap)
c:/program files (x86)/microchip/xc32/v1.40/bin/bin/../../lib/gcc/pic32mx/4.8.3/../../../../pic32mx/lib\libpic32.a(default-nmi-handler.o)
                              c:/program files (x86)/microchip/xc32/v1.40/bin/bin/../../lib/gcc/pic32mx/4.8.3/../../../../pic32mx/lib/./proc/32MX695F512L/crt0_mips32r2.o (_nmi_handler)
c:/program files (x86)/microchip/xc32/v1.40/bin/bin/../../lib/gcc/pic32mx/4.8.3/../../../../pic32mx/lib\libpic32.a(general-exception.o)
                              c:/program files (x86)/microchip/xc32/v1.40/bin/bin/../../lib/gcc/pic32mx/4.8.3/../../../../pic32mx/lib/./proc/32MX695F512L/crt0_mips32r2.o (_general_exception_context)
c:/program files (x86)/microchip/xc32/v1.40/bin/bin/../../lib/gcc/pic32mx/4.8.3/../../../../pic32mx/lib\libpic32.a(vector0.o)
                              c:/program files (x86)/microchip/xc32/v1.40/bin/bin/../../lib/gcc/pic32mx/4.8.3/../../../../pic32mx/lib/./proc/32MX695F512L\default_isr_vectors.o (__vector_dispatch_0)
[...]
Memory Configuration

Name             Origin             Length             Attributes
kseg0_program_mem 0x9d001000         0x0007f000         xr
my_reserved_flash 0x9d000000         0x00001000
kseg0_boot_mem   0x9fc00490         0x00000000
exception_mem    0x9fc01000         0x00001000
kseg1_boot_mem   0xbfc00000         0x00000490
debug_exec_mem   0xbfc02000         0x00000ff0
config3          0xbfc02ff0         0x00000004
config2          0xbfc02ff4         0x00000004
config1          0xbfc02ff8         0x00000004
config0          0xbfc02ffc         0x00000004
kseg1_data_mem   0xa0000000         0x00020000         w !x
sfrs             0xbf800000         0x00100000
configsfrs       0xbfc02ff0         0x00000010
*default*        0x00000000         0xffffffff

Linker script and memory map

LOAD c:/program files (x86)/microchip/xc32/v1.40/bin/bin/../../lib/gcc/pic32mx/4.8.3/../../../../pic32mx/lib/./proc/32MX695F512L/crt0_mips32r2.o
LOAD c:/program files (x86)/microchip/xc32/v1.40/bin/bin/../../lib/gcc/pic32mx/4.8.3/../../../../pic32mx/lib\debug-exception-return.o
LOAD build/32mx_wireless_eval_board_easyconf/production/_ext/1360937237/bsp_delay.o
LOAD build/32mx_wireless_eval_board_easyconf/production/_ext/574161045/nvm_clear_error_lib.o
LOAD build/32mx_wireless_eval_board_easyconf/production/_ext/574161045/nvm_erase_page_lib.o
LOAD build/32mx_wireless_eval_board_easyconf/production/_ext/574161045/nvm_operation_lib.o
LOAD build/32mx_wireless_eval_board_easyconf/production/_ext/574161045/nvm_program_lib.o
LOAD build/32mx_wireless_eval_board_easyconf/production/_ext/574161045/nvm_write_row_lib.o
LOAD build/32mx_wireless_eval_board_easyconf/production/_ext/574161045/nvm_write_word_lib.o
LOAD build/32mx_wireless_eval_board_easyconf/production/_ext/574133884/spi_map_tbl_libp.o
LOAD build/32mx_wireless_eval_board_easyconf/production/_ext/574133884/spi_chn_getc_lib.o
LOAD build/32mx_wireless_eval_board_easyconf/production/_ext/574133884/spi_chn_putc_lib.o
LOAD build/32mx_wireless_eval_board_easyconf/production/_ext/2108517555/MRF24J40.o
LOAD build/32mx_wireless_eval_board_easyconf/production/_ext/1978374589/MiWiPRO.o
LOAD build/32mx_wireless_eval_board_easyconf/production/_ext/1562165165/NVM.o
LOAD build/32mx_wireless_eval_board_easyconf/production/_ext/1562165165/SymbolTime.o
LOAD build/32mx_wireless_eval_board_easyconf/production/_ext/1562165165/Console.o
LOAD build/32mx_wireless_eval_board_easyconf/production/_ext/1562165165/MSPI.o
LOAD build/32mx_wireless_eval_board_easyconf/production/_ext/1562165165/MiWiHelper.o
LOAD build/32mx_wireless_eval_board_easyconf/production/_ext/579833599/LCD_ST7032.o
LOAD build/32mx_wireless_eval_board_easyconf/production/_ext/579833599/UART.o
LOAD build/32mx_wireless_eval_board_easyconf/production/_ext/579833599/SPIEEPROM.o
LOAD build/32mx_wireless_eval_board_easyconf/production/_ext/579833599/SPIFlash.o
LOAD build/32mx_wireless_eval_board_easyconf/production/_ext/579833599/DemoOutput.o
LOAD build/32mx_wireless_eval_board_easyconf/production/_ext/1360937237/main.o
LOAD build/32mx_wireless_eval_board_easyconf/production/_ext/1360937237/app.o
LOAD build/32mx_wireless_eval_board_easyconf/production/_ext/1360937237/http_print.o
LOAD build/32mx_wireless_eval_board_easyconf/production/_ext/1360937237/mpfs_img2.o
LOAD build/32mx_wireless_eval_board_easyconf/production/_ext/1360937237/app_miwi.o
LOAD build/32mx_wireless_eval_board_easyconf/production/_ext/184581597/drv_nvm.o
LOAD build/32mx_wireless_eval_board_easyconf/production/_ext/184581597/drv_nvm_erasewrite.o
LOAD build/32mx_wireless_eval_board_easyconf/production/_ext/1324760662/drv_spi.o
LOAD build/32mx_wireless_eval_board_easyconf/production/_ext/1385053818/drv_spi_sys_queue_fifo.o
LOAD build/32mx_wireless_eval_board_easyconf/production/_ext/941160041/drv_tmr.o
LOAD build/32mx_wireless_eval_board_easyconf/production/_ext/821589181/drv_usart.o
LOAD build/32mx_wireless_eval_board_easyconf/production/_ext/821589181/drv_usart_buffer_queue.o
LOAD build/32mx_wireless_eval_board_easyconf/production/_ext/821589181/drv_usart_read_write.o
LOAD build/32mx_wireless_eval_board_easyconf/production/_ext/1023149444/drv_wifi_com.o
LOAD build/32mx_wireless_eval_board_easyconf/production/_ext/1023149444/drv_wifi_commands.o
LOAD build/32mx_wireless_eval_board_easyconf/production/_ext/1023149444/drv_wifi_config_data.o
LOAD build/32mx_wireless_eval_board_easyconf/production/_ext/1023149444/drv_wifi_connection_algorithm.o
LOAD build/32mx_wireless_eval_board_easyconf/production/_ext/1023149444/drv_wifi_connection_manager.o
LOAD build/32mx_wireless_eval_board_easyconf/production/_ext/1023149444/drv_wifi_connection_profile.o
LOAD build/32mx_wireless_eval_board_easyconf/production/_ext/1023149444/drv_wifi_context_loader.o
LOAD build/32mx_wireless_eval_board_easyconf/production/_ext/1023149444/drv_wifi_debug_output.o
LOAD build/32mx_wireless_eval_board_easyconf/production/_ext/1023149444/drv_wifi_eint.o
LOAD build/32mx_wireless_eval_board_easyconf/production/_ext/1023149444/drv_wifi_events.o
LOAD build/32mx_wireless_eval_board_easyconf/production/_ext/1023149444/drv_wifi_event_handler.o
LOAD build/32mx_wireless_eval_board_easyconf/production/_ext/1023149444/drv_wifi_init.o
LOAD build/32mx_wireless_eval_board_easyconf/production/_ext/1023149444/drv_wifi_iwpriv.o
LOAD build/32mx_wireless_eval_board_easyconf/production/_ext/1023149444/drv_wifi_mac.o
LOAD build/32mx_wireless_eval_board_easyconf/production/_ext/1023149444/drv_wifi_main.o
LOAD build/32mx_wireless_eval_board_easyconf/production/_ext/1023149444/drv_wifi_mgmt_msg.o
LOAD build/32mx_wireless_eval_board_easyconf/production/_ext/1023149444/drv_wifi_param_msg.o
LOAD build/32mx_wireless_eval_board_easyconf/production/_ext/1023149444/drv_wifi_pbkdf2.o
LOAD build/32mx_wireless_eval_board_easyconf/production/_ext/1023149444/drv_wifi_power_save.o
LOAD build/32mx_wireless_eval_board_easyconf/production/_ext/1023149444/drv_wifi_raw.o
LOAD build/32mx_wireless_eval_board_easyconf/production/_ext/1023149444/drv_wifi_scan.o
LOAD build/32mx_wireless_eval_board_easyconf/production/_ext/1023149444/drv_wifi_scan_helper.o
LOAD build/32mx_wireless_eval_board_easyconf/production/_ext/1023149444/drv_wifi_softap_client_cache.o
LOAD build/32mx_wireless_eval_board_easyconf/production/_ext/1023149444/drv_wifi_spi.o
LOAD build/32mx_wireless_eval_board_easyconf/production/_ext/1023149444/drv_wifi_tx_power.o
LOAD build/32mx_wireless_eval_board_easyconf/production/_ext/1891376032/sys_command.o
LOAD build/32mx_wireless_eval_board_easyconf/production/_ext/598853952/sys_buffer.o
LOAD build/32mx_wireless_eval_board_easyconf/production/_ext/598853952/sys_queue.o
LOAD build/32mx_wireless_eval_board_easyconf/production/_ext/1434663852/sys_console.o
LOAD build/32mx_wireless_eval_board_easyconf/production/_ext/1434663852/sys_console_uart.o
LOAD build/32mx_wireless_eval_board_easyconf/production/_ext/2137108136/sys_debug.o
LOAD build/32mx_wireless_eval_board_easyconf/production/_ext/482662494/sys_devcon.o
LOAD build/32mx_wireless_eval_board_easyconf/production/_ext/482662494/sys_devcon_pic32mx.o
LOAD build/32mx_wireless_eval_board_easyconf/production/_ext/1750042194/sys_fs.o
LOAD build/32mx_wireless_eval_board_easyconf/production/_ext/1750042194/sys_fs_media_manager.o
LOAD build/32mx_wireless_eval_board_easyconf/production/_ext/614935175/mpfs.o
LOAD build/32mx_wireless_eval_board_easyconf/production/_ext/1042686532/sys_int_pic32.o
LOAD build/32mx_wireless_eval_board_easyconf/production/_ext/470001640/sys_random.o
LOAD build/32mx_wireless_eval_board_easyconf/production/_ext/64182180/sys_reset.o
LOAD build/32mx_wireless_eval_board_easyconf/production/_ext/2110151058/sys_tmr.o
LOAD build/32mx_wireless_eval_board_easyconf/production/_ext/1886247299/sys_fs_wrapper.o
LOAD build/32mx_wireless_eval_board_easyconf/production/_ext/1886247299/helpers.o
LOAD build/32mx_wireless_eval_board_easyconf/production/_ext/1164207549/tcp.o
LOAD build/32mx_wireless_eval_board_easyconf/production/_ext/1164207549/udp.o
LOAD build/32mx_wireless_eval_board_easyconf/production/_ext/1164207549/tcpip_heap_alloc.o
LOAD build/32mx_wireless_eval_board_easyconf/production/_ext/1164207549/tcpip_heap_internal.o
LOAD build/32mx_wireless_eval_board_easyconf/production/_ext/1164207549/arp.o
LOAD build/32mx_wireless_eval_board_easyconf/production/_ext/1164207549/dhcp.o
LOAD build/32mx_wireless_eval_board_easyconf/production/_ext/1164207549/http.o
LOAD build/32mx_wireless_eval_board_easyconf/production/_ext/1164207549/icmp.o
LOAD build/32mx_wireless_eval_board_easyconf/production/_ext/1164207549/nbns.o
LOAD build/32mx_wireless_eval_board_easyconf/production/_ext/1164207549/zero_conf_helper.o
LOAD build/32mx_wireless_eval_board_easyconf/production/_ext/1164207549/zero_conf_link_local.o
LOAD build/32mx_wireless_eval_board_easyconf/production/_ext/1164207549/zero_conf_multicast_dns.o
LOAD build/32mx_wireless_eval_board_easyconf/production/_ext/1164207549/tcpip_commands.o
LOAD build/32mx_wireless_eval_board_easyconf/production/_ext/1164207549/hash_fnv.o
LOAD build/32mx_wireless_eval_board_easyconf/production/_ext/1164207549/oahash.o
LOAD build/32mx_wireless_eval_board_easyconf/production/_ext/1164207549/tcpip_helpers.o
LOAD build/32mx_wireless_eval_board_easyconf/production/_ext/1164207549/tcpip_helper_c32.o
LOAD build/32mx_wireless_eval_board_easyconf/production/_ext/1164207549/tcpip_manager.o
LOAD build/32mx_wireless_eval_board_easyconf/production/_ext/1164207549/tcpip_notify.o
LOAD build/32mx_wireless_eval_board_easyconf/production/_ext/1164207549/tcpip_packet.o
LOAD build/32mx_wireless_eval_board_easyconf/production/_ext/1164207549/ipv4.o
LOAD build/32mx_wireless_eval_board_easyconf/production/_ext/1164207549/dns.o
LOAD build/32mx_wireless_eval_board_easyconf/production/_ext/1164207549/tcpip_announce.o
LOAD build/32mx_wireless_eval_board_easyconf/production/_ext/1360937237/app_wifi_easyconfig.o
LOAD build/32mx_wireless_eval_board_easyconf/production/_ext/1360937237/app_commands.o
LOAD build/32mx_wireless_eval_board_easyconf/production/_ext/1164207549/sntp.o
LOAD build/32mx_wireless_eval_board_easyconf/production/_ext/1164207549/dhcps.o
LOAD build/32mx_wireless_eval_board_easyconf/production/_ext/1164207549/dnss.o
LOAD build/32mx_wireless_eval_board_easyconf/production/_ext/855150742/drv_spi_tasks.o
LOAD build/32mx_wireless_eval_board_easyconf/production/_ext/855150742/drv_spi_api.o
LOAD build/32mx_wireless_eval_board_easyconf/production/_ext/855150742/drv_spi_master_ebm_tasks.o
LOAD build/32mx_wireless_eval_board_easyconf/production/_ext/855150742/drv_spi_master_rm_tasks.o
LOAD build/32mx_wireless_eval_board_easyconf/production/_ext/964341048/sys_clk_static.o
LOAD build/32mx_wireless_eval_board_easyconf/production/_ext/1821196264/sys_ports_static.o
LOAD build/32mx_wireless_eval_board_easyconf/production/_ext/368650959/bsp.o
LOAD build/32mx_wireless_eval_board_easyconf/production/_ext/510441119/system_init.o
LOAD build/32mx_wireless_eval_board_easyconf/production/_ext/510441119/system_interrupt.o
LOAD build/32mx_wireless_eval_board_easyconf/production/_ext/510441119/system_exceptions.o
LOAD build/32mx_wireless_eval_board_easyconf/production/_ext/510441119/system_tasks.o
LOAD build/32mx_wireless_eval_board_easyconf/production/_ext/1360937237/custom_http_app_easyconfig.o
LOAD ..\..\..\..\..\bin\framework\peripheral\PIC32MX695F512L_peripherals.a
                0x00000001                __MPLAB_BUILD = 0x1
                0x00000400                PROVIDE (_min_stack_size, 0x400)
LOAD c:/program files (x86)/microchip/xc32/v1.40/bin/bin/../../lib/gcc/pic32mx/4.8.3/../../../../pic32mx/lib/./proc/32MX695F512L\processor.o
START GROUP
LOAD c:/program files (x86)/microchip/xc32/v1.40/bin/bin/../../lib/gcc/pic32mx/4.8.3/../../../../pic32mx/lib\libmchp_peripheral.a
END GROUP
START GROUP
LOAD c:/program files (x86)/microchip/xc32/v1.40/bin/bin/../../lib/gcc/pic32mx/4.8.3/../../../../pic32mx/lib\libmchp_peripheral_32MX695F512L.a
END GROUP
                0x00000001                PROVIDE (_vector_spacing, 0x1)
                0x9fc01000                _ebase_address = 0x9fc01000
                0xbfc00000                _RESET_ADDR = 0xbfc00000
                0xbfc00380                _BEV_EXCPT_ADDR = 0xbfc00380
                0xbfc00480                _DBG_EXCPT_ADDR = 0xbfc00480
                0xbfc02000                _DBG_CODE_ADDR = 0xbfc02000
                0x00000ff0                _DBG_CODE_SIZE = 0xff0
                0x9fc01180                _GEN_EXCPT_ADDR = (_ebase_address + 0x180)

.config_BFC02FF0
                0xbfc02ff0        0x4
 *(.config_BFC02FF0)
 .config_BFC02FF0
                0xbfc02ff0        0x4 build/32mx_wireless_eval_board_easyconf/production/_ext/510441119/system_init.o

.config_BFC02FF4
                0xbfc02ff4        0x4
 *(.config_BFC02FF4)
 .config_BFC02FF4
                0xbfc02ff4        0x4 build/32mx_wireless_eval_board_easyconf/production/_ext/510441119/system_init.o

.config_BFC02FF8
                0xbfc02ff8        0x4
 *(.config_BFC02FF8)
 .config_BFC02FF8
                0xbfc02ff8        0x4 build/32mx_wireless_eval_board_easyconf/production/_ext/510441119/system_init.o

.config_BFC02FFC
                0xbfc02ffc        0x4
 *(.config_BFC02FFC)
 .config_BFC02FFC
                0xbfc02ffc        0x4 build/32mx_wireless_eval_board_easyconf/production/_ext/510441119/system_init.o

.my_space       0x9d000000        0x0
                0x9d000000                my_reserved_flash_addr = .
 *(.my_space)

.reset          0xbfc00000      0x1f4
 *(.reset)
 .reset         0xbfc00000        0x8 c:/program files (x86)/microchip/xc32/v1.40/bin/bin/../../lib/gcc/pic32mx/4.8.3/../../../../pic32mx/lib/./proc/32MX695F512L/crt0_mips32r2.o
                0xbfc00000                _reset
 *(.reset.startup)
 .reset.startup
                0xbfc00008      0x1ec c:/program files (x86)/microchip/xc32/v1.40/bin/bin/../../lib/gcc/pic32mx/4.8.3/../../../../pic32mx/lib/./proc/32MX695F512L/crt0_mips32r2.o

.bev_excpt      0xbfc00380       0x10
 *(.bev_handler)
 .bev_handler   0xbfc00380       0x10 c:/program files (x86)/microchip/xc32/v1.40/bin/bin/../../lib/gcc/pic32mx/4.8.3/../../../../pic32mx/lib/./proc/32MX695F512L/crt0_mips32r2.o

.dbg_excpt      0xbfc00480        0x0
                0xbfc00480                . = (. + DEFINED (_DEBUGGER)?0x8:0x0)

.dbg_code       0xbfc02000        0x0
                0xbfc02000                . = (. + DEFINED (_DEBUGGER)?_DBG_CODE_SIZE:0x0)

.app_excpt      0x9fc01180       0x10
 *(.gen_handler)
 .gen_handler   0x9fc01180       0x10 c:/program files (x86)/microchip/xc32/v1.40/bin/bin/../../lib/gcc/pic32mx/4.8.3/../../../../pic32mx/lib/./proc/32MX695F512L/crt0_mips32r2.o

.vector_0       0x9fc01200        0x8
 *(.vector_0)
 .vector_0      0x9fc01200        0x8 c:/program files (x86)/microchip/xc32/v1.40/bin/bin/../../lib/gcc/pic32mx/4.8.3/../../../../pic32mx/lib\libpic32.a(vector0.o)
                0x9fc01200                __vector_dispatch_0
                0x00000001                ASSERT (((_vector_spacing == 0x0) || (SIZEOF (.vector_0) <= (_vector_spacing << 0x5))), function at exception vector 0 too large)

.vector_1       0x9fc01220        0x8
 *(.vector_1)
 .vector_1      0x9fc01220        0x8 c:/program files (x86)/microchip/xc32/v1.40/bin/bin/../../lib/gcc/pic32mx/4.8.3/../../../../pic32mx/lib\libpic32.a(vector1.o)
                0x9fc01220                __vector_dispatch_1
                0x00000001                ASSERT (((_vector_spacing == 0x0) || (SIZEOF (.vector_1) <= (_vector_spacing << 0x5))), function at exception vector 1 too large)

.vector_2       0x9fc01240        0x8
 *(.vector_2)
 .vector_2      0x9fc01240        0x8 c:/program files (x86)/microchip/xc32/v1.40/bin/bin/../../lib/gcc/pic32mx/4.8.3/../../../../pic32mx/lib\libpic32.a(vector2.o)
                0x9fc01240                __vector_dispatch_2
                0x00000001                ASSERT (((_vector_spacing == 0x0) || (SIZEOF (.vector_2) <= (_vector_spacing << 0x5))), function at exception vector 2 too large)

.vector_3       0x9fc01260        0x8
 *(.vector_3)
 .vector_3      0x9fc01260        0x8 c:/program files (x86)/microchip/xc32/v1.40/bin/bin/../../lib/gcc/pic32mx/4.8.3/../../../../pic32mx/lib\libpic32.a(vector3.o)
                0x9fc01260                __vector_dispatch_3
                0x00000001                ASSERT (((_vector_spacing == 0x0) || (SIZEOF (.vector_3) <= (_vector_spacing << 0x5))), function at exception vector 3 too large)

.vector_4       0x9fc01280        0x8
 *(.vector_4)
 .vector_4      0x9fc01280        0x8 build/32mx_wireless_eval_board_easyconf/production/_ext/510441119/system_interrupt.o
                0x9fc01280                __vector_dispatch_4
                0x00000001                ASSERT (((_vector_spacing == 0x0) || (SIZEOF (.vector_4) <= (_vector_spacing << 0x5))), function at exception vector 4 too large)

.vector_5       0x9fc012a0        0x8
 *(.vector_5)
 .vector_5      0x9fc012a0        0x8 c:/program files (x86)/microchip/xc32/v1.40/bin/bin/../../lib/gcc/pic32mx/4.8.3/../../../../pic32mx/lib\libpic32.a(vector5.o)
                0x9fc012a0                __vector_dispatch_5
                0x00000001                ASSERT (((_vector_spacing == 0x0) || (SIZEOF (.vector_5) <= (_vector_spacing << 0x5))), function at exception vector 5 too large)

.vector_6       0x9fc012c0        0x8
 *(.vector_6)
 .vector_6      0x9fc012c0        0x8 c:/program files (x86)/microchip/xc32/v1.40/bin/bin/../../lib/gcc/pic32mx/4.8.3/../../../../pic32mx/lib\libpic32.a(vector6.o)
                0x9fc012c0                __vector_dispatch_6
                0x00000001                ASSERT (((_vector_spacing == 0x0) || (SIZEOF (.vector_6) <= (_vector_spacing << 0x5))), function at exception vector 6 too large)

.vector_7       0x9fc012e0        0x8
 *(.vector_7)
 .vector_7      0x9fc012e0        0x8 build/32mx_wireless_eval_board_easyconf/production/_ext/510441119/system_interrupt.o
                0x9fc012e0                __vector_dispatch_7
                0x00000001                ASSERT (((_vector_spacing == 0x0) || (SIZEOF (.vector_7) <= (_vector_spacing << 0x5))), function at exception vector 7 too large)

.vector_8       0x9fc01300        0x8
 *(.vector_8)
 .vector_8      0x9fc01300        0x8 c:/program files (x86)/microchip/xc32/v1.40/bin/bin/../../lib/gcc/pic32mx/4.8.3/../../../../pic32mx/lib\libpic32.a(vector8.o)
                0x9fc01300                __vector_dispatch_8
                0x00000001                ASSERT (((_vector_spacing == 0x0) || (SIZEOF (.vector_8) <= (_vector_spacing << 0x5))), function at exception vector 8 too large)

.vector_9       0x9fc01320        0x8
 *(.vector_9)
 .vector_9      0x9fc01320        0x8 c:/program files (x86)/microchip/xc32/v1.40/bin/bin/../../lib/gcc/pic32mx/4.8.3/../../../../pic32mx/lib\libpic32.a(vector9.o)
                0x9fc01320                __vector_dispatch_9
                0x00000001                ASSERT (((_vector_spacing == 0x0) || (SIZEOF (.vector_9) <= (_vector_spacing << 0x5))), function at exception vector 9 too large)

.vector_10      0x9fc01340        0x8
 *(.vector_10)
 .vector_10     0x9fc01340        0x8 c:/program files (x86)/microchip/xc32/v1.40/bin/bin/../../lib/gcc/pic32mx/4.8.3/../../../../pic32mx/lib\libpic32.a(vector10.o)
                0x9fc01340                __vector_dispatch_10
                0x00000001                ASSERT (((_vector_spacing == 0x0) || (SIZEOF (.vector_10) <= (_vector_spacing << 0x5))), function at exception vector 10 too large)

.vector_11      0x9fc01360        0x8
 *(.vector_11)
 .vector_11     0x9fc01360        0x8 build/32mx_wireless_eval_board_easyconf/production/_ext/510441119/system_interrupt.o
                0x9fc01360                __vector_dispatch_11
                0x00000001                ASSERT (((_vector_spacing == 0x0) || (SIZEOF (.vector_11) <= (_vector_spacing << 0x5))), function at exception vector 11 too large)

.vector_12      0x9fc01380        0x8
 *(.vector_12)
 .vector_12     0x9fc01380        0x8 c:/program files (x86)/microchip/xc32/v1.40/bin/bin/../../lib/gcc/pic32mx/4.8.3/../../../../pic32mx/lib\libpic32.a(vector12.o)
                0x9fc01380                __vector_dispatch_12
                0x00000001                ASSERT (((_vector_spacing == 0x0) || (SIZEOF (.vector_12) <= (_vector_spacing << 0x5))), function at exception vector 12 too large)

.vector_13      0x9fc013a0        0x8
 *(.vector_13)
 .vector_13     0x9fc013a0        0x8 c:/program files (x86)/microchip/xc32/v1.40/bin/bin/../../lib/gcc/pic32mx/4.8.3/../../../../pic32mx/lib\libpic32.a(vector13.o)
                0x9fc013a0                __vector_dispatch_13
                0x00000001                ASSERT (((_vector_spacing == 0x0) || (SIZEOF (.vector_13) <= (_vector_spacing << 0x5))), function at exception vector 13 too large)

.vector_14      0x9fc013c0        0x8
 *(.vector_14)
 .vector_14     0x9fc013c0        0x8 c:/program files (x86)/microchip/xc32/v1.40/bin/bin/../../lib/gcc/pic32mx/4.8.3/../../../../pic32mx/lib\libpic32.a(vector14.o)
                0x9fc013c0                __vector_dispatch_14
                0x00000001                ASSERT (((_vector_spacing == 0x0) || (SIZEOF (.vector_14) <= (_vector_spacing << 0x5))), function at exception vector 14 too large)

.vector_15      0x9fc013e0        0x8
 *(.vector_15)
 .vector_15     0x9fc013e0        0x8 c:/program files (x86)/microchip/xc32/v1.40/bin/bin/../../lib/gcc/pic32mx/4.8.3/../../../../pic32mx/lib\libpic32.a(vector15.o)
                0x9fc013e0                __vector_dispatch_15
                0x00000001                ASSERT (((_vector_spacing == 0x0) || (SIZEOF (.vector_15) <= (_vector_spacing << 0x5))), function at exception vector 15 too large)

.vector_16      0x9fc01400        0x8
 *(.vector_16)
 .vector_16     0x9fc01400        0x8 c:/program files (x86)/microchip/xc32/v1.40/bin/bin/../../lib/gcc/pic32mx/4.8.3/../../../../pic32mx/lib\libpic32.a(vector16.o)
                0x9fc01400                __vector_dispatch_16
                0x00000001                ASSERT (((_vector_spacing == 0x0) || (SIZEOF (.vector_16) <= (_vector_spacing << 0x5))), function at exception vector 16 too large)

.vector_17      0x9fc01420        0x8
 *(.vector_17)
 .vector_17     0x9fc01420        0x8 c:/program files (x86)/microchip/xc32/v1.40/bin/bin/../../lib/gcc/pic32mx/4.8.3/../../../../pic32mx/lib\libpic32.a(vector17.o)
                0x9fc01420                __vector_dispatch_17
                0x00000001                ASSERT (((_vector_spacing == 0x0) || (SIZEOF (.vector_17) <= (_vector_spacing << 0x5))), function at exception vector 17 too large)

.vector_18      0x9fc01440        0x8
 *(.vector_18)
 .vector_18     0x9fc01440        0x8 c:/program files (x86)/microchip/xc32/v1.40/bin/bin/../../lib/gcc/pic32mx/4.8.3/../../../../pic32mx/lib\libpic32.a(vector18.o)
                0x9fc01440                __vector_dispatch_18
                0x00000001                ASSERT (((_vector_spacing == 0x0) || (SIZEOF (.vector_18) <= (_vector_spacing << 0x5))), function at exception vector 18 too large)

.vector_19      0x9fc01460        0x8
 *(.vector_19)
 .vector_19     0x9fc01460        0x8 c:/program files (x86)/microchip/xc32/v1.40/bin/bin/../../lib/gcc/pic32mx/4.8.3/../../../../pic32mx/lib\libpic32.a(vector19.o)
                0x9fc01460                __vector_dispatch_19
                0x00000001                ASSERT (((_vector_spacing == 0x0) || (SIZEOF (.vector_19) <= (_vector_spacing << 0x5))), function at exception vector 19 too large)

.vector_20      0x9fc01480        0x8
 *(.vector_20)
 .vector_20     0x9fc01480        0x8 c:/program files (x86)/microchip/xc32/v1.40/bin/bin/../../lib/gcc/pic32mx/4.8.3/../../../../pic32mx/lib\libpic32.a(vector20.o)
                0x9fc01480                __vector_dispatch_20
                0x00000001                ASSERT (((_vector_spacing == 0x0) || (SIZEOF (.vector_20) <= (_vector_spacing << 0x5))), function at exception vector 20 too large)

.vector_21      0x9fc014a0        0x8
 *(.vector_21)
 .vector_21     0x9fc014a0        0x8 c:/program files (x86)/microchip/xc32/v1.40/bin/bin/../../lib/gcc/pic32mx/4.8.3/../../../../pic32mx/lib\libpic32.a(vector21.o)
                0x9fc014a0                __vector_dispatch_21
                0x00000001                ASSERT (((_vector_spacing == 0x0) || (SIZEOF (.vector_21) <= (_vector_spacing << 0x5))), function at exception vector 21 too large)

.vector_22      0x9fc014c0        0x8
 *(.vector_22)
 .vector_22     0x9fc014c0        0x8 c:/program files (x86)/microchip/xc32/v1.40/bin/bin/../../lib/gcc/pic32mx/4.8.3/../../../../pic32mx/lib\libpic32.a(vector22.o)
                0x9fc014c0                __vector_dispatch_22
                0x00000001                ASSERT (((_vector_spacing == 0x0) || (SIZEOF (.vector_22) <= (_vector_spacing << 0x5))), function at exception vector 22 too large)

.vector_23      0x9fc014e0        0x8
 *(.vector_23)
 .vector_23     0x9fc014e0        0x8 c:/program files (x86)/microchip/xc32/v1.40/bin/bin/../../lib/gcc/pic32mx/4.8.3/../../../../pic32mx/lib\libpic32.a(vector23.o)
                0x9fc014e0                __vector_dispatch_23
                0x00000001                ASSERT (((_vector_spacing == 0x0) || (SIZEOF (.vector_23) <= (_vector_spacing << 0x5))), function at exception vector 23 too large)

.vector_24      0x9fc01500        0x8
 *(.vector_24)
 .vector_24     0x9fc01500        0x8 c:/program files (x86)/microchip/xc32/v1.40/bin/bin/../../lib/gcc/pic32mx/4.8.3/../../../../pic32mx/lib\libpic32.a(vector24.o)
                0x9fc01500                __vector_dispatch_24
                0x00000001                ASSERT (((_vector_spacing == 0x0) || (SIZEOF (.vector_24) <= (_vector_spacing << 0x5))), function at exception vector 24 too large)

.vector_25      0x9fc01520        0x8
 *(.vector_25)
 .vector_25     0x9fc01520        0x8 c:/program files (x86)/microchip/xc32/v1.40/bin/bin/../../lib/gcc/pic32mx/4.8.3/../../../../pic32mx/lib\libpic32.a(vector25.o)
                0x9fc01520                __vector_dispatch_25
                0x00000001                ASSERT (((_vector_spacing == 0x0) || (SIZEOF (.vector_25) <= (_vector_spacing << 0x5))), function at exception vector 25 too large)

.vector_26      0x9fc01540        0x8
 *(.vector_26)
 .vector_26     0x9fc01540        0x8 c:/program files (x86)/microchip/xc32/v1.40/bin/bin/../../lib/gcc/pic32mx/4.8.3/../../../../pic32mx/lib\libpic32.a(vector26.o)
                0x9fc01540                __vector_dispatch_26
                0x00000001                ASSERT (((_vector_spacing == 0x0) || (SIZEOF (.vector_26) <= (_vector_spacing << 0x5))), function at exception vector 26 too large)

.vector_27      0x9fc01560        0x8
 *(.vector_27)
 .vector_27     0x9fc01560        0x8 c:/program files (x86)/microchip/xc32/v1.40/bin/bin/../../lib/gcc/pic32mx/4.8.3/../../../../pic32mx/lib\libpic32.a(vector27.o)
                0x9fc01560                __vector_dispatch_27
                0x00000001                ASSERT (((_vector_spacing == 0x0) || (SIZEOF (.vector_27) <= (_vector_spacing << 0x5))), function at exception vector 27 too large)

.vector_28      0x9fc01580        0x8
 *(.vector_28)
 .vector_28     0x9fc01580        0x8 c:/program files (x86)/microchip/xc32/v1.40/bin/bin/../../lib/gcc/pic32mx/4.8.3/../../../../pic32mx/lib\libpic32.a(vector28.o)
                0x9fc01580                __vector_dispatch_28
                0x00000001                ASSERT (((_vector_spacing == 0x0) || (SIZEOF (.vector_28) <= (_vector_spacing << 0x5))), function at exception vector 28 too large)

.vector_29      0x9fc015a0        0x8
 *(.vector_29)
 .vector_29     0x9fc015a0        0x8 c:/program files (x86)/microchip/xc32/v1.40/bin/bin/../../lib/gcc/pic32mx/4.8.3/../../../../pic32mx/lib\libpic32.a(vector29.o)
                0x9fc015a0                __vector_dispatch_29
                0x00000001                ASSERT (((_vector_spacing == 0x0) || (SIZEOF (.vector_29) <= (_vector_spacing << 0x5))), function at exception vector 29 too large)

.vector_30      0x9fc015c0        0x8
 *(.vector_30)
 .vector_30     0x9fc015c0        0x8 c:/program files (x86)/microchip/xc32/v1.40/bin/bin/../../lib/gcc/pic32mx/4.8.3/../../../../pic32mx/lib\libpic32.a(vector30.o)
                0x9fc015c0                __vector_dispatch_30
                0x00000001                ASSERT (((_vector_spacing == 0x0) || (SIZEOF (.vector_30) <= (_vector_spacing << 0x5))), function at exception vector 30 too large)

.vector_31      0x9fc015e0        0x8
 *(.vector_31)
 .vector_31     0x9fc015e0        0x8 c:/program files (x86)/microchip/xc32/v1.40/bin/bin/../../lib/gcc/pic32mx/4.8.3/../../../../pic32mx/lib\libpic32.a(vector31.o)
                0x9fc015e0                __vector_dispatch_31
                0x00000001                ASSERT (((_vector_spacing == 0x0) || (SIZEOF (.vector_31) <= (_vector_spacing << 0x5))), function at exception vector 31 too large)

.vector_32      0x9fc01600        0x8
 *(.vector_32)
 .vector_32     0x9fc01600        0x8 build/32mx_wireless_eval_board_easyconf/production/_ext/510441119/system_interrupt.o
                0x9fc01600                __vector_dispatch_32
                0x00000001                ASSERT (((_vector_spacing == 0x0) || (SIZEOF (.vector_32) <= (_vector_spacing << 0x5))), function at exception vector 32 too large)

.vector_33      0x9fc01620        0x8
 *(.vector_33)
 .vector_33     0x9fc01620        0x8 c:/program files (x86)/microchip/xc32/v1.40/bin/bin/../../lib/gcc/pic32mx/4.8.3/../../../../pic32mx/lib\libpic32.a(vector33.o)
                0x9fc01620                __vector_dispatch_33
                0x00000001                ASSERT (((_vector_spacing == 0x0) || (SIZEOF (.vector_33) <= (_vector_spacing << 0x5))), function at exception vector 33 too large)

.vector_34      0x9fc01640        0x8
 *(.vector_34)
 .vector_34     0x9fc01640        0x8 c:/program files (x86)/microchip/xc32/v1.40/bin/bin/../../lib/gcc/pic32mx/4.8.3/../../../../pic32mx/lib\libpic32.a(vector34.o)
                0x9fc01640                __vector_dispatch_34
                0x00000001                ASSERT (((_vector_spacing == 0x0) || (SIZEOF (.vector_34) <= (_vector_spacing << 0x5))), function at exception vector 34 too large)

.vector_35      0x9fc01660        0x8
 *(.vector_35)
 .vector_35     0x9fc01660        0x8 c:/program files (x86)/microchip/xc32/v1.40/bin/bin/../../lib/gcc/pic32mx/4.8.3/../../../../pic32mx/lib\libpic32.a(vector35.o)
                0x9fc01660                __vector_dispatch_35
                0x00000001                ASSERT (((_vector_spacing == 0x0) || (SIZEOF (.vector_35) <= (_vector_spacing << 0x5))), function at exception vector 35 too large)

.vector_36      0x9fc01680        0x8
 *(.vector_36)
 .vector_36     0x9fc01680        0x8 c:/program files (x86)/microchip/xc32/v1.40/bin/bin/../../lib/gcc/pic32mx/4.8.3/../../../../pic32mx/lib\libpic32.a(vector36.o)
                0x9fc01680                __vector_dispatch_36
                0x00000001                ASSERT (((_vector_spacing == 0x0) || (SIZEOF (.vector_36) <= (_vector_spacing << 0x5))), function at exception vector 36 too large)

.vector_37      0x9fc016a0        0x8
 *(.vector_37)
 .vector_37     0x9fc016a0        0x8 c:/program files (x86)/microchip/xc32/v1.40/bin/bin/../../lib/gcc/pic32mx/4.8.3/../../../../pic32mx/lib\libpic32.a(vector37.o)
                0x9fc016a0                __vector_dispatch_37
                0x00000001                ASSERT (((_vector_spacing == 0x0) || (SIZEOF (.vector_37) <= (_vector_spacing << 0x5))), function at exception vector 37 too large)

.vector_38      0x9fc016c0        0x8
 *(.vector_38)
 .vector_38     0x9fc016c0        0x8 c:/program files (x86)/microchip/xc32/v1.40/bin/bin/../../lib/gcc/pic32mx/4.8.3/../../../../pic32mx/lib\libpic32.a(vector38.o)
                0x9fc016c0                __vector_dispatch_38
                0x00000001                ASSERT (((_vector_spacing == 0x0) || (SIZEOF (.vector_38) <= (_vector_spacing << 0x5))), function at exception vector 38 too large)

.vector_39      0x9fc016e0        0x8
 *(.vector_39)
 .vector_39     0x9fc016e0        0x8 c:/program files (x86)/microchip/xc32/v1.40/bin/bin/../../lib/gcc/pic32mx/4.8.3/../../../../pic32mx/lib\libpic32.a(vector39.o)
                0x9fc016e0                __vector_dispatch_39
                0x00000001                ASSERT (((_vector_spacing == 0x0) || (SIZEOF (.vector_39) <= (_vector_spacing << 0x5))), function at exception vector 39 too large)

.vector_40      0x9fc01700        0x8
 *(.vector_40)
 .vector_40     0x9fc01700        0x8 c:/program files (x86)/microchip/xc32/v1.40/bin/bin/../../lib/gcc/pic32mx/4.8.3/../../../../pic32mx/lib\libpic32.a(vector40.o)
                0x9fc01700                __vector_dispatch_40
                0x00000001                ASSERT (((_vector_spacing == 0x0) || (SIZEOF (.vector_40) <= (_vector_spacing << 0x5))), function at exception vector 40 too large)

.vector_41      0x9fc01720        0x8
 *(.vector_41)
 .vector_41     0x9fc01720        0x8 c:/program files (x86)/microchip/xc32/v1.40/bin/bin/../../lib/gcc/pic32mx/4.8.3/../../../../pic32mx/lib\libpic32.a(vector41.o)
                0x9fc01720                __vector_dispatch_41
                0x00000001                ASSERT (((_vector_spacing == 0x0) || (SIZEOF (.vector_41) <= (_vector_spacing << 0x5))), function at exception vector 41 too large)

.vector_42      0x9fc01740        0x8
 *(.vector_42)
 .vector_42     0x9fc01740        0x8 c:/program files (x86)/microchip/xc32/v1.40/bin/bin/../../lib/gcc/pic32mx/4.8.3/../../../../pic32mx/lib\libpic32.a(vector42.o)
                0x9fc01740                __vector_dispatch_42
                0x00000001                ASSERT (((_vector_spacing == 0x0) || (SIZEOF (.vector_42) <= (_vector_spacing << 0x5))), function at exception vector 42 too large)

.vector_43      0x9fc01760        0x8
 *(.vector_43)
 .vector_43     0x9fc01760        0x8 c:/program files (x86)/microchip/xc32/v1.40/bin/bin/../../lib/gcc/pic32mx/4.8.3/../../../../pic32mx/lib\libpic32.a(vector43.o)
                0x9fc01760                __vector_dispatch_43
                0x00000001                ASSERT (((_vector_spacing == 0x0) || (SIZEOF (.vector_43) <= (_vector_spacing << 0x5))), function at exception vector 43 too large)

.vector_44      0x9fc01780        0x8
 *(.vector_44)
 .vector_44     0x9fc01780        0x8 build/32mx_wireless_eval_board_easyconf/production/_ext/510441119/system_interrupt.o
                0x9fc01780                __vector_dispatch_44
                0x00000001                ASSERT (((_vector_spacing == 0x0) || (SIZEOF (.vector_44) <= (_vector_spacing << 0x5))), function at exception vector 44 too large)

.vector_45      0x9fc017a0        0x8
 *(.vector_45)
 .vector_45     0x9fc017a0        0x8 c:/program files (x86)/microchip/xc32/v1.40/bin/bin/../../lib/gcc/pic32mx/4.8.3/../../../../pic32mx/lib\libpic32.a(vector45.o)
                0x9fc017a0                __vector_dispatch_45
                0x00000001                ASSERT (((_vector_spacing == 0x0) || (SIZEOF (.vector_45) <= (_vector_spacing << 0x5))), function at exception vector 45 too large)

.vector_46      0x9fc017c0        0x8
 *(.vector_46)
 .vector_46     0x9fc017c0        0x8 c:/program files (x86)/microchip/xc32/v1.40/bin/bin/../../lib/gcc/pic32mx/4.8.3/../../../../pic32mx/lib\libpic32.a(vector46.o)
                0x9fc017c0                __vector_dispatch_46
                0x00000001                ASSERT (((_vector_spacing == 0x0) || (SIZEOF (.vector_46) <= (_vector_spacing << 0x5))), function at exception vector 46 too large)

.vector_47      0x9fc017e0        0x8
 *(.vector_47)
 .vector_47     0x9fc017e0        0x8 c:/program files (x86)/microchip/xc32/v1.40/bin/bin/../../lib/gcc/pic32mx/4.8.3/../../../../pic32mx/lib\libpic32.a(vector47.o)
                0x9fc017e0                __vector_dispatch_47
                0x00000001                ASSERT (((_vector_spacing == 0x0) || (SIZEOF (.vector_47) <= (_vector_spacing << 0x5))), function at exception vector 47 too large)

.vector_48      0x9fc01800        0x8
 *(.vector_48)
 .vector_48     0x9fc01800        0x8 c:/program files (x86)/microchip/xc32/v1.40/bin/bin/../../lib/gcc/pic32mx/4.8.3/../../../../pic32mx/lib\libpic32.a(vector48.o)
                0x9fc01800                __vector_dispatch_48
                0x00000001                ASSERT (((_vector_spacing == 0x0) || (SIZEOF (.vector_48) <= (_vector_spacing << 0x5))), function at exception vector 48 too large)

.vector_49      0x9fc01820        0x8
 *(.vector_49)
 .vector_49     0x9fc01820        0x8 c:/program files (x86)/microchip/xc32/v1.40/bin/bin/../../lib/gcc/pic32mx/4.8.3/../../../../pic32mx/lib\libpic32.a(vector49.o)
                0x9fc01820                __vector_dispatch_49
                0x00000001                ASSERT (((_vector_spacing == 0x0) || (SIZEOF (.vector_49) <= (_vector_spacing << 0x5))), function at exception vector 49 too large)

.vector_50      0x9fc01840        0x8
 *(.vector_50)
 .vector_50     0x9fc01840        0x8 c:/program files (x86)/microchip/xc32/v1.40/bin/bin/../../lib/gcc/pic32mx/4.8.3/../../../../pic32mx/lib\libpic32.a(vector50.o)
                0x9fc01840                __vector_dispatch_50
                0x00000001                ASSERT (((_vector_spacing == 0x0) || (SIZEOF (.vector_50) <= (_vector_spacing << 0x5))), function at exception vector 50 too large)

.vector_51      0x9fc01860        0x8
 *(.vector_51)
 .vector_51     0x9fc01860        0x8 c:/program files (x86)/microchip/xc32/v1.40/bin/bin/../../lib/gcc/pic32mx/4.8.3/../../../../pic32mx/lib\libpic32.a(vector51.o)
                0x9fc01860                __vector_dispatch_51
                0x00000001                ASSERT (((_vector_spacing == 0x0) || (SIZEOF (.vector_51) <= (_vector_spacing << 0x5))), function at exception vector 51 too large)

.vector_52      0x9fc01880        0x0
 *(.vector_52)
                0x00000001                ASSERT (((_vector_spacing == 0x0) || (SIZEOF (.vector_52) <= (_vector_spacing << 0x5))), function at exception vector 52 too large)

.vector_53      0x9fc018a0        0x0
 *(.vector_53)
                0x00000001                ASSERT (((_vector_spacing == 0x0) || (SIZEOF (.vector_53) <= (_vector_spacing << 0x5))), function at exception vector 53 too large)

.vector_54      0x9fc018c0        0x0
 *(.vector_54)
                0x00000001                ASSERT (((_vector_spacing == 0x0) || (SIZEOF (.vector_54) <= (_vector_spacing << 0x5))), function at exception vector 54 too large)

.vector_55      0x9fc018e0        0x0
 *(.vector_55)
                0x00000001                ASSERT (((_vector_spacing == 0x0) || (SIZEOF (.vector_55) <= (_vector_spacing << 0x5))), function at exception vector 55 too large)

.vector_56      0x9fc01900        0x0
 *(.vector_56)
                0x00000001                ASSERT (((_vector_spacing == 0x0) || (SIZEOF (.vector_56) <= (_vector_spacing << 0x5))), function at exception vector 56 too large)

.vector_57      0x9fc01920        0x0
 *(.vector_57)
                0x00000001                ASSERT (((_vector_spacing == 0x0) || (SIZEOF (.vector_57) <= (_vector_spacing << 0x5))), function at exception vector 57 too large)

.vector_58      0x9fc01940        0x0
 *(.vector_58)
                0x00000001                ASSERT (((_vector_spacing == 0x0) || (SIZEOF (.vector_58) <= (_vector_spacing << 0x5))), function at exception vector 58 too large)

.vector_59      0x9fc01960        0x0
 *(.vector_59)
                0x00000001                ASSERT (((_vector_spacing == 0x0) || (SIZEOF (.vector_59) <= (_vector_spacing << 0x5))), function at exception vector 59 too large)

.vector_60      0x9fc01980        0x0
 *(.vector_60)
                0x00000001                ASSERT (((_vector_spacing == 0x0) || (SIZEOF (.vector_60) <= (_vector_spacing << 0x5))), function at exception vector 60 too large)

.vector_61      0x9fc019a0        0x0
 *(.vector_61)
                0x00000001                ASSERT (((_vector_spacing == 0x0) || (SIZEOF (.vector_61) <= (_vector_spacing << 0x5))), function at exception vector 61 too large)

.vector_62      0x9fc019c0        0x0
 *(.vector_62)
                0x00000001                ASSERT (((_vector_spacing == 0x0) || (SIZEOF (.vector_62) <= (_vector_spacing << 0x5))), function at exception vector 62 too large)

.vector_63      0x9fc019e0        0x0
 *(.vector_63)
                0x00000001                ASSERT (((_vector_spacing == 0x0) || (SIZEOF (.vector_63) <= (_vector_spacing << 0x5))), function at exception vector 63 too large)

.startup
 *(.startup)

.text           0x9d001000        0x0
 *(.stub .gnu.linkonce.t.*)
 *(.text.*personality*)
 *(.mips16.fn.*)
 *(.mips16.call.*)
 *(.gnu.warning)
                0x9d001000                . = ALIGN (0x4)

.init           0x9d001000        0x0
 *crti.o(.init)
 *crtbegin.o(.init)
 *(EXCLUDE_FILE(*crtn.o *crtend?.o *crtend.o) .init)
 *crtend.o(.init)
 *crtn.o(.init)
                0x9d001000                . = ALIGN (0x4)

.fini           0x9d001000        0x0
 *(.fini)
                0x9d001000                . = ALIGN (0x4)

.preinit_array  0x9d001000        0x0
                0x9d001000                PROVIDE (__preinit_array_start, .)
 *(.preinit_array)
                0x9d001000                PROVIDE (__preinit_array_end, .)
                0x9d001000                . = ALIGN (0x4)

.init_array     0x9d001000        0x0
                0x9d001000                PROVIDE (__init_array_start, .)
 *(SORT(.init_array.*))
 *(.init_array)
                0x9d001000                PROVIDE (__init_array_end, .)
                0x9d001000                . = ALIGN (0x4)

.fini_array     0x9d001000        0x0
                0x9d001000                PROVIDE (__fini_array_start, .)
 *(SORT(.fini_array.*))
 *(.fini_array)
                0x9d001000                PROVIDE (__fini_array_end, .)
                0x9d001000                . = ALIGN (0x4)

.ctors          0x9d001000        0x0
 *crtbegin.o(.ctors)
 *crtbegin?.o(.ctors)
 *(EXCLUDE_FILE(*crtend?.o *crtend.o) .ctors)
 *(SORT(.ctors.*))
 *(.ctors)
                0x9d001000                . = ALIGN (0x4)

.dtors          0x9d001000        0x0
 *crtbegin.o(.dtors)
 *crtbegin?.o(.dtors)
 *(EXCLUDE_FILE(*crtend?.o *crtend.o) .dtors)
 *(SORT(.dtors.*))
 *(.dtors)
                0x9d001000                . = ALIGN (0x4)

.rodata         0x9d001000        0x0
 *(.gnu.linkonce.r.*)
 *(.rodata1)
                0x9d001000                . = ALIGN (0x4)

.sdata2         0x9fc00490        0x0
 *(.sdata2 .sdata2.* .gnu.linkonce.s2.*)
                0x9fc00490                . = ALIGN (0x4)

.sbss2          0x9fc00490        0x0
 *(.sbss2 .sbss2.* .gnu.linkonce.sb2.*)
                0x9fc00490                . = ALIGN (0x4)

.eh_frame_hdr
 *(.eh_frame_hdr)
                0x9fc00490                . = ALIGN (0x4)

.eh_frame
 *(.eh_frame)
                0x9fc00490                . = ALIGN (0x4)

.gcc_except_table
 *(.gcc_except_table .gcc_except_table.*)
                0x9fc00490                . = ALIGN (0x4)

.dbg_data       0xa0000000        0x0
                0xa0000000                . = (. + DEFINED (_DEBUGGER)?0x200:0x0)

.jcr            0xa0000000        0x0
 *(.jcr)
                0xa0000000                . = ALIGN (0x4)

.eh_frame
 *(.eh_frame)
                0xa0000000                . = ALIGN (0x4)

.gcc_except_table
 *(.gcc_except_table .gcc_except_table.*)
                0xa0000000                . = ALIGN (0x4)

.persist        0xa0000000        0x0
                0xa0000000                _persist_begin = .
 *(.persist .persist.*)
 *(.pbss .pbss.*)
                0xa0000000                . = ALIGN (0x4)
                0xa0000000                _persist_end = .

.data           0xa0000000        0x0
 *(.gnu.linkonce.d.*)
 *(.data1)
                0xa0000000                . = ALIGN (0x4)
                0xa0000000                . = .
                0xa0007ff0                _gp = (ALIGN (0x10) + 0x7ff0)

.got            0xa0000000        0x0
 *(.got.plt)
 *(.got)
                0xa0000000                . = ALIGN (0x4)

.sdata          0xa0000000       0x78
                0xa0000000                _sdata_begin = .
 *(.sdata .sdata.* .gnu.linkonce.s.*)
 .sdata         0xa0000000        0x1 build/32mx_wireless_eval_board_easyconf/production/_ext/2108517555/MRF24J40.o
                0xa0000000                BankIndex
 *fill*         0xa0000001        0x3 
 .sdata         0xa0000004       0x14 build/32mx_wireless_eval_board_easyconf/production/_ext/1978374589/MiWiPRO.o
                0xa0000004                myLongAddress
                0xa000000c                currentChannel
                0xa000000d                AcknowledgementSeq
                0xa0000010                MiWiPROAckRequired
                0xa0000014                defaultHops
 .sdata         0xa0000018        0x8 build/32mx_wireless_eval_board_easyconf/production/_ext/1360937237/app.o
 .sdata         0xa0000020        0x1 build/32mx_wireless_eval_board_easyconf/production/_ext/1023149444/drv_wifi_commands.o
 *fill*         0xa0000021        0x3 
 .sdata         0xa0000024        0x4 build/32mx_wireless_eval_board_easyconf/production/_ext/1023149444/drv_wifi_config_data.o
                0xa0000024                p_wifi_configData
 .sdata         0xa0000028        0x1 build/32mx_wireless_eval_board_easyconf/production/_ext/1023149444/drv_wifi_mac.o
                0xa0000028                g_RxDataLock
 .sdata         0xa0000029        0x1 build/32mx_wireless_eval_board_easyconf/production/_ext/1023149444/drv_wifi_main.o
 .sdata         0xa000002a        0x1 build/32mx_wireless_eval_board_easyconf/production/_ext/1023149444/drv_wifi_power_save.o
 .sdata         0xa000002b        0x1 build/32mx_wireless_eval_board_easyconf/production/_ext/1023149444/drv_wifi_scan_helper.o
 .sdata         0xa000002c        0x4 build/32mx_wireless_eval_board_easyconf/production/_ext/1023149444/drv_wifi_spi.o
 .sdata         0xa0000030        0x8 build/32mx_wireless_eval_board_easyconf/production/_ext/1164207549/arp.o
 .sdata         0xa0000038        0x1 build/32mx_wireless_eval_board_easyconf/production/_ext/1164207549/zero_conf_helper.o
                0xa0000038                zeroconf_dbg_level
 *fill*         0xa0000039        0x3 
 .sdata         0xa000003c        0x8 build/32mx_wireless_eval_board_easyconf/production/_ext/1164207549/zero_conf_link_local.o
 .sdata         0xa0000044        0x8 build/32mx_wireless_eval_board_easyconf/production/_ext/1164207549/tcpip_commands.o
                0xa0000048                icmpPingSize
 .sdata         0xa000004c        0x4 build/32mx_wireless_eval_board_easyconf/production/_ext/1164207549/tcpip_manager.o
 .sdata         0xa0000050       0x10 build/32mx_wireless_eval_board_easyconf/production/_ext/1360937237/app_wifi_easyconfig.o
 .sdata         0xa0000060        0x1 build/32mx_wireless_eval_board_easyconf/production/_ext/1360937237/app_commands.o
 *fill*         0xa0000061        0x1 
 .sdata         0xa0000062        0x2 build/32mx_wireless_eval_board_easyconf/production/_ext/1164207549/sntp.o
 .sdata         0xa0000064        0xc build/32mx_wireless_eval_board_easyconf/production/_ext/510441119/system_init.o
                0xa0000064                sysConsoleObjects
                0xa0000068                consUsartInit0
 .sdata         0xa0000070        0x1 build/32mx_wireless_eval_board_easyconf/production/_ext/1360937237/custom_http_app_easyconfig.o
 *fill*         0xa0000071        0x3 
 .sdata         0xa0000074        0x4 c:/program files (x86)/microchip/xc32/v1.40/bin/bin/../../lib/gcc/pic32mx/4.8.3/../../../../pic32mx/lib\libpic32.a(xc32_uart.o)
                0xa0000074                __XC_UART
                0xa0000078                . = ALIGN (0x4)
                0xa0000078                _sdata_end = .

.lit8
 *(.lit8)

.lit4
 *(.lit4)
                0xa0000078                . = ALIGN (0x4)
                0xa0000078                _data_end = .
                0xa0000078                _bss_begin = .

.sbss           0xa0000078      0x420
                0xa0000078                _sbss_begin = .
 *(.dynsbss)
 *(.sbss .sbss.* .gnu.linkonce.sb.*)
 .sbss          0xa0000078        0x2 build/32mx_wireless_eval_board_easyconf/production/_ext/2108517555/MRF24J40.o
                0xa0000078                failureCounter
 .sbss          0xa000007a        0x1 build/32mx_wireless_eval_board_easyconf/production/_ext/1978374589/MiWiPRO.o
                0xa000007a                ConnMode
 *fill*         0xa000007b        0x1 
 .sbss          0xa000007c        0x8 build/32mx_wireless_eval_board_easyconf/production/_ext/579833599/SPIEEPROM.o
 .sbss          0xa0000084        0x8 build/32mx_wireless_eval_board_easyconf/production/_ext/579833599/SPIFlash.o
 .sbss          0xa000008c        0x8 build/32mx_wireless_eval_board_easyconf/production/_ext/1360937237/app.o
                0xa000008c                LEDstate
 .sbss          0xa0000094        0x2 build/32mx_wireless_eval_board_easyconf/production/_ext/184581597/drv_nvm.o
                0xa0000094                gDrvNVMBufferToken
 .sbss          0xa0000096        0x1 build/32mx_wireless_eval_board_easyconf/production/_ext/1324760662/drv_spi.o
 *fill*         0xa0000097        0x1 
 .sbss          0xa0000098        0x4 build/32mx_wireless_eval_board_easyconf/production/_ext/941160041/drv_tmr.o
 .sbss          0xa000009c        0x2 build/32mx_wireless_eval_board_easyconf/production/_ext/821589181/drv_usart_buffer_queue.o
 *fill*         0xa000009e        0x2 
 .sbss          0xa00000a0        0x8 build/32mx_wireless_eval_board_easyconf/production/_ext/1023149444/drv_wifi_com.o
 .sbss          0xa00000a8        0x4 build/32mx_wireless_eval_board_easyconf/production/_ext/1023149444/drv_wifi_commands.o
 .sbss          0xa00000ac        0x4 build/32mx_wireless_eval_board_easyconf/production/_ext/1023149444/drv_wifi_config_data.o
 .sbss          0xa00000b0        0x1 build/32mx_wireless_eval_board_easyconf/production/_ext/1023149444/drv_wifi_connection_manager.o
 *fill*         0xa00000b1        0x3 
 .sbss          0xa00000b4        0x8 build/32mx_wireless_eval_board_easyconf/production/_ext/1023149444/drv_wifi_context_loader.o
 .sbss          0xa00000bc        0x8 build/32mx_wireless_eval_board_easyconf/production/_ext/1023149444/drv_wifi_events.o
 .sbss          0xa00000c4        0x1 build/32mx_wireless_eval_board_easyconf/production/_ext/1023149444/drv_wifi_event_handler.o
 *fill*         0xa00000c5        0x3 
 .sbss          0xa00000c8        0x8 build/32mx_wireless_eval_board_easyconf/production/_ext/1023149444/drv_wifi_init.o
 .sbss          0xa00000d0        0x3 build/32mx_wireless_eval_board_easyconf/production/_ext/1023149444/drv_wifi_iwpriv.o
 *fill*         0xa00000d3        0x1 
 .sbss          0xa00000d4       0x44 build/32mx_wireless_eval_board_easyconf/production/_ext/1023149444/drv_wifi_mac.o
 .sbss          0xa0000118        0x4 build/32mx_wireless_eval_board_easyconf/production/_ext/1023149444/drv_wifi_main.o
 .sbss          0xa000011c        0x1 build/32mx_wireless_eval_board_easyconf/production/_ext/1023149444/drv_wifi_mgmt_msg.o
 *fill*         0xa000011d        0x3 
 .sbss          0xa0000120       0x38 build/32mx_wireless_eval_board_easyconf/production/_ext/1023149444/drv_wifi_pbkdf2.o
 .sbss          0xa0000158        0x4 build/32mx_wireless_eval_board_easyconf/production/_ext/1023149444/drv_wifi_power_save.o
 .sbss          0xa000015c        0x1 build/32mx_wireless_eval_board_easyconf/production/_ext/1023149444/drv_wifi_raw.o
                0xa000015c                g_RawIndexPastEnd
 *fill*         0xa000015d        0x3 
 .sbss          0xa0000160       0x18 build/32mx_wireless_eval_board_easyconf/production/_ext/1023149444/drv_wifi_spi.o
 .sbss          0xa0000178       0x10 build/32mx_wireless_eval_board_easyconf/production/_ext/1891376032/sys_command.o
 .sbss          0xa0000188        0x4 build/32mx_wireless_eval_board_easyconf/production/_ext/1750042194/sys_fs.o
                0xa0000188                gSYSFSEventHandler
 .sbss          0xa000018c       0x24 build/32mx_wireless_eval_board_easyconf/production/_ext/1164207549/tcp.o
 .sbss          0xa00001b0       0x1c build/32mx_wireless_eval_board_easyconf/production/_ext/1164207549/udp.o
 .sbss          0xa00001cc       0x20 build/32mx_wireless_eval_board_easyconf/production/_ext/1164207549/dhcp.o
 .sbss          0xa00001ec       0x20 build/32mx_wireless_eval_board_easyconf/production/_ext/1164207549/http.o
 .sbss          0xa000020c       0x18 build/32mx_wireless_eval_board_easyconf/production/_ext/1164207549/icmp.o
 .sbss          0xa0000224        0xc build/32mx_wireless_eval_board_easyconf/production/_ext/1164207549/nbns.o
 .sbss          0xa0000230        0xc build/32mx_wireless_eval_board_easyconf/production/_ext/1164207549/zero_conf_link_local.o
 .sbss          0xa000023c        0xc build/32mx_wireless_eval_board_easyconf/production/_ext/1164207549/zero_conf_multicast_dns.o
 .sbss          0xa0000248       0x4c build/32mx_wireless_eval_board_easyconf/production/_ext/1164207549/tcpip_commands.o
 .sbss          0xa0000294       0x24 build/32mx_wireless_eval_board_easyconf/production/_ext/1164207549/tcpip_manager.o
 .sbss          0xa00002b8        0x8 build/32mx_wireless_eval_board_easyconf/production/_ext/1164207549/tcpip_packet.o
 .sbss          0xa00002c0       0x1c build/32mx_wireless_eval_board_easyconf/production/_ext/1164207549/ipv4.o
                0xa00002d8                _IPv4StayAssertLoop
 .sbss          0xa00002dc       0x10 build/32mx_wireless_eval_board_easyconf/production/_ext/1164207549/dns.o
                0xa00002e4                _DNSStayAssertLoop
                0xa00002e8                _DNSStayCondLoop
 .sbss          0xa00002ec       0x1c build/32mx_wireless_eval_board_easyconf/production/_ext/1164207549/tcpip_announce.o
 .sbss          0xa0000308       0x14 build/32mx_wireless_eval_board_easyconf/production/_ext/1360937237/app_wifi_easyconfig.o
                0xa000030c                g_redirect_signal
 .sbss          0xa000031c        0x4 build/32mx_wireless_eval_board_easyconf/production/_ext/1360937237/app_commands.o
 .sbss          0xa0000320       0x48 build/32mx_wireless_eval_board_easyconf/production/_ext/1164207549/sntp.o
 .sbss          0xa0000368       0x14 build/32mx_wireless_eval_board_easyconf/production/_ext/1164207549/dhcps.o
 .sbss          0xa000037c        0xc build/32mx_wireless_eval_board_easyconf/production/_ext/1164207549/dnss.o
 .sbss          0xa0000388        0x8 build/32mx_wireless_eval_board_easyconf/production/_ext/510441119/system_init.o
                0xa0000388                sysCmdInit
 .sbss          0xa0000390        0xc build/32mx_wireless_eval_board_easyconf/production/_ext/510441119/system_exceptions.o
 .sbss          0xa000039c       0x14 build/32mx_wireless_eval_board_easyconf/production/_ext/1360937237/custom_http_app_easyconfig.o
 *(.scommon)
 .scommon       0xa00003b0       0x24 build/32mx_wireless_eval_board_easyconf/production/_ext/2108517555/MRF24J40.o
                0xa00003b0                tmpFrameCounter
                0xa00003b4                tmpSourceLongAddress
                0xa00003bc                MAC_PANID
                0xa00003c0                OutgoingFrameCounter
                0xa00003c4                MACInitParams
                0xa00003cc                MRF24J40Status
                0xa00003d0                myNetworkAddress
                0xa00003d2                IEEESeqNum
                0xa00003d3                MACCurrentChannel
 .scommon       0xa00003d4       0x44 build/32mx_wireless_eval_board_easyconf/production/_ext/1978374589/MiWiPRO.o
                0xa00003d4                MiWiPROStatus
                0xa00003d5                TxData
                0xa00003d8                tempLongAddress
                0xa00003e0                nvmDelayTick
                0xa00003e4                tempNodeStatus
                0xa00003e8                MiWiPROStateMachine
                0xa00003ec                myShortAddress
                0xa00003f0                RoutingTable
                0xa00003f4                MiWiPROCapacityInfo
                0xa00003f8                AcknowledgementAddr
                0xa00003fa                role
                0xa00003fc                MiWiPRONVMStatus
                0xa00003fd                ActiveScanResultIndex
                0xa00003fe                MiWiPROSeqNum
                0xa00003ff                myParent
                0xa0000400                tempShortAddress
                0xa0000404                myPANID
                0xa0000408                RoutingUpdateTick
                0xa000040c                tempPANID
                0xa0000410                tmpTick
                0xa0000414                backgroundTaskTick
 .scommon       0xa0000418       0x1a build/32mx_wireless_eval_board_easyconf/production/_ext/1562165165/NVM.o
                0xa0000418                nvmConnMode
                0xa000041a                nvmConnectionTable
                0xa000041c                nextEEPosition
                0xa000041e                nvmMyLongAddress
                0xa0000420                nvmOutFrameCounter
                0xa0000422                nvmMyShortAddress
                0xa0000424                nvmFamilyTree
                0xa0000426                nvmRole
                0xa0000428                nvmNeighborRoutingTable
                0xa000042a                nvmCurrentChannel
                0xa000042c                nvmMyParent
                0xa000042e                nvmMyPANID
                0xa0000430                nvmRoutingTable
 .scommon       0xa0000432        0x2 build/32mx_wireless_eval_board_easyconf/production/_ext/1562165165/SymbolTime.o
                0xa0000432                timerExtension1
                0xa0000433                timerExtension2
 .scommon       0xa0000434        0x8 build/32mx_wireless_eval_board_easyconf/production/_ext/1360937237/app_miwi.o
                0xa0000434                t1
                0xa0000438                t0
 .scommon       0xa000043c        0xc build/32mx_wireless_eval_board_easyconf/production/_ext/184581597/drv_nvm.o
                0xa000043c                gNVMGeometryTable
                0xa0000440                nvmClientObjMutex
                0xa0000441                nvmBufObjMutex
                0xa0000444                gDrvNVMMediaGeometry
 .scommon       0xa0000448        0x3 build/32mx_wireless_eval_board_easyconf/production/_ext/821589181/drv_usart.o
                0xa0000448                gDrvUSARTCommonDataObj
 *fill*         0xa000044b        0x1 
 .scommon       0xa000044c        0x8 build/32mx_wireless_eval_board_easyconf/production/_ext/1023149444/drv_wifi_event_handler.o
                0xa000044c                g_softAPEvent
 .scommon       0xa0000454        0x2 build/32mx_wireless_eval_board_easyconf/production/_ext/1023149444/drv_wifi_init.o
                0xa0000454                g_mgmt_base
 *fill*         0xa0000456        0x2 
 .scommon       0xa0000458        0x6 build/32mx_wireless_eval_board_easyconf/production/_ext/1023149444/drv_wifi_scan_helper.o
                0xa0000458                g_scanStatus
 *fill*         0xa000045e        0x2 
 .scommon       0xa0000460        0x4 build/32mx_wireless_eval_board_easyconf/production/_ext/2137108136/sys_debug.o
                0xa0000460                gblErrLvl
 .scommon       0xa0000464        0x8 build/32mx_wireless_eval_board_easyconf/production/_ext/482662494/sys_devcon.o
                0xa0000464                sysDevconObj
 .scommon       0xa000046c       0x19 build/32mx_wireless_eval_board_easyconf/production/_ext/1750042194/sys_fs.o
                0xa000046c                gSYSFSObj
                0xa0000474                mutexFileSystemObj
                0xa0000478                gSYSFSCurrentMountPoint
                0xa0000480                errorValue
                0xa0000484                mutexDirObj
 *fill*         0xa0000485        0x3 
 .scommon       0xa0000488        0x2 build/32mx_wireless_eval_board_easyconf/production/_ext/1750042194/sys_fs_media_manager.o
                0xa0000488                VolToPart
 *fill*         0xa000048a        0x2 
 .scommon       0xa000048c        0x4 build/32mx_wireless_eval_board_easyconf/production/_ext/1164207549/tcpip_commands.o
                0xa000048c                icmpStartTick
 .scommon       0xa0000490        0x3 build/32mx_wireless_eval_board_easyconf/production/_ext/1360937237/app_wifi_easyconfig.o
                0xa0000490                g_wifi_deviceInfo
 *fill*         0xa0000493        0x1 
 .scommon       0xa0000494        0x4 build/32mx_wireless_eval_board_easyconf/production/_ext/1164207549/dhcps.o
                0xa0000494                initTime
                0xa0000498                _sbss_end = .
                0xa0000498                . = ALIGN (0x4)

.bss            0xa0000498     0x3b24
 *(.dynbss)
 *(COMMON)
 COMMON         0xa0000498       0xda build/32mx_wireless_eval_board_easyconf/production/_ext/2108517555/MRF24J40.o
                0xa0000498                RxBuffer
 *fill*         0xa0000572        0x2 
 COMMON         0xa0000574      0x34c build/32mx_wireless_eval_board_easyconf/production/_ext/1978374589/MiWiPRO.o
                0xa0000574                FamilyTree
                0xa0000584                EnergyScanResults
                0xa00005a4                ConnectionTable
                0xa0000630                MACRxPacket
                0xa0000648                RouterFailures
                0xa0000658                IncomingFrameCounter
                0xa0000680                MTP
                0xa0000694                rxMessage
                0xa00006a4                ActiveScanResults
                0xa00006e4                FrequencyAgilityInfo
                0xa00006f0                openSocketInfo
                0xa000070c                RoutingUpdateCounter
                0xa000071c                PacketRecords
                0xa0000744                RandomSendInfo
                0xa00007a8                TxBuffer
                0xa00007f0                NeighborRoutingTable
                0xa0000810                indirectMessages
 COMMON         0xa00008c0       0x21 build/32mx_wireless_eval_board_easyconf/production/_ext/579833599/LCD_ST7032.o
                0xa00008c0                LCDText
 *fill*         0xa00008e1        0x3 
 COMMON         0xa00008e4        0xc build/32mx_wireless_eval_board_easyconf/production/_ext/1360937237/app.o
                0xa00008e4                appData
 COMMON         0xa00008f0        0xc build/32mx_wireless_eval_board_easyconf/production/_ext/1360937237/app_miwi.o
                0xa00008f0                app_miwiData
 COMMON         0xa00008fc      0x154 build/32mx_wireless_eval_board_easyconf/production/_ext/184581597/drv_nvm.o
                0xa00008fc                gDrvNVMObj
                0xa0000930                gDrvNVMBufferObject
                0xa0000a20                gDrvNVMClientObj
 COMMON         0xa0000a50       0xac build/32mx_wireless_eval_board_easyconf/production/_ext/821589181/drv_usart.o
                0xa0000a50                gDrvUSARTClientObj
                0xa0000a9c                gDrvUSARTObj
 COMMON         0xa0000afc      0x370 build/32mx_wireless_eval_board_easyconf/production/_ext/821589181/drv_usart_buffer_queue.o
                0xa0000afc                gDrvUSARTBufferObj
 COMMON         0xa0000e6c       0x62 build/32mx_wireless_eval_board_easyconf/production/_ext/1023149444/drv_wifi_event_handler.o
                0xa0000e6c                g_passphraseReady
 *fill*         0xa0000ece        0x2 
 COMMON         0xa0000ed0        0xa build/32mx_wireless_eval_board_easyconf/production/_ext/1023149444/drv_wifi_raw.o
                0xa0000ed0                RawMoveState
 *fill*         0xa0000eda        0x2 
 COMMON         0xa0000edc      0xb54 build/32mx_wireless_eval_board_easyconf/production/_ext/1023149444/drv_wifi_scan_helper.o
                0xa0000edc                g_scanResults
 COMMON         0xa0001a30       0x10 build/32mx_wireless_eval_board_easyconf/production/_ext/2137108136/sys_debug.o
                0xa0001a30                sysDebugInstance
 COMMON         0xa0001a40     0x1c34 build/32mx_wireless_eval_board_easyconf/production/_ext/1750042194/sys_fs.o
                0xa0001a40                gSYSFSFileObj
                0xa00034d0                gSYSFSDirObj
                0xa0003660                gSYSFSMountPoint
 COMMON         0xa0003674       0x48 build/32mx_wireless_eval_board_easyconf/production/_ext/1750042194/sys_fs_media_manager.o
                0xa0003674                gSYSFSMediaObject
                0xa00036a0                gSYSFSVolumeObject
 COMMON         0xa00036bc       0x10 build/32mx_wireless_eval_board_easyconf/production/_ext/614935175/mpfs.o
                0xa00036bc                mpfsObject
 COMMON         0xa00036cc      0x7d0 build/32mx_wireless_eval_board_easyconf/production/_ext/1164207549/tcpip_commands.o
                0xa00036cc                icmpPingBuff
 COMMON         0xa0003e9c       0xf4 build/32mx_wireless_eval_board_easyconf/production/_ext/1360937237/app_wifi_easyconfig.o
                0xa0003e9c                g_redirectionConfig
                0xa0003f24                g_wifi_cfg
 COMMON         0xa0003f90       0x2c build/32mx_wireless_eval_board_easyconf/production/_ext/510441119/system_init.o
                0xa0003f90                sysObj
                0xa0003fbc                . = ALIGN ((. != 0x0)?0x4:0x1)
                0xa0003fbc                . = ALIGN (0x4)
                0xa0003fbc                _end = .
                0xa0003fbc                _bss_end = .
                0x00020000                _bmxdudba_address = 0x20000
                0x00020000                _bmxdupba_address = 0x20000

/DISCARD/
 *(.pdr)
 *(.rel.dyn)
 *(.note.GNU-stack)
 *(.note.GNU-stack)
 *(.gnu_debuglink)
 *(.gnu.lto_*)
 *(.discard)

.gptab.sdata
 *(.gptab.data)
 *(.gptab.sdata)

.gptab.sbss
 *(.gptab.bss)
 *(.gptab.sbss)

.mdebug.abi32   0xa0003fbc        0x0
 *(.mdebug.abi32)
 .mdebug.abi32  0xa0003fbc        0x0 build/32mx_wireless_eval_board_easyconf/production/_ext/1360937237/bsp_delay.o
 .mdebug.abi32  0xa0003fbc        0x0 build/32mx_wireless_eval_board_easyconf/production/_ext/574161045/nvm_clear_error_lib.o
 .mdebug.abi32  0xa0003fbc        0x0 build/32mx_wireless_eval_board_easyconf/production/_ext/574161045/nvm_erase_page_lib.o
 .mdebug.abi32  0xa0003fbc        0x0 build/32mx_wireless_eval_board_easyconf/production/_ext/574161045/nvm_operation_lib.o
 .mdebug.abi32  0xa0003fbc        0x0 build/32mx_wireless_eval_board_easyconf/production/_ext/574161045/nvm_program_lib.o
 .mdebug.abi32  0xa0003fbc        0x0 build/32mx_wireless_eval_board_easyconf/production/_ext/574161045/nvm_write_row_lib.o
 .mdebug.abi32  0xa0003fbc        0x0 build/32mx_wireless_eval_board_easyconf/production/_ext/574161045/nvm_write_word_lib.o
 .mdebug.abi32  0xa0003fbc        0x0 build/32mx_wireless_eval_board_easyconf/production/_ext/574133884/spi_map_tbl_libp.o
 .mdebug.abi32  0xa0003fbc        0x0 build/32mx_wireless_eval_board_easyconf/production/_ext/574133884/spi_chn_getc_lib.o
 .mdebug.abi32  0xa0003fbc        0x0 build/32mx_wireless_eval_board_easyconf/production/_ext/574133884/spi_chn_putc_lib.o
 .mdebug.abi32  0xa0003fbc        0x0 build/32mx_wireless_eval_board_easyconf/production/_ext/2108517555/MRF24J40.o
 .mdebug.abi32  0xa0003fbc        0x0 build/32mx_wireless_eval_board_easyconf/production/_ext/1978374589/MiWiPRO.o
 .mdebug.abi32  0xa0003fbc        0x0 build/32mx_wireless_eval_board_easyconf/production/_ext/1562165165/NVM.o
 .mdebug.abi32  0xa0003fbc        0x0 build/32mx_wireless_eval_board_easyconf/production/_ext/1562165165/SymbolTime.o
 .mdebug.abi32  0xa0003fbc        0x0 build/32mx_wireless_eval_board_easyconf/production/_ext/1562165165/Console.o
 .mdebug.abi32  0xa0003fbc        0x0 build/32mx_wireless_eval_board_easyconf/production/_ext/1562165165/MSPI.o
 .mdebug.abi32  0xa0003fbc        0x0 build/32mx_wireless_eval_board_easyconf/production/_ext/1562165165/MiWiHelper.o
 .mdebug.abi32  0xa0003fbc        0x0 build/32mx_wireless_eval_board_easyconf/production/_ext/579833599/LCD_ST7032.o
 .mdebug.abi32  0xa0003fbc        0x0 build/32mx_wireless_eval_board_easyconf/production/_ext/579833599/UART.o
 .mdebug.abi32  0xa0003fbc        0x0 build/32mx_wireless_eval_board_easyconf/production/_ext/579833599/SPIEEPROM.o
 .mdebug.abi32  0xa0003fbc        0x0 build/32mx_wireless_eval_board_easyconf/production/_ext/579833599/SPIFlash.o
 .mdebug.abi32  0xa0003fbc        0x0 build/32mx_wireless_eval_board_easyconf/production/_ext/579833599/DemoOutput.o
 .mdebug.abi32  0xa0003fbc        0x0 build/32mx_wireless_eval_board_easyconf/production/_ext/1360937237/main.o
 .mdebug.abi32  0xa0003fbc        0x0 build/32mx_wireless_eval_board_easyconf/production/_ext/1360937237/app.o
 .mdebug.abi32  0xa0003fbc        0x0 build/32mx_wireless_eval_board_easyconf/production/_ext/1360937237/http_print.o
 .mdebug.abi32  0xa0003fbc        0x0 build/32mx_wireless_eval_board_easyconf/production/_ext/1360937237/mpfs_img2.o
 .mdebug.abi32  0xa0003fbc        0x0 build/32mx_wireless_eval_board_easyconf/production/_ext/1360937237/app_miwi.o
 .mdebug.abi32  0xa0003fbc        0x0 build/32mx_wireless_eval_board_easyconf/production/_ext/184581597/drv_nvm.o
 .mdebug.abi32  0xa0003fbc        0x0 build/32mx_wireless_eval_board_easyconf/production/_ext/184581597/drv_nvm_erasewrite.o
 .mdebug.abi32  0xa0003fbc        0x0 build/32mx_wireless_eval_board_easyconf/production/_ext/1324760662/drv_spi.o
 .mdebug.abi32  0xa0003fbc        0x0 build/32mx_wireless_eval_board_easyconf/production/_ext/1385053818/drv_spi_sys_queue_fifo.o
 .mdebug.abi32  0xa0003fbc        0x0 build/32mx_wireless_eval_board_easyconf/production/_ext/941160041/drv_tmr.o
 .mdebug.abi32  0xa0003fbc        0x0 build/32mx_wireless_eval_board_easyconf/production/_ext/821589181/drv_usart.o
 .mdebug.abi32  0xa0003fbc        0x0 build/32mx_wireless_eval_board_easyconf/production/_ext/821589181/drv_usart_buffer_queue.o
 .mdebug.abi32  0xa0003fbc        0x0 build/32mx_wireless_eval_board_easyconf/production/_ext/821589181/drv_usart_read_write.o
 .mdebug.abi32  0xa0003fbc        0x0 build/32mx_wireless_eval_board_easyconf/production/_ext/1023149444/drv_wifi_com.o
 .mdebug.abi32  0xa0003fbc        0x0 build/32mx_wireless_eval_board_easyconf/production/_ext/1023149444/drv_wifi_commands.o
 .mdebug.abi32  0xa0003fbc        0x0 build/32mx_wireless_eval_board_easyconf/production/_ext/1023149444/drv_wifi_config_data.o
 .mdebug.abi32  0xa0003fbc        0x0 build/32mx_wireless_eval_board_easyconf/production/_ext/1023149444/drv_wifi_connection_algorithm.o
 .mdebug.abi32  0xa0003fbc        0x0 build/32mx_wireless_eval_board_easyconf/production/_ext/1023149444/drv_wifi_connection_manager.o
 .mdebug.abi32  0xa0003fbc        0x0 build/32mx_wireless_eval_board_easyconf/production/_ext/1023149444/drv_wifi_connection_profile.o
 .mdebug.abi32  0xa0003fbc        0x0 build/32mx_wireless_eval_board_easyconf/production/_ext/1023149444/drv_wifi_context_loader.o
 .mdebug.abi32  0xa0003fbc        0x0 build/32mx_wireless_eval_board_easyconf/production/_ext/1023149444/drv_wifi_debug_output.o
 .mdebug.abi32  0xa0003fbc        0x0 build/32mx_wireless_eval_board_easyconf/production/_ext/1023149444/drv_wifi_eint.o
 .mdebug.abi32  0xa0003fbc        0x0 build/32mx_wireless_eval_board_easyconf/production/_ext/1023149444/drv_wifi_events.o
 .mdebug.abi32  0xa0003fbc        0x0 build/32mx_wireless_eval_board_easyconf/production/_ext/1023149444/drv_wifi_event_handler.o
 .mdebug.abi32  0xa0003fbc        0x0 build/32mx_wireless_eval_board_easyconf/production/_ext/1023149444/drv_wifi_init.o
 .mdebug.abi32  0xa0003fbc        0x0 build/32mx_wireless_eval_board_easyconf/production/_ext/1023149444/drv_wifi_iwpriv.o
 .mdebug.abi32  0xa0003fbc        0x0 build/32mx_wireless_eval_board_easyconf/production/_ext/1023149444/drv_wifi_mac.o
 .mdebug.abi32  0xa0003fbc        0x0 build/32mx_wireless_eval_board_easyconf/production/_ext/1023149444/drv_wifi_main.o
 .mdebug.abi32  0xa0003fbc        0x0 build/32mx_wireless_eval_board_easyconf/production/_ext/1023149444/drv_wifi_mgmt_msg.o
 .mdebug.abi32  0xa0003fbc        0x0 build/32mx_wireless_eval_board_easyconf/production/_ext/1023149444/drv_wifi_param_msg.o
 .mdebug.abi32  0xa0003fbc        0x0 build/32mx_wireless_eval_board_easyconf/production/_ext/1023149444/drv_wifi_pbkdf2.o
 .mdebug.abi32  0xa0003fbc        0x0 build/32mx_wireless_eval_board_easyconf/production/_ext/1023149444/drv_wifi_power_save.o
 .mdebug.abi32  0xa0003fbc        0x0 build/32mx_wireless_eval_board_easyconf/production/_ext/1023149444/drv_wifi_raw.o
 .mdebug.abi32  0xa0003fbc        0x0 build/32mx_wireless_eval_board_easyconf/production/_ext/1023149444/drv_wifi_scan.o
 .mdebug.abi32  0xa0003fbc        0x0 build/32mx_wireless_eval_board_easyconf/production/_ext/1023149444/drv_wifi_scan_helper.o
 .mdebug.abi32  0xa0003fbc        0x0 build/32mx_wireless_eval_board_easyconf/production/_ext/1023149444/drv_wifi_softap_client_cache.o
 .mdebug.abi32  0xa0003fbc        0x0 build/32mx_wireless_eval_board_easyconf/production/_ext/1023149444/drv_wifi_spi.o
 .mdebug.abi32  0xa0003fbc        0x0 build/32mx_wireless_eval_board_easyconf/production/_ext/1023149444/drv_wifi_tx_power.o
 .mdebug.abi32  0xa0003fbc        0x0 build/32mx_wireless_eval_board_easyconf/production/_ext/1891376032/sys_command.o
 .mdebug.abi32  0xa0003fbc        0x0 build/32mx_wireless_eval_board_easyconf/production/_ext/598853952/sys_buffer.o
 .mdebug.abi32  0xa0003fbc        0x0 build/32mx_wireless_eval_board_easyconf/production/_ext/598853952/sys_queue.o
 .mdebug.abi32  0xa0003fbc        0x0 build/32mx_wireless_eval_board_easyconf/production/_ext/1434663852/sys_console.o
 .mdebug.abi32  0xa0003fbc        0x0 build/32mx_wireless_eval_board_easyconf/production/_ext/1434663852/sys_console_uart.o
 .mdebug.abi32  0xa0003fbc        0x0 build/32mx_wireless_eval_board_easyconf/production/_ext/2137108136/sys_debug.o
 .mdebug.abi32  0xa0003fbc        0x0 build/32mx_wireless_eval_board_easyconf/production/_ext/482662494/sys_devcon.o
 .mdebug.abi32  0xa0003fbc        0x0 build/32mx_wireless_eval_board_easyconf/production/_ext/482662494/sys_devcon_pic32mx.o
 .mdebug.abi32  0xa0003fbc        0x0 build/32mx_wireless_eval_board_easyconf/production/_ext/1750042194/sys_fs.o
 .mdebug.abi32  0xa0003fbc        0x0 build/32mx_wireless_eval_board_easyconf/production/_ext/1750042194/sys_fs_media_manager.o
 .mdebug.abi32  0xa0003fbc        0x0 build/32mx_wireless_eval_board_easyconf/production/_ext/614935175/mpfs.o
 .mdebug.abi32  0xa0003fbc        0x0 build/32mx_wireless_eval_board_easyconf/production/_ext/1042686532/sys_int_pic32.o
 .mdebug.abi32  0xa0003fbc        0x0 build/32mx_wireless_eval_board_easyconf/production/_ext/470001640/sys_random.o
 .mdebug.abi32  0xa0003fbc        0x0 build/32mx_wireless_eval_board_easyconf/production/_ext/64182180/sys_reset.o
 .mdebug.abi32  0xa0003fbc        0x0 build/32mx_wireless_eval_board_easyconf/production/_ext/2110151058/sys_tmr.o
 .mdebug.abi32  0xa0003fbc        0x0 build/32mx_wireless_eval_board_easyconf/production/_ext/1886247299/sys_fs_wrapper.o
 .mdebug.abi32  0xa0003fbc        0x0 build/32mx_wireless_eval_board_easyconf/production/_ext/1886247299/helpers.o
 .mdebug.abi32  0xa0003fbc        0x0 build/32mx_wireless_eval_board_easyconf/production/_ext/1164207549/tcp.o
 .mdebug.abi32  0xa0003fbc        0x0 build/32mx_wireless_eval_board_easyconf/production/_ext/1164207549/udp.o
 .mdebug.abi32  0xa0003fbc        0x0 build/32mx_wireless_eval_board_easyconf/production/_ext/1164207549/tcpip_heap_alloc.o
 .mdebug.abi32  0xa0003fbc        0x0 build/32mx_wireless_eval_board_easyconf/production/_ext/1164207549/tcpip_heap_internal.o
 .mdebug.abi32  0xa0003fbc        0x0 build/32mx_wireless_eval_board_easyconf/production/_ext/1164207549/arp.o
 .mdebug.abi32  0xa0003fbc        0x0 build/32mx_wireless_eval_board_easyconf/production/_ext/1164207549/dhcp.o
 .mdebug.abi32  0xa0003fbc        0x0 build/32mx_wireless_eval_board_easyconf/production/_ext/1164207549/http.o
 .mdebug.abi32  0xa0003fbc        0x0 build/32mx_wireless_eval_board_easyconf/production/_ext/1164207549/icmp.o
 .mdebug.abi32  0xa0003fbc        0x0 build/32mx_wireless_eval_board_easyconf/production/_ext/1164207549/nbns.o
 .mdebug.abi32  0xa0003fbc        0x0 build/32mx_wireless_eval_board_easyconf/production/_ext/1164207549/zero_conf_helper.o
 .mdebug.abi32  0xa0003fbc        0x0 build/32mx_wireless_eval_board_easyconf/production/_ext/1164207549/zero_conf_link_local.o
 .mdebug.abi32  0xa0003fbc        0x0 build/32mx_wireless_eval_board_easyconf/production/_ext/1164207549/zero_conf_multicast_dns.o
 .mdebug.abi32  0xa0003fbc        0x0 build/32mx_wireless_eval_board_easyconf/production/_ext/1164207549/tcpip_commands.o
 .mdebug.abi32  0xa0003fbc        0x0 build/32mx_wireless_eval_board_easyconf/production/_ext/1164207549/hash_fnv.o
 .mdebug.abi32  0xa0003fbc        0x0 build/32mx_wireless_eval_board_easyconf/production/_ext/1164207549/oahash.o
 .mdebug.abi32  0xa0003fbc        0x0 build/32mx_wireless_eval_board_easyconf/production/_ext/1164207549/tcpip_helpers.o
 .mdebug.abi32  0xa0003fbc        0x0 build/32mx_wireless_eval_board_easyconf/production/_ext/1164207549/tcpip_manager.o
 .mdebug.abi32  0xa0003fbc        0x0 build/32mx_wireless_eval_board_easyconf/production/_ext/1164207549/tcpip_notify.o
 .mdebug.abi32  0xa0003fbc        0x0 build/32mx_wireless_eval_board_easyconf/production/_ext/1164207549/tcpip_packet.o
 .mdebug.abi32  0xa0003fbc        0x0 build/32mx_wireless_eval_board_easyconf/production/_ext/1164207549/ipv4.o
 .mdebug.abi32  0xa0003fbc        0x0 build/32mx_wireless_eval_board_easyconf/production/_ext/1164207549/dns.o
 .mdebug.abi32  0xa0003fbc        0x0 build/32mx_wireless_eval_board_easyconf/production/_ext/1164207549/tcpip_announce.o
 .mdebug.abi32  0xa0003fbc        0x0 build/32mx_wireless_eval_board_easyconf/production/_ext/1360937237/app_wifi_easyconfig.o
 .mdebug.abi32  0xa0003fbc        0x0 build/32mx_wireless_eval_board_easyconf/production/_ext/1360937237/app_commands.o
 .mdebug.abi32  0xa0003fbc        0x0 build/32mx_wireless_eval_board_easyconf/production/_ext/1164207549/sntp.o
 .mdebug.abi32  0xa0003fbc        0x0 build/32mx_wireless_eval_board_easyconf/production/_ext/1164207549/dhcps.o
 .mdebug.abi32  0xa0003fbc        0x0 build/32mx_wireless_eval_board_easyconf/production/_ext/1164207549/dnss.o
 .mdebug.abi32  0xa0003fbc        0x0 build/32mx_wireless_eval_board_easyconf/production/_ext/855150742/drv_spi_tasks.o
 .mdebug.abi32  0xa0003fbc        0x0 build/32mx_wireless_eval_board_easyconf/production/_ext/855150742/drv_spi_api.o
 .mdebug.abi32  0xa0003fbc        0x0 build/32mx_wireless_eval_board_easyconf/production/_ext/855150742/drv_spi_master_ebm_tasks.o
 .mdebug.abi32  0xa0003fbc        0x0 build/32mx_wireless_eval_board_easyconf/production/_ext/855150742/drv_spi_master_rm_tasks.o
 .mdebug.abi32  0xa0003fbc        0x0 build/32mx_wireless_eval_board_easyconf/production/_ext/964341048/sys_clk_static.o
 .mdebug.abi32  0xa0003fbc        0x0 build/32mx_wireless_eval_board_easyconf/production/_ext/1821196264/sys_ports_static.o
 .mdebug.abi32  0xa0003fbc        0x0 build/32mx_wireless_eval_board_easyconf/production/_ext/368650959/bsp.o
 .mdebug.abi32  0xa0003fbc        0x0 build/32mx_wireless_eval_board_easyconf/production/_ext/510441119/system_init.o
 .mdebug.abi32  0xa0003fbc        0x0 build/32mx_wireless_eval_board_easyconf/production/_ext/510441119/system_interrupt.o
 .mdebug.abi32  0xa0003fbc        0x0 build/32mx_wireless_eval_board_easyconf/production/_ext/510441119/system_exceptions.o
 .mdebug.abi32  0xa0003fbc        0x0 build/32mx_wireless_eval_board_easyconf/production/_ext/510441119/system_tasks.o
 .mdebug.abi32  0xa0003fbc        0x0 build/32mx_wireless_eval_board_easyconf/production/_ext/1360937237/custom_http_app_easyconfig.o
 .mdebug.abi32  0xa0003fbc        0x0 c:/program files (x86)/microchip/xc32/v1.40/bin/bin/../../lib/gcc/pic32mx/4.8.3/../../../../pic32mx/lib\libmchp_peripheral_32MX695F512L.a(int_disable_interrupts_lib.o)
 .mdebug.abi32  0xa0003fbc        0x0 c:/program files (x86)/microchip/xc32/v1.40/bin/bin/../../lib/gcc/pic32mx/4.8.3/../../../../pic32mx/lib\libmchp_peripheral_32MX695F512L.a(int_restore_interrupts_lib.o)
 .mdebug.abi32  0xa0003fbc        0x0 c:/program files (x86)/microchip/xc32/v1.40/bin/bin/../../lib/gcc/pic32mx/4.8.3/../../../../pic32mx/lib\libmchp_peripheral_32MX695F512L.a(spi_getc_spi1_lib_legacy.o)
 .mdebug.abi32  0xa0003fbc        0x0 c:/program files (x86)/microchip/xc32/v1.40/bin/bin/../../lib/gcc/pic32mx/4.8.3/../../../../pic32mx/lib\libmchp_peripheral_32MX695F512L.a(spi_getc_spi2_lib_legacy.o)
 .mdebug.abi32  0xa0003fbc        0x0 c:/program files (x86)/microchip/xc32/v1.40/bin/bin/../../lib/gcc/pic32mx/4.8.3\libgcc.a(_udivdi3.o)
 .mdebug.abi32  0xa0003fbc        0x0 c:/program files (x86)/microchip/xc32/v1.40/bin/bin/../../lib/gcc/pic32mx/4.8.3/../../../../pic32mx/lib\libpic32.a(default-bootstrap-exception-handler.o)
 .mdebug.abi32  0xa0003fbc        0x0 c:/program files (x86)/microchip/xc32/v1.40/bin/bin/../../lib/gcc/pic32mx/4.8.3/../../../../pic32mx/lib\libpic32.a(default-on-reset.o)
 .mdebug.abi32  0xa0003fbc        0x0 c:/program files (x86)/microchip/xc32/v1.40/bin/bin/../../lib/gcc/pic32mx/4.8.3/../../../../pic32mx/lib\libpic32.a(default-on-bootstrap.o)
 .mdebug.abi32  0xa0003fbc        0x0 c:/program files (x86)/microchip/xc32/v1.40/bin/bin/../../lib/gcc/pic32mx/4.8.3/../../../../pic32mx/lib\libpic32.a(defaultinterrupt.o)
 .mdebug.abi32  0xa0003fbc        0x0 c:/program files (x86)/microchip/xc32/v1.40/bin/bin/../../lib/gcc/pic32mx/4.8.3/../../../../pic32mx/lib\libc.a(atoi.o)
 .mdebug.abi32  0xa0003fbc        0x0 c:/program files (x86)/microchip/xc32/v1.40/bin/bin/../../lib/gcc/pic32mx/4.8.3/../../../../pic32mx/lib\libc.a(atol.o)
 .mdebug.abi32  0xa0003fbc        0x0 c:/program files (x86)/microchip/xc32/v1.40/bin/bin/../../lib/gcc/pic32mx/4.8.3/../../../../pic32mx/lib\libc.a(calloc.o)
 .mdebug.abi32  0xa0003fbc        0x0 c:/program files (x86)/microchip/xc32/v1.40/bin/bin/../../lib/gcc/pic32mx/4.8.3/../../../../pic32mx/lib\libc.a(ctype.o)
 .mdebug.abi32  0xa0003fbc        0x0 c:/program files (x86)/microchip/xc32/v1.40/bin/bin/../../lib/gcc/pic32mx/4.8.3/../../../../pic32mx/lib\libc.a(ctypef.o)
 .mdebug.abi32  0xa0003fbc        0x0 c:/program files (x86)/microchip/xc32/v1.40/bin/bin/../../lib/gcc/pic32mx/4.8.3/../../../../pic32mx/lib\libc.a(malloc.o)
 .mdebug.abi32  0xa0003fbc        0x0 c:/program files (x86)/microchip/xc32/v1.40/bin/bin/../../lib/gcc/pic32mx/4.8.3/../../../../pic32mx/lib\libc.a(rand.o)
 .mdebug.abi32  0xa0003fbc        0x0 c:/program files (x86)/microchip/xc32/v1.40/bin/bin/../../lib/gcc/pic32mx/4.8.3/../../../../pic32mx/lib\libc.a(strcat.o)
 .mdebug.abi32  0xa0003fbc        0x0 c:/program files (x86)/microchip/xc32/v1.40/bin/bin/../../lib/gcc/pic32mx/4.8.3/../../../../pic32mx/lib\libc.a(strchr.o)
 .mdebug.abi32  0xa0003fbc        0x0 c:/program files (x86)/microchip/xc32/v1.40/bin/bin/../../lib/gcc/pic32mx/4.8.3/../../../../pic32mx/lib\libc.a(strncat.o)
 .mdebug.abi32  0xa0003fbc        0x0 c:/program files (x86)/microchip/xc32/v1.40/bin/bin/../../lib/gcc/pic32mx/4.8.3/../../../../pic32mx/lib\libc.a(strncmp.o)
 .mdebug.abi32  0xa0003fbc        0x0 c:/program files (x86)/microchip/xc32/v1.40/bin/bin/../../lib/gcc/pic32mx/4.8.3/../../../../pic32mx/lib\libc.a(strncpy.o)
 .mdebug.abi32  0xa0003fbc        0x0 c:/program files (x86)/microchip/xc32/v1.40/bin/bin/../../lib/gcc/pic32mx/4.8.3/../../../../pic32mx/lib\libc.a(strtol.o)
 .mdebug.abi32  0xa0003fbc        0x0 c:/program files (x86)/microchip/xc32/v1.40/bin/bin/../../lib/gcc/pic32mx/4.8.3/../../../../pic32mx/lib\libc.a(sprintf_cdnopuxX.eo)
 .mdebug.abi32  0xa0003fbc        0x0 c:/program files (x86)/microchip/xc32/v1.40/bin/bin/../../lib/gcc/pic32mx/4.8.3/../../../../pic32mx/lib\libc.a(sprintf.o)
 .mdebug.abi32  0xa0003fbc        0x0 c:/program files (x86)/microchip/xc32/v1.40/bin/bin/../../lib/gcc/pic32mx/4.8.3/../../../../pic32mx/lib\libc.a(sscanf_cdnopuxX.eo)
 .mdebug.abi32  0xa0003fbc        0x0 c:/program files (x86)/microchip/xc32/v1.40/bin/bin/../../lib/gcc/pic32mx/4.8.3/../../../../pic32mx/lib\libc.a(vsnprintf.o)
 .mdebug.abi32  0xa0003fbc        0x0 c:/program files (x86)/microchip/xc32/v1.40/bin/bin/../../lib/gcc/pic32mx/4.8.3/../../../../pic32mx/lib\libc.a(errno.o)
 .mdebug.abi32  0xa0003fbc        0x0 c:/program files (x86)/microchip/xc32/v1.40/bin/bin/../../lib/gcc/pic32mx/4.8.3/../../../../pic32mx/lib\libc.a(doprnt_cdnopuxX.eo)
 .mdebug.abi32  0xa0003fbc        0x0 c:/program files (x86)/microchip/xc32/v1.40/bin/bin/../../lib/gcc/pic32mx/4.8.3/../../../../pic32mx/lib\libc.a(doprnt.o)
 .mdebug.abi32  0xa0003fbc        0x0 c:/program files (x86)/microchip/xc32/v1.40/bin/bin/../../lib/gcc/pic32mx/4.8.3/../../../../pic32mx/lib\libc.a(doscan_cdnopuxX.eo)
 .mdebug.abi32  0xa0003fbc        0x0 c:/program files (x86)/microchip/xc32/v1.40/bin/bin/../../lib/gcc/pic32mx/4.8.3/../../../../pic32mx/lib\libc.a(fgetc.o)
 .mdebug.abi32  0xa0003fbc        0x0 c:/program files (x86)/microchip/xc32/v1.40/bin/bin/../../lib/gcc/pic32mx/4.8.3/../../../../pic32mx/lib\libc.a(_fputc_simple.o)
 .mdebug.abi32  0xa0003fbc        0x0 c:/program files (x86)/microchip/xc32/v1.40/bin/bin/../../lib/gcc/pic32mx/4.8.3/../../../../pic32mx/lib\libc.a(powersf.o)
 .mdebug.abi32  0xa0003fbc        0x0 c:/program files (x86)/microchip/xc32/v1.40/bin/bin/../../lib/gcc/pic32mx/4.8.3/../../../../pic32mx/lib\libc.a(ungetc.o)
 .mdebug.abi32  0xa0003fbc        0x0 c:/program files (x86)/microchip/xc32/v1.40/bin/bin/../../lib/gcc/pic32mx/4.8.3/../../../../pic32mx/lib\libc.a(_iob.o)
 .mdebug.abi32  0xa0003fbc        0x0 c:/program files (x86)/microchip/xc32/v1.40/bin/bin/../../lib/gcc/pic32mx/4.8.3/../../../../pic32mx/lib\libc.a(filbuf.o)
 .mdebug.abi32  0xa0003fbc        0x0 c:/program files (x86)/microchip/xc32/v1.40/bin/bin/../../lib/gcc/pic32mx/4.8.3/../../../../pic32mx/lib\libc.a(_flsbuf_simple.o)
 .mdebug.abi32  0xa0003fbc        0x0 c:/program files (x86)/microchip/xc32/v1.40/bin/bin/../../lib/gcc/pic32mx/4.8.3/../../../../pic32mx/lib\libc.a(fflush.o)
 .mdebug.abi32  0xa0003fbc        0x0 c:/program files (x86)/microchip/xc32/v1.40/bin/bin/../../lib/gcc/pic32mx/4.8.3/../../../../pic32mx/lib\libpic32.a(sbrk.o)
 .mdebug.abi32  0xa0003fbc        0x0 c:/program files (x86)/microchip/xc32/v1.40/bin/bin/../../lib/gcc/pic32mx/4.8.3/../../../../pic32mx/lib\libpic32.a(read.o)
 .mdebug.abi32  0xa0003fbc        0x0 c:/program files (x86)/microchip/xc32/v1.40/bin/bin/../../lib/gcc/pic32mx/4.8.3/../../../../pic32mx/lib\libpic32.a(write.o)
 .mdebug.abi32  0xa0003fbc        0x0 c:/program files (x86)/microchip/xc32/v1.40/bin/bin/../../lib/gcc/pic32mx/4.8.3/../../../../pic32mx/lib\libpic32.a(xc32_uart.o)
 .mdebug.abi32  0xa0003fbc        0x0 c:/program files (x86)/microchip/xc32/v1.40/bin/bin/../../lib/gcc/pic32mx/4.8.3/../../../../pic32mx/lib\libpic32.a(_mon_putc.o)
 .mdebug.abi32  0xa0003fbc        0x0 c:/program files (x86)/microchip/xc32/v1.40/bin/bin/../../lib/gcc/pic32mx/4.8.3/../../../../pic32mx/lib\libe.a(_floatdisf.o)
 .mdebug.abi32  0xa0003fbc        0x0 c:/program files (x86)/microchip/xc32/v1.40/bin/bin/../../lib/gcc/pic32mx/4.8.3\libgcc.a(_umoddi3.o)
 .mdebug.abi32  0xa0003fbc        0x0 c:/program files (x86)/microchip/xc32/v1.40/bin/bin/../../lib/gcc/pic32mx/4.8.3\libgcc.a(floatunsisf.o)

.mdebug.abiN32
 *(.mdebug.abiN32)

.mdebug.abi64
 *(.mdebug.abi64)

.mdebug.abiO64
 *(.mdebug.abiO64)

.mdebug.eabi32
 *(.mdebug.eabi32)

.mdebug.eabi64
 *(.mdebug.eabi64)

.gcc_compiled_long32
 *(.gcc_compiled_long32)

.gcc_compiled_long64
 *(.gcc_compiled_long64)

.stab
 *(.stab)

.stabstr
 *(.stabstr)

.stab.excl
 *(.stab.excl)

.stab.exclstr
 *(.stab.exclstr)

.stab.index
 *(.stab.index)

.stab.indexstr
 *(.stab.indexstr)

.comment        0x00000000      0x279
 *(.comment)
 .comment       0x00000000       0x3c build/32mx_wireless_eval_board_easyconf/production/_ext/1360937237/bsp_delay.o
                                 0x3d (size before relaxing)
 .comment       0x00000000       0x3d build/32mx_wireless_eval_board_easyconf/production/_ext/574161045/nvm_clear_error_lib.o
 .comment       0x00000000       0x3d build/32mx_wireless_eval_board_easyconf/production/_ext/574161045/nvm_erase_page_lib.o
 .comment       0x00000000       0x3d build/32mx_wireless_eval_board_easyconf/production/_ext/574161045/nvm_operation_lib.o
 .comment       0x00000000       0x3d build/32mx_wireless_eval_board_easyconf/production/_ext/574161045/nvm_program_lib.o
 .comment       0x00000000       0x3d build/32mx_wireless_eval_board_easyconf/production/_ext/574161045/nvm_write_row_lib.o
 .comment       0x00000000       0x3d build/32mx_wireless_eval_board_easyconf/production/_ext/574161045/nvm_write_word_lib.o
 .comment       0x00000000       0x3d build/32mx_wireless_eval_board_easyconf/production/_ext/574133884/spi_map_tbl_libp.o
 .comment       0x00000000       0x3d build/32mx_wireless_eval_board_easyconf/production/_ext/574133884/spi_chn_getc_lib.o
 .comment       0x00000000       0x3d build/32mx_wireless_eval_board_easyconf/production/_ext/574133884/spi_chn_putc_lib.o
 .comment       0x00000000       0x3d build/32mx_wireless_eval_board_easyconf/production/_ext/2108517555/MRF24J40.o
 .comment       0x00000000       0x3d build/32mx_wireless_eval_board_easyconf/production/_ext/1978374589/MiWiPRO.o
 .comment       0x00000000       0x3d build/32mx_wireless_eval_board_easyconf/production/_ext/1562165165/NVM.o
 .comment       0x00000000       0x3d build/32mx_wireless_eval_board_easyconf/production/_ext/1562165165/SymbolTime.o
 .comment       0x00000000       0x3d build/32mx_wireless_eval_board_easyconf/production/_ext/1562165165/Console.o
 .comment       0x00000000       0x3d build/32mx_wireless_eval_board_easyconf/production/_ext/1562165165/MSPI.o
 .comment       0x00000000       0x3d build/32mx_wireless_eval_board_easyconf/production/_ext/1562165165/MiWiHelper.o
 .comment       0x00000000       0x3d build/32mx_wireless_eval_board_easyconf/production/_ext/579833599/LCD_ST7032.o
 .comment       0x00000000       0x3d build/32mx_wireless_eval_board_easyconf/production/_ext/579833599/UART.o
 .comment       0x00000000       0x3d build/32mx_wireless_eval_board_easyconf/production/_ext/579833599/SPIEEPROM.o
 .comment       0x00000000       0x3d build/32mx_wireless_eval_board_easyconf/production/_ext/579833599/SPIFlash.o
 .comment       0x00000000       0x3d build/32mx_wireless_eval_board_easyconf/production/_ext/579833599/DemoOutput.o
 .comment       0x00000000       0x3d build/32mx_wireless_eval_board_easyconf/production/_ext/1360937237/main.o
 .comment       0x00000000       0x3d build/32mx_wireless_eval_board_easyconf/production/_ext/1360937237/app.o
 .comment       0x00000000       0x3d build/32mx_wireless_eval_board_easyconf/production/_ext/1360937237/http_print.o
 .comment       0x00000000       0x3d build/32mx_wireless_eval_board_easyconf/production/_ext/1360937237/mpfs_img2.o
 .comment       0x00000000       0x3d build/32mx_wireless_eval_board_easyconf/production/_ext/1360937237/app_miwi.o
 .comment       0x00000000       0x3d build/32mx_wireless_eval_board_easyconf/production/_ext/184581597/drv_nvm.o
 .comment       0x00000000       0x3d build/32mx_wireless_eval_board_easyconf/production/_ext/184581597/drv_nvm_erasewrite.o
 .comment       0x00000000       0x3d build/32mx_wireless_eval_board_easyconf/production/_ext/1324760662/drv_spi.o
 .comment       0x00000000       0x3d build/32mx_wireless_eval_board_easyconf/production/_ext/1385053818/drv_spi_sys_queue_fifo.o
 .comment       0x00000000       0x3d build/32mx_wireless_eval_board_easyconf/production/_ext/941160041/drv_tmr.o
 .comment       0x00000000       0x3d build/32mx_wireless_eval_board_easyconf/production/_ext/821589181/drv_usart.o
 .comment       0x00000000       0x3d build/32mx_wireless_eval_board_easyconf/production/_ext/821589181/drv_usart_buffer_queue.o
 .comment       0x00000000       0x3d build/32mx_wireless_eval_board_easyconf/production/_ext/821589181/drv_usart_read_write.o
 .comment       0x00000000       0x3d build/32mx_wireless_eval_board_easyconf/production/_ext/1023149444/drv_wifi_com.o
 .comment       0x00000000       0x3d build/32mx_wireless_eval_board_easyconf/production/_ext/1023149444/drv_wifi_commands.o
 .comment       0x00000000       0x3d build/32mx_wireless_eval_board_easyconf/production/_ext/1023149444/drv_wifi_config_data.o
 .comment       0x00000000       0x3d build/32mx_wireless_eval_board_easyconf/production/_ext/1023149444/drv_wifi_connection_algorithm.o
 .comment       0x00000000       0x3d build/32mx_wireless_eval_board_easyconf/production/_ext/1023149444/drv_wifi_connection_manager.o
 .comment       0x00000000       0x3d build/32mx_wireless_eval_board_easyconf/production/_ext/1023149444/drv_wifi_connection_profile.o
 .comment       0x00000000       0x3d build/32mx_wireless_eval_board_easyconf/production/_ext/1023149444/drv_wifi_context_loader.o
 .comment       0x00000000       0x3d build/32mx_wireless_eval_board_easyconf/production/_ext/1023149444/drv_wifi_debug_output.o
 .comment       0x00000000       0x3d build/32mx_wireless_eval_board_easyconf/production/_ext/1023149444/drv_wifi_eint.o
 .comment       0x00000000       0x3d build/32mx_wireless_eval_board_easyconf/production/_ext/1023149444/drv_wifi_events.o
 .comment       0x00000000       0x3d build/32mx_wireless_eval_board_easyconf/production/_ext/1023149444/drv_wifi_event_handler.o
 .comment       0x00000000       0x3d build/32mx_wireless_eval_board_easyconf/production/_ext/1023149444/drv_wifi_init.o
 .comment       0x00000000       0x3d build/32mx_wireless_eval_board_easyconf/production/_ext/1023149444/drv_wifi_iwpriv.o
 .comment       0x00000000       0x3d build/32mx_wireless_eval_board_easyconf/production/_ext/1023149444/drv_wifi_mac.o